Component: ARM Compiler 5.06 update 6 (build 750) Tool: armlink [4d35ed]

==============================================================================

Section Cross References

    startup_stm32f103xb.o(RESET) refers to startup_stm32f103xb.o(STACK) for __initial_sp
    startup_stm32f103xb.o(RESET) refers to startup_stm32f103xb.o(.text) for Reset_Handler
    startup_stm32f103xb.o(RESET) refers to stm32f1xx_it.o(i.NMI_Handler) for NMI_Handler
    startup_stm32f103xb.o(RESET) refers to stm32f1xx_it.o(i.HardFault_Handler) for HardFault_Handler
    startup_stm32f103xb.o(RESET) refers to stm32f1xx_it.o(i.MemManage_Handler) for MemManage_Handler
    startup_stm32f103xb.o(RESET) refers to stm32f1xx_it.o(i.BusFault_Handler) for BusFault_Handler
    startup_stm32f103xb.o(RESET) refers to stm32f1xx_it.o(i.UsageFault_Handler) for UsageFault_Handler
    startup_stm32f103xb.o(RESET) refers to stm32f1xx_it.o(i.SVC_Handler) for SVC_Handler
    startup_stm32f103xb.o(RESET) refers to stm32f1xx_it.o(i.DebugMon_Handler) for DebugMon_Handler
    startup_stm32f103xb.o(RESET) refers to stm32f1xx_it.o(i.PendSV_Handler) for PendSV_Handler
    startup_stm32f103xb.o(RESET) refers to stm32f1xx_it.o(i.SysTick_Handler) for SysTick_Handler
    startup_stm32f103xb.o(RESET) refers to stm32f1xx_it.o(i.EXTI1_IRQHandler) for EXTI1_IRQHandler
    startup_stm32f103xb.o(RESET) refers to stm32f1xx_it.o(i.DMA1_Channel1_IRQHandler) for DMA1_Channel1_IRQHandler
    startup_stm32f103xb.o(.text) refers to system_stm32f1xx.o(i.SystemInit) for SystemInit
    startup_stm32f103xb.o(.text) refers to entry.o(.ARM.Collect$$$$00000000) for __main
    max30102.o(i.HAL_GPIO_EXTI_Callback) refers to main.o(.data) for max30102_int_flag
    max30102.o(i.MAX30102_Get_DATA) refers to max30102.o(i.max30102_fifo_read) for max30102_fifo_read
    max30102.o(i.MAX30102_Get_DATA) refers to max30102_fir.o(i.ir_max30102_fir) for ir_max30102_fir
    max30102.o(i.MAX30102_Get_DATA) refers to max30102_fir.o(i.red_max30102_fir) for red_max30102_fir
    max30102.o(i.MAX30102_Get_DATA) refers to f2d.o(.text) for __aeabi_f2d
    max30102.o(i.MAX30102_Get_DATA) refers to printfa.o(i.__0printf) for __2printf
    max30102.o(i.MAX30102_Get_DATA) refers to max30102.o(i.max30102_getHeartRate) for max30102_getHeartRate
    max30102.o(i.MAX30102_Get_DATA) refers to max30102.o(i.max30102_getSpO2) for max30102_getSpO2
    max30102.o(i.MAX30102_Get_DATA) refers to main.o(.data) for max30102_int_flag
    max30102.o(i.MAX30102_Get_DATA) refers to main.o(.data) for touch_30102
    max30102.o(i.MAX30102_Get_DATA) refers to main.o(.data) for cache_counter
    max30102.o(i.MAX30102_Get_DATA) refers to main.o(.bss) for ppg_data_cache_IR
    max30102.o(i.MAX30102_Get_DATA) refers to main.o(.bss) for ppg_data_cache_RED
    max30102.o(i.max30102_fifo_read) refers to max30102.o(i.max30102_i2c_read) for max30102_i2c_read
    max30102.o(i.max30102_fifo_read) refers to ffltui.o(.text) for __aeabi_ui2f
    max30102.o(i.max30102_getHeartRate) refers to fadd.o(.text) for __aeabi_fadd
    max30102.o(i.max30102_getHeartRate) refers to ffltui.o(.text) for __aeabi_ui2f
    max30102.o(i.max30102_getHeartRate) refers to fdiv.o(.text) for __aeabi_fdiv
    max30102.o(i.max30102_getHeartRate) refers to cfrcmple.o(.text) for __aeabi_cfrcmple
    max30102.o(i.max30102_getHeartRate) refers to cfcmple.o(.text) for __aeabi_cfcmple
    max30102.o(i.max30102_getSpO2) refers to cfcmple.o(.text) for __aeabi_cfcmple
    max30102.o(i.max30102_getSpO2) refers to cfrcmple.o(.text) for __aeabi_cfrcmple
    max30102.o(i.max30102_getSpO2) refers to fadd.o(.text) for __aeabi_fsub
    max30102.o(i.max30102_getSpO2) refers to fmul.o(.text) for __aeabi_fmul
    max30102.o(i.max30102_getSpO2) refers to fdiv.o(.text) for __aeabi_fdiv
    max30102.o(i.max30102_getSpO2) refers to f2d.o(.text) for __aeabi_f2d
    max30102.o(i.max30102_getSpO2) refers to dmul.o(.text) for __aeabi_dmul
    max30102.o(i.max30102_getSpO2) refers to dadd.o(.text) for __aeabi_dadd
    max30102.o(i.max30102_getSpO2) refers to d2f.o(.text) for __aeabi_d2f
    max30102.o(i.max30102_i2c_read) refers to stm32f1xx_hal_i2c.o(i.HAL_I2C_Master_Transmit) for HAL_I2C_Master_Transmit
    max30102.o(i.max30102_i2c_read) refers to stm32f1xx_hal_i2c.o(i.HAL_I2C_Master_Receive) for HAL_I2C_Master_Receive
    max30102.o(i.max30102_i2c_read) refers to i2c.o(.bss) for hi2c2
    max30102.o(i.max30102_i2c_write) refers to stm32f1xx_hal_i2c.o(i.HAL_I2C_Master_Transmit) for HAL_I2C_Master_Transmit
    max30102.o(i.max30102_i2c_write) refers to printfa.o(i.__0printf) for __2printf
    max30102.o(i.max30102_i2c_write) refers to i2c.o(.bss) for hi2c2
    max30102.o(i.max30102_init) refers to max30102.o(i.max30102_i2c_write) for max30102_i2c_write
    max30102.o(i.max30102_init) refers to stm32f1xx_hal.o(i.HAL_Delay) for HAL_Delay
    max30102.o(i.max30102_init) refers to max30102.o(i.max30102_i2c_read) for max30102_i2c_read
[...]
    Removing stm32f1xx_hal_uart.o(i.UART_Receive_IT), (194 bytes).
    Removing stm32f1xx_hal_uart.o(i.UART_Start_Receive_DMA), (144 bytes).
    Removing stm32f1xx_hal_uart.o(i.UART_Start_Receive_IT), (54 bytes).
    Removing system_stm32f1xx.o(.rev16_text), (4 bytes).
    Removing system_stm32f1xx.o(.revsh_text), (4 bytes).
    Removing system_stm32f1xx.o(.rrx_text), (6 bytes).
    Removing system_stm32f1xx.o(i.SystemCoreClockUpdate), (104 bytes).
    Removing arm_fir_f32.o(.text), (0 bytes).
    Removing arm_fir_f32.o(.ARM.exidx.text.arm_fir_f32), (8 bytes).
    Removing arm_fir_init_f32.o(.text), (0 bytes).
    Removing arm_fir_init_f32.o(.ARM.exidx.text.arm_fir_init_f32), (8 bytes).

483 unused section(s) (total 44395 bytes) removed from the image.

==============================================================================

Image Symbol Table

    Local Symbols

    Symbol Name                              Value     Ov Type        Size  Object(Section)

    ../Core/Src/dma.c                        0x00000000   Number         0  dma.o ABSOLUTE
    ../Core/Src/gpio.c                       0x00000000   Number         0  gpio.o ABSOLUTE
    ../Core/Src/i2c.c                        0x00000000   Number         0  i2c.o ABSOLUTE
    ../Core/Src/main.c                       0x00000000   Number         0  main.o ABSOLUTE
    ../Core/Src/stm32f1xx_hal_msp.c          0x00000000   Number         0  stm32f1xx_hal_msp.o ABSOLUTE
    ../Core/Src/stm32f1xx_it.c               0x00000000   Number         0  stm32f1xx_it.o ABSOLUTE
    ../Core/Src/system_stm32f1xx.c           0x00000000   Number         0  system_stm32f1xx.o ABSOLUTE
    ../Core/Src/tim.c                        0x00000000   Number         0  tim.o ABSOLUTE
    ../Core/Src/usart.c                      0x00000000   Number         0  usart.o ABSOLUTE
    ../Drivers/STM32F1xx_HAL_Driver/Src/stm32f1xx_hal.c 0x00000000   Number         0  stm32f1xx_hal.o ABSOLUTE
    ../Drivers/STM32F1xx_HAL_Driver/Src/stm32f1xx_hal_cortex.c 0x00000000   Number         0  stm32f1xx_hal_cortex.o ABSOLUTE
    ../Drivers/STM32F1xx_HAL_Driver/Src/stm32f1xx_hal_dma.c 0x00000000   Number         0  stm32f1xx_hal_dma.o ABSOLUTE
    ../Drivers/STM32F1xx_HAL_Driver/Src/stm32f1xx_hal_exti.c 0x00000000   Number         0  stm32f1xx_hal_exti.o ABSOLUTE
    ../Drivers/STM32F1xx_HAL_Driver/Src/stm32f1xx_hal_flash.c 0x00000000   Number         0  stm32f1xx_hal_flash.o ABSOLUTE
    ../Drivers/STM32F1xx_HAL_Driver/Src/stm32f1xx_hal_flash_ex.c 0x00000000   Number         0  stm32f1xx_hal_flash_ex.o ABSOLUTE
    ../Drivers/STM32F1xx_HAL_Driver/Src/stm32f1xx_hal_gpio.c 0x00000000   Number         0  stm32f1xx_hal_gpio.o ABSOLUTE
    ../Drivers/STM32F1xx_HAL_Driver/Src/stm32f1xx_hal_gpio_ex.c 0x00000000   Number         0  stm32f1xx_hal_gpio_ex.o ABSOLUTE
    ../Drivers/STM32F1xx_HAL_Driver/Src/stm32f1xx_hal_i2c.c 0x00000000   Number         0  stm32f1xx_hal_i2c.o ABSOLUTE
    ../Drivers/STM32F1xx_HAL_Driver/Src/stm32f1xx_hal_pwr.c 0x00000000   Number         0  stm32f1xx_hal_pwr.o ABSOLUTE
    ../Drivers/STM32F1xx_HAL_Driver/Src/stm32f1xx_hal_rcc.c 0x00000000   Number         0  stm32f1xx_hal_rcc.o ABSOLUTE
    ../Drivers/STM32F1xx_HAL_Driver/Src/stm32f1xx_hal_rcc_ex.c 0x00000000   Number         0  stm32f1xx_hal_rcc_ex.o ABSOLUTE
    ../Drivers/STM32F1xx_HAL_Driver/Src/stm32f1xx_hal_tim.c 0x00000000   Number         0  stm32f1xx_hal_tim.o ABSOLUTE
    ../Drivers/STM32F1xx_HAL_Driver/Src/stm32f1xx_hal_tim_ex.c 0x00000000   Number         0  stm32f1xx_hal_tim_ex.o ABSOLUTE
    ../Drivers/STM32F1xx_HAL_Driver/Src/stm32f1xx_hal_uart.c 0x00000000   Number         0  stm32f1xx_hal_uart.o ABSOLUTE
    ../clib/../cmprslib/zerorunl2.c          0x00000000   Number         0  __dczerorl2.o ABSOLUTE
    ../clib/microlib/division.c              0x00000000   Number         0  uldiv.o ABSOLUTE
    ../clib/microlib/division.c              0x00000000   Number         0  uidiv.o ABSOLUTE
    ../clib/microlib/init/entry.s            0x00000000   Number         0  entry8a.o ABSOLUTE
    ../clib/microlib/init/entry.s            0x00000000   Number         0  entry9b.o ABSOLUTE
    ../clib/microlib/init/entry.s            0x00000000   Number         0  entry10a.o ABSOLUTE
    ../clib/microlib/init/entry.s            0x00000000   Number         0  entry10b.o ABSOLUTE
    ../clib/microlib/init/entry.s            0x00000000   Number         0  entry11a.o ABSOLUTE
    ../clib/microlib/init/entry.s            0x00000000   Number         0  entry11b.o ABSOLUTE
    ../clib/microlib/init/entry.s            0x00000000   Number         0  entry.o ABSOLUTE
    ../clib/microlib/init/entry.s            0x00000000   Number         0  entry2.o ABSOLUTE
    ../clib/microlib/init/entry.s            0x00000000   Number         0  entry7b.o ABSOLUTE
    ../clib/microlib/init/entry.s            0x00000000   Number         0  entry5.o ABSOLUTE
    ../clib/microlib/init/entry.s            0x00000000   Number         0  entry7a.o ABSOLUTE
    ../clib/microlib/init/entry.s            0x00000000   Number         0  entry8b.o ABSOLUTE
    ../clib/microlib/init/entry.s            0x00000000   Number         0  entry9a.o ABSOLUTE
    ../clib/microlib/longlong.c              0x00000000   Number         0  llshl.o ABSOLUTE
    ../clib/microlib/longlong.c              0x00000000   Number         0  llsshr.o ABSOLUTE
    ../clib/microlib/longlong.c              0x00000000   Number         0  llushr.o ABSOLUTE
    ../clib/microlib/printf/printf.c         0x00000000   Number         0  printf7.o ABSOLUTE
    ../clib/microlib/printf/printf.c         0x00000000   Number         0  printfa.o ABSOLUTE
    ../clib/microlib/printf/printf.c         0x00000000   Number         0  printf3.o ABSOLUTE
    ../clib/microlib/printf/printf.c         0x00000000   Number         0  printfb.o ABSOLUTE
    ../clib/microlib/printf/printf.c         0x00000000   Number         0  printf6.o ABSOLUTE
    ../clib/microlib/printf/printf.c         0x00000000   Number         0  printf5.o ABSOLUTE
    ../clib/microlib/printf/printf.c         0x00000000   Number         0  printf8.o ABSOLUTE
    ../clib/microlib/printf/printf.c         0x00000000   Number         0  printf0.o ABSOLUTE
    ../clib/microlib/printf/printf.c         0x00000000   Number         0  printf1.o ABSOLUTE
    ../clib/microlib/printf/printf.c         0x00000000   Number         0  printf4.o ABSOLUTE
    ../clib/microlib/printf/printf.c         0x00000000   Number         0  printf2.o ABSOLUTE
    ../clib/microlib/printf/stubs.s          0x00000000   Number         0  stubs.o ABSOLUTE
    ../clib/microlib/stdio/streams.c         0x00000000   Number         0  stdout.o ABSOLUTE
    ../clib/microlib/string/memset.c         0x00000000   Number         0  memseta.o ABSOLUTE
    ../clib/microlib/stubs.s                 0x00000000   Number         0  iusefp.o ABSOLUTE
    ../fplib/microlib/d2f.c                  0x00000000   Number         0  d2f.o ABSOLUTE
    ../fplib/microlib/f2d.c                  0x00000000   Number         0  f2d.o ABSOLUTE
    ../fplib/microlib/fpadd.c                0x00000000   Number         0  dadd.o ABSOLUTE
    ../fplib/microlib/fpadd.c                0x00000000   Number         0  fadd.o ABSOLUTE
    ../fplib/microlib/fpdiv.c                0x00000000   Number         0  ddiv.o ABSOLUTE
    ../fplib/microlib/fpdiv.c                0x00000000   Number         0  fdiv.o ABSOLUTE
    ../fplib/microlib/fpepilogue.c           0x00000000   Number         0  depilogue.o ABSOLUTE
    ../fplib/microlib/fpepilogue.c           0x00000000   Number         0  fepilogue.o ABSOLUTE
    ../fplib/microlib/fpfix.c                0x00000000   Number         0  dfixul.o ABSOLUTE
    ../fplib/microlib/fpflt.c                0x00000000   Number         0  ffltui.o ABSOLUTE
    ../fplib/microlib/fpmul.c                0x00000000   Number         0  fmul.o ABSOLUTE
    ../fplib/microlib/fpmul.c                0x00000000   Number         0  dmul.o ABSOLUTE
    ..\Core\Src\dma.c                        0x00000000   Number         0  dma.o ABSOLUTE
    ..\Core\Src\gpio.c                       0x00000000   Number         0  gpio.o ABSOLUTE
    ..\Core\Src\i2c.c                        0x00000000   Number         0  i2c.o ABSOLUTE
    ..\Core\Src\main.c                       0x00000000   Number         0  main.o ABSOLUTE
    ..\Core\Src\max30102.c                   0x00000000   Number         0  max30102.o ABSOLUTE
    ..\Core\Src\max30102_fir.c               0x00000000   Number         0  max30102_fir.o ABSOLUTE
    ..\Core\Src\oled.c                       0x00000000   Number         0  oled.o ABSOLUTE
    ..\Core\Src\stm32f1xx_hal_msp.c          0x00000000   Number         0  stm32f1xx_hal_msp.o ABSOLUTE
    ..\Core\Src\stm32f1xx_it.c               0x00000000   Number         0  stm32f1xx_it.o ABSOLUTE
    ..\Core\Src\system_stm32f1xx.c           0x00000000   Number         0  system_stm32f1xx.o ABSOLUTE
    ..\Core\Src\tim.c                        0x00000000   Number         0  tim.o ABSOLUTE
    ..\Core\Src\usart.c                      0x00000000   Number         0  usart.o ABSOLUTE
    ..\Core\Src\ws2812.c                     0x00000000   Number         0  ws2812.o ABSOLUTE
    ..\Drivers\STM32F1xx_HAL_Driver\Src\stm32f1xx_hal.c 0x00000000   Number         0  stm32f1xx_hal.o ABSOLUTE
    ..\Drivers\STM32F1xx_HAL_Driver\Src\stm32f1xx_hal_cortex.c 0x00000000   Number         0  stm32f1xx_hal_cortex.o ABSOLUTE
    ..\Drivers\STM32F1xx_HAL_Driver\Src\stm32f1xx_hal_dma.c 0x00000000   Number         0  stm32f1xx_hal_dma.o ABSOLUTE
    ..\Drivers\STM32F1xx_HAL_Driver\Src\stm32f1xx_hal_exti.c 0x00000000   Number         0  stm32f1xx_hal_exti.o ABSOLUTE
    ..\Drivers\STM32F1xx_HAL_Driver\Src\stm32f1xx_hal_flash.c 0x00000000   Number         0  stm32f1xx_hal_flash.o ABSOLUTE
    ..\Drivers\STM32F1xx_HAL_Driver\Src\stm32f1xx_hal_flash_ex.c 0x00000000   Number         0  stm32f1xx_hal_flash_ex.o ABSOLUTE
    ..\Drivers\STM32F1xx_HAL_Driver\Src\stm32f1xx_hal_gpio.c 0x00000000   Number         0  stm32f1xx_hal_gpio.o ABSOLUTE
    ..\Drivers\STM32F1xx_HAL_Driver\Src\stm32f1xx_hal_gpio_ex.c 0x00000000   Number         0  stm32f1xx_hal_gpio_ex.o ABSOLUTE
    ..\Drivers\STM32F1xx_HAL_Driver\Src\stm32f1xx_hal_i2c.c 0x00000000   Number         0  stm32f1xx_hal_i2c.o ABSOLUTE
    ..\Drivers\STM32F1xx_HAL_Driver\Src\stm32f1xx_hal_pwr.c 0x00000000   Number         0  stm32f1xx_hal_pwr.o ABSOLUTE
    ..\Drivers\STM32F1xx_HAL_Driver\Src\stm32f1xx_hal_rcc.c 0x00000000   Number         0  stm32f1xx_hal_rcc.o ABSOLUTE
    ..\Drivers\STM32F1xx_HAL_Driver\Src\stm32f1xx_hal_rcc_ex.c 0x00000000   Number         0  stm32f1xx_hal_rcc_ex.o ABSOLUTE
    ..\Drivers\STM32F1xx_HAL_Driver\Src\stm32f1xx_hal_tim.c 0x00000000   Number         0  stm32f1xx_hal_tim.o ABSOLUTE
    ..\Drivers\STM32F1xx_HAL_Driver\Src\stm32f1xx_hal_tim_ex.c 0x00000000   Number         0  stm32f1xx_hal_tim_ex.o ABSOLUTE
    ..\Drivers\STM32F1xx_HAL_Driver\Src\stm32f1xx_hal_uart.c 0x00000000   Number         0  stm32f1xx_hal_uart.o ABSOLUTE
    ..\\Core\\Src\\max30102.c                0x00000000   Number         0  max30102.o ABSOLUTE
    ..\\Core\\Src\\max30102_fir.c            0x00000000   Number         0  max30102_fir.o ABSOLUTE
    ..\\Core\\Src\\oled.c                    0x00000000   Number         0  oled.o ABSOLUTE
    ..\\Core\\Src\\ws2812.c                  0x00000000   Number         0  ws2812.o ABSOLUTE
    arm_fir_f32.c                            0x00000000   Number         0  arm_fir_f32.o ABSOLUTE
    arm_fir_init_f32.c                       0x00000000   Number         0  arm_fir_init_f32.o ABSOLUTE
    cdrcmple.s                               0x00000000   Number         0  cdrcmple.o ABSOLUTE
    cfcmple.s                                0x00000000   Number         0  cfcmple.o ABSOLUTE
    cfrcmple.s                               0x00000000   Number         0  cfrcmple.o ABSOLUTE
    dc.s                                     0x00000000   Number         0  dc.o ABSOLUTE
    handlers.s                               0x00000000   Number         0  handlers.o ABSOLUTE
    init.s                                   0x00000000   Number         0  init.o ABSOLUTE
    startup_stm32f103xb.s                    0x00000000   Number         0  startup_stm32f103xb.o ABSOLUTE
    RESET                                    0x08000000   Section      236  startup_stm32f103xb.o(RESET)
    .ARM.Collect$$$$00000000                 0x080000ec   Section        0  entry.o(.ARM.Collect$$$$00000000)
    .ARM.Collect$$$$00000001                 0x080000ec   Section        4  entry2.o(.ARM.Collect$$$$00000001)
    .ARM.Collect$$$$00000004                 0x080000f0   Section        4  entry5.o(.ARM.Collect$$$$00000004)
    .ARM.Collect$$$$00000008                 0x080000f4   Section        0  entry7b.o(.ARM.Collect$$$$00000008)
    .ARM.Collect$$$$0000000A                 0x080000f4   Section        0  entry8b.o(.ARM.Collect$$$$0000000A)
    .ARM.Collect$$$$0000000B                 0x080000f4   Section        8  entry9a.o(.ARM.Collect$$$$0000000B)
    .ARM.Collect$$$$0000000D                 0x080000fc   Section        0  entry10a.o(.ARM.Collect$$$$0000000D)
    .ARM.Collect$$$$0000000F                 0x080000fc   Section        0  entry11a.o(.ARM.Collect$$$$0000000F)
    .ARM.Collect$$$$00002712                 0x080000fc   Section        4  entry2.o(.ARM.Collect$$$$00002712)
    __lit__00000000                          0x080000fc   Data           4  entry2.o(.ARM.Collect$$$$00002712)
    .text                                    0x08000100   Section       36  startup_stm32f103xb.o(.text)
    .text                                    0x08000124   Section        0  llushr.o(.text)
    .text                                    0x08000144   Section        0  memseta.o(.text)
    .text                                    0x08000168   Section        0  fadd.o(.text)
    .text                                    0x08000218   Section        0  fmul.o(.text)
    .text                                    0x0800027c   Section        0  fdiv.o(.text)
    .text                                    0x080002f8   Section        0  dadd.o(.text)
    .text                                    0x08000446   Section        0  dmul.o(.text)
    .text                                    0x0800052a   Section        0  ffltui.o(.text)
    .text                                    0x08000534   Section        0  f2d.o(.text)
    .text                                    0x0800055a   Section        0  d2f.o(.text)
    .text                                    0x08000594   Section       20  cfcmple.o(.text)
    .text                                    0x080005a8   Section       20  cfrcmple.o(.text)
    .text                                    0x080005bc   Section        0  uidiv.o(.text)
    .text                                    0x080005e8   Section        0  uldiv.o(.text)
    .text                                    0x0800064a   Section        0  llshl.o(.text)
    .text                                    0x08000668   Section        0  llsshr.o(.text)
    .text                                    0x0800068c   Section        0  iusefp.o(.text)
    .text                                    0x0800068c   Section        0  fepilogue.o(.text)
    .text                                    0x080006fa   Section        0  depilogue.o(.text)
    .text                                    0x080007b4   Section        0  ddiv.o(.text)
    .text                                    0x08000892   Section        0  dfixul.o(.text)
    .text                                    0x080008c4   Section       48  cdrcmple.o(.text)
    .text                                    0x080008f4   Section       36  init.o(.text)
    .text                                    0x08000918   Section        0  __dczerorl2.o(.text)
    [Anonymous Symbol]                       0x08000970   Section        0  arm_fir_f32.o(.text.arm_fir_f32)
    [Anonymous Symbol]                       0x080011ba   Section        0  arm_fir_init_f32.o(.text.arm_fir_init_f32)
    i.BusFault_Handler                       0x080011da   Section        0  stm32f1xx_it.o(i.BusFault_Handler)
    i.DMA1_Channel1_IRQHandler               0x080011dc   Section        0  stm32f1xx_it.o(i.DMA1_Channel1_IRQHandler)
    i.DMA_SetConfig                          0x080011e8   Section        0  stm32f1xx_hal_dma.o(i.DMA_SetConfig)
    DMA_SetConfig                            0x080011e9   Thumb Code    42  stm32f1xx_hal_dma.o(i.DMA_SetConfig)
    i.DebugMon_Handler                       0x08001212   Section        0  stm32f1xx_it.o(i.DebugMon_Handler)
    i.EXTI1_IRQHandler                       0x08001214   Section        0  stm32f1xx_it.o(i.EXTI1_IRQHandler)
    i.Error_Handler                          0x0800121a   Section        0  main.o(i.Error_Handler)
    i.HAL_DMA_Abort_IT                       0x08001220   Section        0  stm32f1xx_hal_dma.o(i.HAL_DMA_Abort_IT)
    i.HAL_DMA_IRQHandler                     0x080012b8   Section        0  stm32f1xx_hal_dma.o(i.HAL_DMA_IRQHandler)
    i.HAL_DMA_Init                           0x0800140c   Section        0  stm32f1xx_hal_dma.o(i.HAL_DMA_Init)
    i.HAL_DMA_Start_IT                       0x08001468   Section        0  stm32f1xx_hal_dma.o(i.HAL_DMA_Start_IT)
    i.HAL_Delay                              0x080014d8   Section        0  stm32f1xx_hal.o(i.HAL_Delay)
    i.HAL_GPIO_EXTI_Callback                 0x080014fc   Section        0  max30102.o(i.HAL_GPIO_EXTI_Callback)
    i.HAL_GPIO_EXTI_IRQHandler               0x0800150c   Section        0  stm32f1xx_hal_gpio.o(i.HAL_GPIO_EXTI_IRQHandler)
    i.HAL_GPIO_Init                          0x08001524   Section        0  stm32f1xx_hal_gpio.o(i.HAL_GPIO_Init)
    i.HAL_GPIO_WritePin                      0x08001704   Section        0  stm32f1xx_hal_gpio.o(i.HAL_GPIO_WritePin)
    i.HAL_GetTick                            0x08001710   Section        0  stm32f1xx_hal.o(i.HAL_GetTick)
    i.HAL_I2C_Init                           0x0800171c   Section        0  stm32f1xx_hal_i2c.o(i.HAL_I2C_Init)
    i.HAL_I2C_Master_Receive                 0x080018a4   Section        0  stm32f1xx_hal_i2c.o(i.HAL_I2C_Master_Receive)
    i.HAL_I2C_Master_Transmit                0x08001af4   Section        0  stm32f1xx_hal_i2c.o(i.HAL_I2C_Master_Transmit)
    i.HAL_I2C_Mem_Write                      0x08001c20   Section        0  stm32f1xx_hal_i2c.o(i.HAL_I2C_Mem_Write)
    i.HAL_I2C_MspInit                        0x08001d50   Section        0  i2c.o(i.HAL_I2C_MspInit)
    i.HAL_IncTick                            0x08001de8   Section        0  stm32f1xx_hal.o(i.HAL_IncTick)
    i.HAL_Init                               0x08001df8   Section        0  stm32f1xx_hal.o(i.HAL_Init)
    i.HAL_InitTick                           0x08001e1c   Section        0  stm32f1xx_hal.o(i.HAL_InitTick)
    i.HAL_MspInit                            0x08001e5c   Section        0  stm32f1xx_hal_msp.o(i.HAL_MspInit)
    i.HAL_NVIC_EnableIRQ                     0x08001e98   Section        0  stm32f1xx_hal_cortex.o(i.HAL_NVIC_EnableIRQ)
    i.HAL_NVIC_SetPriority                   0x08001eb4   Section        0  stm32f1xx_hal_cortex.o(i.HAL_NVIC_SetPriority)
    i.HAL_NVIC_SetPriorityGrouping           0x08001ef4   Section        0  stm32f1xx_hal_cortex.o(i.HAL_NVIC_SetPriorityGrouping)
    i.HAL_RCC_ClockConfig                    0x08001f18   Section        0  stm32f1xx_hal_rcc.o(i.HAL_RCC_ClockConfig)
    i.HAL_RCC_GetPCLK1Freq                   0x08002044   Section        0  stm32f1xx_hal_rcc.o(i.HAL_RCC_GetPCLK1Freq)
    i.HAL_RCC_GetPCLK2Freq                   0x08002064   Section        0  stm32f1xx_hal_rcc.o(i.HAL_RCC_GetPCLK2Freq)
    i.HAL_RCC_GetSysClockFreq                0x08002084   Section        0  stm32f1xx_hal_rcc.o(i.HAL_RCC_GetSysClockFreq)
    i.HAL_RCC_OscConfig                      0x080020d0   Section        0  stm32f1xx_hal_rcc.o(i.HAL_RCC_OscConfig)
    i.HAL_SYSTICK_Config                     0x080023f0   Section        0  stm32f1xx_hal_cortex.o(i.HAL_SYSTICK_Config)
    i.HAL_TIMEx_MasterConfigSynchronization  0x08002418   Section        0  stm32f1xx_hal_tim_ex.o(i.HAL_TIMEx_MasterConfigSynchronization)
    i.HAL_TIM_Base_Init                      0x08002480   Section        0  stm32f1xx_hal_tim.o(i.HAL_TIM_Base_Init)
    i.HAL_TIM_Base_MspInit                   0x080024dc   Section        0  tim.o(i.HAL_TIM_Base_MspInit)
    i.HAL_TIM_ConfigClockSource              0x08002554   Section        0  stm32f1xx_hal_tim.o(i.HAL_TIM_ConfigClockSource)
    i.HAL_TIM_ErrorCallback                  0x08002630   Section        0  stm32f1xx_hal_tim.o(i.HAL_TIM_ErrorCallback)
    i.HAL_TIM_MspPostInit                    0x08002634   Section        0  tim.o(i.HAL_TIM_MspPostInit)
    i.HAL_TIM_PWM_ConfigChannel              0x08002698   Section        0  stm32f1xx_hal_tim.o(i.HAL_TIM_PWM_ConfigChannel)
    i.HAL_TIM_PWM_Init                       0x08002764   Section        0  stm32f1xx_hal_tim.o(i.HAL_TIM_PWM_Init)
    i.HAL_TIM_PWM_MspInit                    0x080027be   Section        0  stm32f1xx_hal_tim.o(i.HAL_TIM_PWM_MspInit)
    i.HAL_TIM_PWM_PulseFinishedCallback      0x080027c0   Section        0  ws2812.o(i.HAL_TIM_PWM_PulseFinishedCallback)
    i.HAL_TIM_PWM_PulseFinishedHalfCpltCallback 0x080027d8   Section        0  stm32f1xx_hal_tim.o(i.HAL_TIM_PWM_PulseFinishedHalfCpltCallback)
    i.HAL_TIM_PWM_Start                      0x080027dc   Section        0  stm32f1xx_hal_tim.o(i.HAL_TIM_PWM_Start)
    i.HAL_TIM_PWM_Start_DMA                  0x08002878   Section        0  stm32f1xx_hal_tim.o(i.HAL_TIM_PWM_Start_DMA)
    i.HAL_TIM_PWM_Stop                       0x08002a0c   Section        0  stm32f1xx_hal_tim.o(i.HAL_TIM_PWM_Stop)
    i.HAL_TIM_PWM_Stop_DMA                   0x08002a7c   Section        0  stm32f1xx_hal_tim.o(i.HAL_TIM_PWM_Stop_DMA)
    i.HAL_UART_Init                          0x08002b40   Section        0  stm32f1xx_hal_uart.o(i.HAL_UART_Init)
    i.HAL_UART_MspInit                       0x08002ba4   Section        0  usart.o(i.HAL_UART_MspInit)
    i.HAL_UART_Transmit                      0x08002c14   Section        0  stm32f1xx_hal_uart.o(i.HAL_UART_Transmit)
    i.HardFault_Handler                      0x08002cae   Section        0  stm32f1xx_it.o(i.HardFault_Handler)
    i.I2C_IsAcknowledgeFailed                0x08002cb0   Section        0  stm32f1xx_hal_i2c.o(i.I2C_IsAcknowledgeFailed)
    I2C_IsAcknowledgeFailed                  0x08002cb1   Thumb Code    46  stm32f1xx_hal_i2c.o(i.I2C_IsAcknowledgeFailed)
    i.I2C_MasterRequestRead                  0x08002ce0   Section        0  stm32f1xx_hal_i2c.o(i.I2C_MasterRequestRead)
    I2C_MasterRequestRead                    0x08002ce1   Thumb Code   230  stm32f1xx_hal_i2c.o(i.I2C_MasterRequestRead)
    i.I2C_MasterRequestWrite                 0x08002dcc   Section        0  stm32f1xx_hal_i2c.o(i.I2C_MasterRequestWrite)
    I2C_MasterRequestWrite                   0x08002dcd   Thumb Code   150  stm32f1xx_hal_i2c.o(i.I2C_MasterRequestWrite)
    i.I2C_RequestMemoryWrite                 0x08002e68   Section        0  stm32f1xx_hal_i2c.o(i.I2C_RequestMemoryWrite)
    I2C_RequestMemoryWrite                   0x08002e69   Thumb Code   162  stm32f1xx_hal_i2c.o(i.I2C_RequestMemoryWrite)
    i.I2C_WaitOnBTFFlagUntilTimeout          0x08002f10   Section        0  stm32f1xx_hal_i2c.o(i.I2C_WaitOnBTFFlagUntilTimeout)
    I2C_WaitOnBTFFlagUntilTimeout            0x08002f11   Thumb Code    86  stm32f1xx_hal_i2c.o(i.I2C_WaitOnBTFFlagUntilTimeout)
    i.I2C_WaitOnFlagUntilTimeout             0x08002f68   Section        0  stm32f1xx_hal_i2c.o(i.I2C_WaitOnFlagUntilTimeout)
    I2C_WaitOnFlagUntilTimeout               0x08002f69   Thumb Code   144  stm32f1xx_hal_i2c.o(i.I2C_WaitOnFlagUntilTimeout)
    i.I2C_WaitOnMasterAddressFlagUntilTimeout 0x08002ff8   Section        0  stm32f1xx_hal_i2c.o(i.I2C_WaitOnMasterAddressFlagUntilTimeout)
    I2C_WaitOnMasterAddressFlagUntilTimeout  0x08002ff9   Thumb Code   188  stm32f1xx_hal_i2c.o(i.I2C_WaitOnMasterAddressFlagUntilTimeout)
    i.I2C_WaitOnRXNEFlagUntilTimeout         0x080030b4   Section        0  stm32f1xx_hal_i2c.o(i.I2C_WaitOnRXNEFlagUntilTimeout)
    I2C_WaitOnRXNEFlagUntilTimeout           0x080030b5   Thumb Code   112  stm32f1xx_hal_i2c.o(i.I2C_WaitOnRXNEFlagUntilTimeout)
    i.I2C_WaitOnTXEFlagUntilTimeout          0x08003124   Section        0  stm32f1xx_hal_i2c.o(i.I2C_WaitOnTXEFlagUntilTimeout)
    I2C_WaitOnTXEFlagUntilTimeout            0x08003125   Thumb Code    86  stm32f1xx_hal_i2c.o(i.I2C_WaitOnTXEFlagUntilTimeout)
    i.MAX30102_Get_DATA                      0x0800317c   Section        0  max30102.o(i.MAX30102_Get_DATA)
    i.MX_DMA_Init                            0x08003244   Section        0  dma.o(i.MX_DMA_Init)
    i.MX_GPIO_Init                           0x08003270   Section        0  gpio.o(i.MX_GPIO_Init)
    i.MX_I2C1_Init                           0x08003308   Section        0  i2c.o(i.MX_I2C1_Init)
    i.MX_I2C2_Init                           0x08003348   Section        0  i2c.o(i.MX_I2C2_Init)
    i.MX_TIM2_Init                           0x08003388   Section        0  tim.o(i.MX_TIM2_Init)
    i.MX_TIM3_Init                           0x0800341c   Section        0  tim.o(i.MX_TIM3_Init)
    i.MX_USART1_UART_Init                    0x080034b8   Section        0  usart.o(i.MX_USART1_UART_Init)
    i.MemManage_Handler                      0x080034f0   Section        0  stm32f1xx_it.o(i.MemManage_Handler)
    i.NMI_Handler                            0x080034f2   Section        0  stm32f1xx_it.o(i.NMI_Handler)
    i.OLED_Clear                             0x080034f4   Section        0  oled.o(i.OLED_Clear)
    i.OLED_Init                              0x0800352e   Section        0  oled.o(i.OLED_Init)
    i.OLED_Set_Pos                           0x08003614   Section        0  oled.o(i.OLED_Set_Pos)
    i.OLED_ShowCHinese24                     0x08003640   Section        0  oled.o(i.OLED_ShowCHinese24)
    i.OLED_ShowNUM24                         0x080036b0   Section        0  oled.o(i.OLED_ShowNUM24)
    i.OLED_WR_Byte                           0x08003720   Section        0  oled.o(i.OLED_WR_Byte)
    i.PendSV_Handler                         0x0800372c   Section        0  stm32f1xx_it.o(i.PendSV_Handler)
    i.RGB_SendArray                          0x08003730   Section        0  ws2812.o(i.RGB_SendArray)
    i.RGB_SetColor                           0x08003748   Section        0  ws2812.o(i.RGB_SetColor)
    i.Reset_Load                             0x080037cc   Section        0  ws2812.o(i.Reset_Load)
    i.SVC_Handler                            0x080037ec   Section        0  stm32f1xx_it.o(i.SVC_Handler)
    i.SysTick_Handler                        0x080037ee   Section        0  stm32f1xx_it.o(i.SysTick_Handler)
    i.SystemClock_Config                     0x080037f2   Section        0  main.o(i.SystemClock_Config)
    i.SystemInit                             0x08003850   Section        0  system_stm32f1xx.o(i.SystemInit)
    i.TIM_Base_SetConfig                     0x08003854   Section        0  stm32f1xx_hal_tim.o(i.TIM_Base_SetConfig)
    i.TIM_CCxChannelCmd                      0x080038c0   Section        0  stm32f1xx_hal_tim.o(i.TIM_CCxChannelCmd)
    i.TIM_DMADelayPulseCplt                  0x080038da   Section        0  stm32f1xx_hal_tim.o(i.TIM_DMADelayPulseCplt)
    TIM_DMADelayPulseCplt                    0x080038db   Thumb Code    94  stm32f1xx_hal_tim.o(i.TIM_DMADelayPulseCplt)
    i.TIM_DMADelayPulseHalfCplt              0x08003938   Section        0  stm32f1xx_hal_tim.o(i.TIM_DMADelayPulseHalfCplt)
    i.TIM_DMAError                           0x08003970   Section        0  stm32f1xx_hal_tim.o(i.TIM_DMAError)
    i.TIM_ETR_SetConfig                      0x080039c4   Section        0  stm32f1xx_hal_tim.o(i.TIM_ETR_SetConfig)
    i.TIM_ITRx_SetConfig                     0x080039d8   Section        0  stm32f1xx_hal_tim.o(i.TIM_ITRx_SetConfig)
    TIM_ITRx_SetConfig                       0x080039d9   Thumb Code    16  stm32f1xx_hal_tim.o(i.TIM_ITRx_SetConfig)
    i.TIM_OC1_SetConfig                      0x080039e8   Section        0  stm32f1xx_hal_tim.o(i.TIM_OC1_SetConfig)
    TIM_OC1_SetConfig                        0x080039e9   Thumb Code    74  stm32f1xx_hal_tim.o(i.TIM_OC1_SetConfig)
    i.TIM_OC2_SetConfig                      0x08003a38   Section        0  stm32f1xx_hal_tim.o(i.TIM_OC2_SetConfig)
    i.TIM_OC3_SetConfig                      0x08003a90   Section        0  stm32f1xx_hal_tim.o(i.TIM_OC3_SetConfig)
    TIM_OC3_SetConfig                        0x08003a91   Thumb Code    82  stm32f1xx_hal_tim.o(i.TIM_OC3_SetConfig)
    i.TIM_OC4_SetConfig                      0x08003ae8   Section        0  stm32f1xx_hal_tim.o(i.TIM_OC4_SetConfig)
    TIM_OC4_SetConfig                        0x08003ae9   Thumb Code    64  stm32f1xx_hal_tim.o(i.TIM_OC4_SetConfig)
    i.TIM_TI1_ConfigInputStage               0x08003b2c   Section        0  stm32f1xx_hal_tim.o(i.TIM_TI1_ConfigInputStage)
    TIM_TI1_ConfigInputStage                 0x08003b2d   Thumb Code    34  stm32f1xx_hal_tim.o(i.TIM_TI1_ConfigInputStage)
    i.TIM_TI2_ConfigInputStage               0x08003b4e   Section        0  stm32f1xx_hal_tim.o(i.TIM_TI2_ConfigInputStage)
    TIM_TI2_ConfigInputStage                 0x08003b4f   Thumb Code    36  stm32f1xx_hal_tim.o(i.TIM_TI2_ConfigInputStage)
    i.UART_SetConfig                         0x08003b74   Section        0  stm32f1xx_hal_uart.o(i.UART_SetConfig)
    UART_SetConfig                           0x08003b75   Thumb Code   178  stm32f1xx_hal_uart.o(i.UART_SetConfig)
    i.UART_WaitOnFlagUntilTimeout            0x08003c2c   Section        0  stm32f1xx_hal_uart.o(i.UART_WaitOnFlagUntilTimeout)
    UART_WaitOnFlagUntilTimeout              0x08003c2d   Thumb Code   120  stm32f1xx_hal_uart.o(i.UART_WaitOnFlagUntilTimeout)
    i.UsageFault_Handler                     0x08003ca4   Section        0  stm32f1xx_it.o(i.UsageFault_Handler)
    i.Wheel                                  0x08003ca6   Section        0  ws2812.o(i.Wheel)
    Wheel                                    0x08003ca7   Thumb Code    94  ws2812.o(i.Wheel)
    i.Write_IIC_Command                      0x08003d04   Section        0  oled.o(i.Write_IIC_Command)
    i.Write_IIC_Data                         0x08003d28   Section        0  oled.o(i.Write_IIC_Data)
    i.__0printf                              0x08003d4c   Section        0  printfa.o(i.__0printf)
    i.__NVIC_SetPriority                     0x08003d6c   Section        0  stm32f1xx_hal_cortex.o(i.__NVIC_SetPriority)
    __NVIC_SetPriority                       0x08003d6d   Thumb Code    32  stm32f1xx_hal_cortex.o(i.__NVIC_SetPriority)
    i.__scatterload_copy                     0x08003d8c   Section       14  handlers.o(i.__scatterload_copy)
    i.__scatterload_null                     0x08003d9a   Section        2  handlers.o(i.__scatterload_null)
    i.__scatterload_zeroinit                 0x08003d9c   Section       14  handlers.o(i.__scatterload_zeroinit)
    i._fp_digits                             0x08003dac   Section        0  printfa.o(i._fp_digits)
    _fp_digits                               0x08003dad   Thumb Code   366  printfa.o(i._fp_digits)
    i._printf_core                           0x08003f30   Section        0  printfa.o(i._printf_core)
    _printf_core                             0x08003f31   Thumb Code  1744  printfa.o(i._printf_core)
    i._printf_post_padding                   0x0800460c   Section        0  printfa.o(i._printf_post_padding)
    _printf_post_padding                     0x0800460d   Thumb Code    36  printfa.o(i._printf_post_padding)
    i._printf_pre_padding                    0x08004630   Section        0  printfa.o(i._printf_pre_padding)
    _printf_pre_padding                      0x08004631   Thumb Code    46  printfa.o(i._printf_pre_padding)
    i.fputc                                  0x08004660   Section        0  main.o(i.fputc)
    i.ir_max30102_fir                        0x08004678   Section        0  max30102_fir.o(i.ir_max30102_fir)
    i.main                                   0x08004690   Section        0  main.o(i.main)
    i.max30102_fifo_read                     0x08004868   Section        0  max30102.o(i.max30102_fifo_read)
    i.max30102_fir_init                      0x080048b8   Section        0  max30102_fir.o(i.max30102_fir_init)
    i.max30102_getHeartRate                  0x080048f0   Section        0  max30102.o(i.max30102_getHeartRate)
    i.max30102_getSpO2                       0x0800498c   Section        0  max30102.o(i.max30102_getSpO2)
    i.max30102_i2c_read                      0x08004a80   Section        0  max30102.o(i.max30102_i2c_read)
    i.max30102_i2c_write                     0x08004ab0   Section        0  max30102.o(i.max30102_i2c_write)
    i.max30102_init                          0x08004ae0   Section        0  max30102.o(i.max30102_init)
    i.rainbowCycle                           0x08004b60   Section        0  ws2812.o(i.rainbowCycle)
    i.red_max30102_fir                       0x08004bb4   Section        0  max30102_fir.o(i.red_max30102_fir)
    i.rgb_show                               0x08004bcc   Section        0  ws2812.o(i.rgb_show)
    .constdata                               0x08004bf4   Section      116  max30102_fir.o(.constdata)
    .constdata                               0x08004c68   Section       18  stm32f1xx_hal_rcc.o(.constdata)
    aPredivFactorTable                       0x08004c68   Data           2  stm32f1xx_hal_rcc.o(.constdata)
    aPLLMULFactorTable                       0x08004c6a   Data          16  stm32f1xx_hal_rcc.o(.constdata)
    .constdata                               0x08004c7a   Section       16  system_stm32f1xx.o(.constdata)
    .constdata                               0x08004c8a   Section        8  system_stm32f1xx.o(.constdata)
    .data                                    0x20000000   Section        4  max30102_fir.o(.data)
    .data                                    0x20000004   Section     1472  oled.o(.data)
    .data                                    0x200005c4   Section       40  ws2812.o(.data)
    rainbow_change_flag                      0x200005c4   Data           1  ws2812.o(.data)
    j                                        0x200005c5   Data           1  ws2812.o(.data)
    j                                        0x200005c6   Data           1  ws2812.o(.data)
    loop                                     0x200005c7   Data           1  ws2812.o(.data)
    next_time                                0x200005e4   Data           4  ws2812.o(.data)
    next_time                                0x200005e8   Data           4  ws2812.o(.data)
    .data                                    0x200005ec   Section        1  main.o(.data)
    .data                                    0x200005ee   Section        2  main.o(.data)
    .data                                    0x200005f0   Section        4  main.o(.data)
    .data                                    0x200005f4   Section       12  stm32f1xx_hal.o(.data)
    .data                                    0x20000600   Section        4  system_stm32f1xx.o(.data)
    .data                                    0x20000604   Section        4  stdout.o(.data)
    .bss                                     0x20000608   Section      256  max30102_fir.o(.bss)
    firStateF32_ir                           0x20000620   Data         116  max30102_fir.o(.bss)
    firStateF32_red                          0x20000694   Data         116  max30102_fir.o(.bss)
    .bss                                     0x20000708   Section     1728  ws2812.o(.bss)
    .bss                                     0x20000dc8   Section      600  main.o(.bss)
    .bss                                     0x20001020   Section      600  main.o(.bss)
    .bss                                     0x20001278   Section      168  i2c.o(.bss)
    .bss                                     0x20001320   Section      212  tim.o(.bss)
    .bss                                     0x200013f4   Section       72  usart.o(.bss)
    STACK                                    0x20001440   Section     1024  startup_stm32f103xb.o(STACK)

    Global Symbols

    Symbol Name                              Value     Ov Type        Size  Object(Section)

    BuildAttributes$$THM_ISAv4$P$D$K$B$S$PE$A:L22UL41UL21$X:L11$S22US41US21$IEEE1$IW$USESV6$~STKCKD$USESV7$~SHL$OTIME$ROPI$EBA8$MICROLIB$REQ8$PRES8$EABIv2 0x00000000   Number         0  anon$$obj.o ABSOLUTE
    __ARM_use_no_argv                        0x00000000   Number         0  main.o ABSOLUTE
    _printf_a                                0x00000000   Number         0  stubs.o ABSOLUTE
    _printf_c                                0x00000000   Number         0  stubs.o ABSOLUTE
    _printf_charcount                        0x00000000   Number         0  stubs.o ABSOLUTE
    _printf_d                                0x00000000   Number         0  stubs.o ABSOLUTE
    _printf_e                                0x00000000   Number         0  stubs.o ABSOLUTE
    _printf_f                                0x00000000   Number         0  stubs.o ABSOLUTE
    _printf_flags                            0x00000000   Number         0  stubs.o ABSOLUTE
    _printf_fp_dec                           0x00000000   Number         0  stubs.o ABSOLUTE
    _printf_fp_hex                           0x00000000   Number         0  stubs.o ABSOLUTE
    _printf_g                                0x00000000   Number         0  stubs.o ABSOLUTE
    _printf_i                                0x00000000   Number         0  stubs.o ABSOLUTE
    _printf_int_dec                          0x00000000   Number         0  stubs.o ABSOLUTE
    _printf_l                                0x00000000   Number         0  stubs.o ABSOLUTE
    _printf_lc                               0x00000000   Number         0  stubs.o ABSOLUTE
    _printf_ll                               0x00000000   Number         0  stubs.o ABSOLUTE
    _printf_lld                              0x00000000   Number         0  stubs.o ABSOLUTE
    _printf_lli                              0x00000000   Number         0  stubs.o ABSOLUTE
    _printf_llo                              0x00000000   Number         0  stubs.o ABSOLUTE
    _printf_llu                              0x00000000   Number         0  stubs.o ABSOLUTE
    _printf_llx                              0x00000000   Number         0  stubs.o ABSOLUTE
    _printf_longlong_dec                     0x00000000   Number         0  stubs.o ABSOLUTE
    _printf_longlong_hex                     0x00000000   Number         0  stubs.o ABSOLUTE
    _printf_longlong_oct                     0x00000000   Number         0  stubs.o ABSOLUTE
    _printf_ls                               0x00000000   Number         0  stubs.o ABSOLUTE
    _printf_mbtowc                           0x00000000   Number         0  stubs.o ABSOLUTE
    _printf_n                                0x00000000   Number         0  stubs.o ABSOLUTE
    _printf_o                                0x00000000   Number         0  stubs.o ABSOLUTE
    _printf_p                                0x00000000   Number         0  stubs.o ABSOLUTE
    _printf_percent                          0x00000000   Number         0  stubs.o ABSOLUTE
    _printf_pre_padding                      0x00000000   Number         0  stubs.o ABSOLUTE
    _printf_return_value                     0x00000000   Number         0  stubs.o ABSOLUTE
    _printf_s                                0x00000000   Number         0  stubs.o ABSOLUTE
    _printf_sizespec                         0x00000000   Number         0  stubs.o ABSOLUTE
    _printf_str                              0x00000000   Number         0  stubs.o ABSOLUTE
    _printf_truncate_signed                  0x00000000   Number         0  stubs.o ABSOLUTE
    _printf_truncate_unsigned                0x00000000   Number         0  stubs.o ABSOLUTE
    _printf_u                                0x00000000   Number         0  stubs.o ABSOLUTE
    _printf_wc                               0x00000000   Number         0  stubs.o ABSOLUTE
    _printf_wctomb                           0x00000000   Number         0  stubs.o ABSOLUTE
    _printf_widthprec                        0x00000000   Number         0  stubs.o ABSOLUTE
    _printf_x                                0x00000000   Number         0  stubs.o ABSOLUTE
    __cpp_initialize__aeabi_                  - Undefined Weak Reference
    __cxa_finalize                            - Undefined Weak Reference
    _clock_init                               - Undefined Weak Reference
    _microlib_exit                            - Undefined Weak Reference
    __Vectors_Size                           0x000000ec   Number         0  startup_stm32f103xb.o ABSOLUTE
    __Vectors                                0x08000000   Data           4  startup_stm32f103xb.o(RESET)
    __Vectors_End                            0x080000ec   Data           0  startup_stm32f103xb.o(RESET)
    __main                                   0x080000ed   Thumb Code     0  entry.o(.ARM.Collect$$$$00000000)
    _main_stk                                0x080000ed   Thumb Code     0  entry2.o(.ARM.Collect$$$$00000001)
    _main_scatterload                        0x080000f1   Thumb Code     0  entry5.o(.ARM.Collect$$$$00000004)
    __main_after_scatterload                 0x080000f5   Thumb Code     0  entry5.o(.ARM.Collect$$$$00000004)
    _main_clock                              0x080000f5   Thumb Code     0  entry7b.o(.ARM.Collect$$$$00000008)
    _main_cpp_init                           0x080000f5   Thumb Code     0  entry8b.o(.ARM.Collect$$$$0000000A)
    _main_init                               0x080000f5   Thumb Code     0  entry9a.o(.ARM.Collect$$$$0000000B)
    __rt_final_cpp                           0x080000fd   Thumb Code     0  entry10a.o(.ARM.Collect$$$$0000000D)
    __rt_final_exit                          0x080000fd   Thumb Code     0  entry11a.o(.ARM.Collect$$$$0000000F)
    Reset_Handler                            0x08000101   Thumb Code     8  startup_stm32f103xb.o(.text)
    ADC1_2_IRQHandler                        0x0800011b   Thumb Code     0  startup_stm32f103xb.o(.text)
    CAN1_RX1_IRQHandler                      0x0800011b   Thumb Code     0  startup_stm32f103xb.o(.text)
    CAN1_SCE_IRQHandler                      0x0800011b   Thumb Code     0  startup_stm32f103xb.o(.text)
    DMA1_Channel2_IRQHandler                 0x0800011b   Thumb Code     0  startup_stm32f103xb.o(.text)
    DMA1_Channel3_IRQHandler                 0x0800011b   Thumb Code     0  startup_stm32f103xb.o(.text)
    DMA1_Channel4_IRQHandler                 0x0800011b   Thumb Code     0  startup_stm32f103xb.o(.text)
    DMA1_Channel5_IRQHandler                 0x0800011b   Thumb Code     0  startup_stm32f103xb.o(.text)
    DMA1_Channel6_IRQHandler                 0x0800011b   Thumb Code     0  startup_stm32f103xb.o(.text)
    DMA1_Channel7_IRQHandler                 0x0800011b   Thumb Code     0  startup_stm32f103xb.o(.text)
    EXTI0_IRQHandler                         0x0800011b   Thumb Code     0  startup_stm32f103xb.o(.text)
    EXTI15_10_IRQHandler                     0x0800011b   Thumb Code     0  startup_stm32f103xb.o(.text)
    EXTI2_IRQHandler                         0x0800011b   Thumb Code     0  startup_stm32f103xb.o(.text)
    EXTI3_IRQHandler                         0x0800011b   Thumb Code     0  startup_stm32f103xb.o(.text)
    EXTI4_IRQHandler                         0x0800011b   Thumb Code     0  startup_stm32f103xb.o(.text)
    EXTI9_5_IRQHandler                       0x0800011b   Thumb Code     0  startup_stm32f103xb.o(.text)
    FLASH_IRQHandler                         0x0800011b   Thumb Code     0  startup_stm32f103xb.o(.text)
    I2C1_ER_IRQHandler                       0x0800011b   Thumb Code     0  startup_stm32f103xb.o(.text)
    I2C1_EV_IRQHandler                       0x0800011b   Thumb Code     0  startup_stm32f103xb.o(.text)
    I2C2_ER_IRQHandler                       0x0800011b   Thumb Code     0  startup_stm32f103xb.o(.text)
    I2C2_EV_IRQHandler                       0x0800011b   Thumb Code     0  startup_stm32f103xb.o(.text)
    PVD_IRQHandler                           0x0800011b   Thumb Code     0  startup_stm32f103xb.o(.text)
    RCC_IRQHandler                           0x0800011b   Thumb Code     0  startup_stm32f103xb.o(.text)
    RTC_Alarm_IRQHandler                     0x0800011b   Thumb Code     0  startup_stm32f103xb.o(.text)
    RTC_IRQHandler                           0x0800011b   Thumb Code     0  startup_stm32f103xb.o(.text)
    SPI1_IRQHandler                          0x0800011b   Thumb Code     0  startup_stm32f103xb.o(.text)
    SPI2_IRQHandler                          0x0800011b   Thumb Code     0  startup_stm32f103xb.o(.text)
    TAMPER_IRQHandler                        0x0800011b   Thumb Code     0  startup_stm32f103xb.o(.text)
    TIM1_BRK_IRQHandler                      0x0800011b   Thumb Code     0  startup_stm32f103xb.o(.text)
    TIM1_CC_IRQHandler                       0x0800011b   Thumb Code     0  startup_stm32f103xb.o(.text)
    TIM1_TRG_COM_IRQHandler                  0x0800011b   Thumb Code     0  startup_stm32f103xb.o(.text)
    TIM1_UP_IRQHandler                       0x0800011b   Thumb Code     0  startup_stm32f103xb.o(.text)
    TIM2_IRQHandler                          0x0800011b   Thumb Code     0  startup_stm32f103xb.o(.text)
    TIM3_IRQHandler                          0x0800011b   Thumb Code     0  startup_stm32f103xb.o(.text)
    TIM4_IRQHandler                          0x0800011b   Thumb Code     0  startup_stm32f103xb.o(.text)
    USART1_IRQHandler                        0x0800011b   Thumb Code     0  startup_stm32f103xb.o(.text)
    USART2_IRQHandler                        0x0800011b   Thumb Code     0  startup_stm32f103xb.o(.text)
    USART3_IRQHandler                        0x0800011b   Thumb Code     0  startup_stm32f103xb.o(.text)
    USBWakeUp_IRQHandler                     0x0800011b   Thumb Code     0  startup_stm32f103xb.o(.text)
    USB_HP_CAN1_TX_IRQHandler                0x0800011b   Thumb Code     0  startup_stm32f103xb.o(.text)
    USB_LP_CAN1_RX0_IRQHandler               0x0800011b   Thumb Code     0  startup_stm32f103xb.o(.text)
    WWDG_IRQHandler                          0x0800011b   Thumb Code     0  startup_stm32f103xb.o(.text)
    __aeabi_llsr                             0x08000125   Thumb Code    32  llushr.o(.text)
    _ll_ushift_r                             0x08000125   Thumb Code     0  llushr.o(.text)
    __aeabi_memset                           0x08000145   Thumb Code    14  memseta.o(.text)
    __aeabi_memset4                          0x08000145   Thumb Code     0  memseta.o(.text)
    __aeabi_memset8                          0x08000145   Thumb Code     0  memseta.o(.text)
    __aeabi_memclr                           0x08000153   Thumb Code     4  memseta.o(.text)
    __aeabi_memclr4                          0x08000153   Thumb Code     0  memseta.o(.text)
    __aeabi_memclr8                          0x08000153   Thumb Code     0  memseta.o(.text)
    _memset$wrapper                          0x08000157   Thumb Code    18  memseta.o(.text)
    __aeabi_fadd                             0x08000169   Thumb Code   164  fadd.o(.text)
    __aeabi_fsub                             0x0800020d   Thumb Code     6  fadd.o(.text)
    __aeabi_frsub                            0x08000213   Thumb Code     6  fadd.o(.text)
    __aeabi_fmul                             0x08000219   Thumb Code   100  fmul.o(.text)
    __aeabi_fdiv                             0x0800027d   Thumb Code   124  fdiv.o(.text)
    __aeabi_dadd                             0x080002f9   Thumb Code   322  dadd.o(.text)
    __aeabi_dsub                             0x0800043b   Thumb Code     6  dadd.o(.text)
    __aeabi_drsub                            0x08000441   Thumb Code     6  dadd.o(.text)
    __aeabi_dmul                             0x08000447   Thumb Code   228  dmul.o(.text)
    __aeabi_ui2f                             0x0800052b   Thumb Code    10  ffltui.o(.text)
    __aeabi_f2d                              0x08000535   Thumb Code    38  f2d.o(.text)
    __aeabi_d2f                              0x0800055b   Thumb Code    56  d2f.o(.text)
    __aeabi_cfcmpeq                          0x08000595   Thumb Code     0  cfcmple.o(.text)
    __aeabi_cfcmple                          0x08000595   Thumb Code    20  cfcmple.o(.text)
    __aeabi_cfrcmple                         0x080005a9   Thumb Code    20  cfrcmple.o(.text)
    __aeabi_uidiv                            0x080005bd   Thumb Code     0  uidiv.o(.text)
    __aeabi_uidivmod                         0x080005bd   Thumb Code    44  uidiv.o(.text)
    __aeabi_uldivmod                         0x080005e9   Thumb Code    98  uldiv.o(.text)
    __aeabi_llsl                             0x0800064b   Thumb Code    30  llshl.o(.text)
    _ll_shift_l                              0x0800064b   Thumb Code     0  llshl.o(.text)
    __aeabi_lasr                             0x08000669   Thumb Code    36  llsshr.o(.text)
    _ll_sshift_r                             0x08000669   Thumb Code     0  llsshr.o(.text)
    __I$use$fp                               0x0800068d   Thumb Code     0  iusefp.o(.text)
    _float_round                             0x0800068d   Thumb Code    18  fepilogue.o(.text)
    _float_epilogue                          0x0800069f   Thumb Code    92  fepilogue.o(.text)
    _double_round                            0x080006fb   Thumb Code    30  depilogue.o(.text)
    _double_epilogue                         0x08000719   Thumb Code   156  depilogue.o(.text)
    __aeabi_ddiv                             0x080007b5   Thumb Code   222  ddiv.o(.text)
    __aeabi_d2ulz                            0x08000893   Thumb Code    48  dfixul.o(.text)
    __aeabi_cdrcmple                         0x080008c5   Thumb Code    48  cdrcmple.o(.text)
    __scatterload                            0x080008f5   Thumb Code    28  init.o(.text)
    __scatterload_rt2                        0x080008f5   Thumb Code     0  init.o(.text)
    __decompress                             0x08000919   Thumb Code     0  __dczerorl2.o(.text)
    __decompress1                            0x08000919   Thumb Code    86  __dczerorl2.o(.text)
    arm_fir_f32                              0x08000971   Thumb Code  2122  arm_fir_f32.o(.text.arm_fir_f32)
    arm_fir_init_f32                         0x080011bb   Thumb Code    32  arm_fir_init_f32.o(.text.arm_fir_init_f32)
    BusFault_Handler                         0x080011db   Thumb Code     2  stm32f1xx_it.o(i.BusFault_Handler)
    DMA1_Channel1_IRQHandler                 0x080011dd   Thumb Code     6  stm32f1xx_it.o(i.DMA1_Channel1_IRQHandler)
    DebugMon_Handler                         0x08001213   Thumb Code     2  stm32f1xx_it.o(i.DebugMon_Handler)
    EXTI1_IRQHandler                         0x08001215   Thumb Code     6  stm32f1xx_it.o(i.EXTI1_IRQHandler)
    Error_Handler                            0x0800121b   Thumb Code     4  main.o(i.Error_Handler)
    HAL_DMA_Abort_IT                         0x08001221   Thumb Code   148  stm32f1xx_hal_dma.o(i.HAL_DMA_Abort_IT)
    HAL_DMA_IRQHandler                       0x080012b9   Thumb Code   316  stm32f1xx_hal_dma.o(i.HAL_DMA_IRQHandler)
    HAL_DMA_Init                             0x0800140d   Thumb Code    84  stm32f1xx_hal_dma.o(i.HAL_DMA_Init)
    HAL_DMA_Start_IT                         0x08001469   Thumb Code   112  stm32f1xx_hal_dma.o(i.HAL_DMA_Start_IT)
    HAL_Delay                                0x080014d9   Thumb Code    32  stm32f1xx_hal.o(i.HAL_Delay)
    HAL_GPIO_EXTI_Callback                   0x080014fd   Thumb Code    12  max30102.o(i.HAL_GPIO_EXTI_Callback)
    HAL_GPIO_EXTI_IRQHandler                 0x0800150d   Thumb Code    18  stm32f1xx_hal_gpio.o(i.HAL_GPIO_EXTI_IRQHandler)
    HAL_GPIO_Init                            0x08001525   Thumb Code   446  stm32f1xx_hal_gpio.o(i.HAL_GPIO_Init)
    HAL_GPIO_WritePin                        0x08001705   Thumb Code    10  stm32f1xx_hal_gpio.o(i.HAL_GPIO_WritePin)
    HAL_GetTick                              0x08001711   Thumb Code     6  stm32f1xx_hal.o(i.HAL_GetTick)
    HAL_I2C_Init                             0x0800171d   Thumb Code   376  stm32f1xx_hal_i2c.o(i.HAL_I2C_Init)
    HAL_I2C_Master_Receive                   0x080018a5   Thumb Code   576  stm32f1xx_hal_i2c.o(i.HAL_I2C_Master_Receive)
    HAL_I2C_Master_Transmit                  0x08001af5   Thumb Code   290  stm32f1xx_hal_i2c.o(i.HAL_I2C_Master_Transmit)
    HAL_I2C_Mem_Write                        0x08001c21   Thumb Code   294  stm32f1xx_hal_i2c.o(i.HAL_I2C_Mem_Write)
    HAL_I2C_MspInit                          0x08001d51   Thumb Code   134  i2c.o(i.HAL_I2C_MspInit)
    HAL_IncTick                              0x08001de9   Thumb Code    12  stm32f1xx_hal.o(i.HAL_IncTick)
    HAL_Init                                 0x08001df9   Thumb Code    32  stm32f1xx_hal.o(i.HAL_Init)
    HAL_InitTick                             0x08001e1d   Thumb Code    54  stm32f1xx_hal.o(i.HAL_InitTick)
    HAL_MspInit                              0x08001e5d   Thumb Code    52  stm32f1xx_hal_msp.o(i.HAL_MspInit)
    HAL_NVIC_EnableIRQ                       0x08001e99   Thumb Code    26  stm32f1xx_hal_cortex.o(i.HAL_NVIC_EnableIRQ)
    HAL_NVIC_SetPriority                     0x08001eb5   Thumb Code    60  stm32f1xx_hal_cortex.o(i.HAL_NVIC_SetPriority)
    HAL_NVIC_SetPriorityGrouping             0x08001ef5   Thumb Code    26  stm32f1xx_hal_cortex.o(i.HAL_NVIC_SetPriorityGrouping)
    HAL_RCC_ClockConfig                      0x08001f19   Thumb Code   280  stm32f1xx_hal_rcc.o(i.HAL_RCC_ClockConfig)
    HAL_RCC_GetPCLK1Freq                     0x08002045   Thumb Code    20  stm32f1xx_hal_rcc.o(i.HAL_RCC_GetPCLK1Freq)
    HAL_RCC_GetPCLK2Freq                     0x08002065   Thumb Code    20  stm32f1xx_hal_rcc.o(i.HAL_RCC_GetPCLK2Freq)
    HAL_RCC_GetSysClockFreq                  0x08002085   Thumb Code    58  stm32f1xx_hal_rcc.o(i.HAL_RCC_GetSysClockFreq)
    HAL_RCC_OscConfig                        0x080020d1   Thumb Code   778  stm32f1xx_hal_rcc.o(i.HAL_RCC_OscConfig)
    HAL_SYSTICK_Config                       0x080023f1   Thumb Code    40  stm32f1xx_hal_cortex.o(i.HAL_SYSTICK_Config)
    HAL_TIMEx_MasterConfigSynchronization    0x08002419   Thumb Code    92  stm32f1xx_hal_tim_ex.o(i.HAL_TIMEx_MasterConfigSynchronization)
    HAL_TIM_Base_Init                        0x08002481   Thumb Code    90  stm32f1xx_hal_tim.o(i.HAL_TIM_Base_Init)
    HAL_TIM_Base_MspInit                     0x080024dd   Thumb Code   102  tim.o(i.HAL_TIM_Base_MspInit)
    HAL_TIM_ConfigClockSource                0x08002555   Thumb Code   220  stm32f1xx_hal_tim.o(i.HAL_TIM_ConfigClockSource)
    HAL_TIM_ErrorCallback                    0x08002631   Thumb Code     2  stm32f1xx_hal_tim.o(i.HAL_TIM_ErrorCallback)
    HAL_TIM_MspPostInit                      0x08002635   Thumb Code    88  tim.o(i.HAL_TIM_MspPostInit)
    HAL_TIM_PWM_ConfigChannel                0x08002699   Thumb Code   204  stm32f1xx_hal_tim.o(i.HAL_TIM_PWM_ConfigChannel)
    HAL_TIM_PWM_Init                         0x08002765   Thumb Code    90  stm32f1xx_hal_tim.o(i.HAL_TIM_PWM_Init)
    HAL_TIM_PWM_MspInit                      0x080027bf   Thumb Code     2  stm32f1xx_hal_tim.o(i.HAL_TIM_PWM_MspInit)
    HAL_TIM_PWM_PulseFinishedCallback        0x080027c1   Thumb Code    20  ws2812.o(i.HAL_TIM_PWM_PulseFinishedCallback)
    HAL_TIM_PWM_PulseFinishedHalfCpltCallback 0x080027d9   Thumb Code     2  stm32f1xx_hal_tim.o(i.HAL_TIM_PWM_PulseFinishedHalfCpltCallback)
    HAL_TIM_PWM_Start                        0x080027dd   Thumb Code   144  stm32f1xx_hal_tim.o(i.HAL_TIM_PWM_Start)
    HAL_TIM_PWM_Start_DMA                    0x08002879   Thumb Code   378  stm32f1xx_hal_tim.o(i.HAL_TIM_PWM_Start_DMA)
    HAL_TIM_PWM_Stop                         0x08002a0d   Thumb Code   108  stm32f1xx_hal_tim.o(i.HAL_TIM_PWM_Stop)
    HAL_TIM_PWM_Stop_DMA                     0x08002a7d   Thumb Code   190  stm32f1xx_hal_tim.o(i.HAL_TIM_PWM_Stop_DMA)
    HAL_UART_Init                            0x08002b41   Thumb Code   100  stm32f1xx_hal_uart.o(i.HAL_UART_Init)
    HAL_UART_MspInit                         0x08002ba5   Thumb Code   100  usart.o(i.HAL_UART_MspInit)
    HAL_UART_Transmit                        0x08002c15   Thumb Code   154  stm32f1xx_hal_uart.o(i.HAL_UART_Transmit)
    HardFault_Handler                        0x08002caf   Thumb Code     2  stm32f1xx_it.o(i.HardFault_Handler)
    MAX30102_Get_DATA                        0x0800317d   Thumb Code   168  max30102.o(i.MAX30102_Get_DATA)
    MX_DMA_Init                              0x08003245   Thumb Code    40  dma.o(i.MX_DMA_Init)
    MX_GPIO_Init                             0x08003271   Thumb Code   134  gpio.o(i.MX_GPIO_Init)
    MX_I2C1_Init                             0x08003309   Thumb Code    50  i2c.o(i.MX_I2C1_Init)
    MX_I2C2_Init                             0x08003349   Thumb Code    50  i2c.o(i.MX_I2C2_Init)
    MX_TIM2_Init                             0x08003389   Thumb Code   142  tim.o(i.MX_TIM2_Init)
    MX_TIM3_Init                             0x0800341d   Thumb Code   148  tim.o(i.MX_TIM3_Init)
    MX_USART1_UART_Init                      0x080034b9   Thumb Code    48  usart.o(i.MX_USART1_UART_Init)
    MemManage_Handler                        0x080034f1   Thumb Code     2  stm32f1xx_it.o(i.MemManage_Handler)
    NMI_Handler                              0x080034f3   Thumb Code     2  stm32f1xx_it.o(i.NMI_Handler)
    OLED_Clear                               0x080034f5   Thumb Code    58  oled.o(i.OLED_Clear)
    OLED_Init                                0x0800352f   Thumb Code   230  oled.o(i.OLED_Init)
    OLED_Set_Pos                             0x08003615   Thumb Code    42  oled.o(i.OLED_Set_Pos)
    OLED_ShowCHinese24                       0x08003641   Thumb Code   108  oled.o(i.OLED_ShowCHinese24)
    OLED_ShowNUM24                           0x080036b1   Thumb Code   106  oled.o(i.OLED_ShowNUM24)
    OLED_WR_Byte                             0x08003721   Thumb Code    12  oled.o(i.OLED_WR_Byte)
    PendSV_Handler                           0x0800372d   Thumb Code     2  stm32f1xx_it.o(i.PendSV_Handler)
    RGB_SendArray                            0x08003731   Thumb Code    14  ws2812.o(i.RGB_SendArray)
    RGB_SetColor                             0x08003749   Thumb Code   128  ws2812.o(i.RGB_SetColor)
    Reset_Load                               0x080037cd   Thumb Code    26  ws2812.o(i.Reset_Load)
    SVC_Handler                              0x080037ed   Thumb Code     2  stm32f1xx_it.o(i.SVC_Handler)
    SysTick_Handler                          0x080037ef   Thumb Code     4  stm32f1xx_it.o(i.SysTick_Handler)
    SystemClock_Config                       0x080037f3   Thumb Code    94  main.o(i.SystemClock_Config)
    SystemInit                               0x08003851   Thumb Code     2  system_stm32f1xx.o(i.SystemInit)
    TIM_Base_SetConfig                       0x08003855   Thumb Code    94  stm32f1xx_hal_tim.o(i.TIM_Base_SetConfig)
    TIM_CCxChannelCmd                        0x080038c1   Thumb Code    26  stm32f1xx_hal_tim.o(i.TIM_CCxChannelCmd)
    TIM_DMADelayPulseHalfCplt                0x08003939   Thumb Code    56  stm32f1xx_hal_tim.o(i.TIM_DMADelayPulseHalfCplt)
    TIM_DMAError                             0x08003971   Thumb Code    84  stm32f1xx_hal_tim.o(i.TIM_DMAError)
    TIM_ETR_SetConfig                        0x080039c5   Thumb Code    20  stm32f1xx_hal_tim.o(i.TIM_ETR_SetConfig)
    TIM_OC2_SetConfig                        0x08003a39   Thumb Code    84  stm32f1xx_hal_tim.o(i.TIM_OC2_SetConfig)
    UsageFault_Handler                       0x08003ca5   Thumb Code     2  stm32f1xx_it.o(i.UsageFault_Handler)
    Write_IIC_Command                        0x08003d05   Thumb Code    32  oled.o(i.Write_IIC_Command)
    Write_IIC_Data                           0x08003d29   Thumb Code    32  oled.o(i.Write_IIC_Data)
    __0printf                                0x08003d4d   Thumb Code    22  printfa.o(i.__0printf)
    __1printf                                0x08003d4d   Thumb Code     0  printfa.o(i.__0printf)
    __2printf                                0x08003d4d   Thumb Code     0  printfa.o(i.__0printf)
    __c89printf                              0x08003d4d   Thumb Code     0  printfa.o(i.__0printf)
    printf                                   0x08003d4d   Thumb Code     0  printfa.o(i.__0printf)
    __scatterload_copy                       0x08003d8d   Thumb Code    14  handlers.o(i.__scatterload_copy)
    __scatterload_null                       0x08003d9b   Thumb Code     2  handlers.o(i.__scatterload_null)
    __scatterload_zeroinit                   0x08003d9d   Thumb Code    14  handlers.o(i.__scatterload_zeroinit)
    fputc                                    0x08004661   Thumb Code    20  main.o(i.fputc)
    ir_max30102_fir                          0x08004679   Thumb Code    14  max30102_fir.o(i.ir_max30102_fir)
    main                                     0x08004691   Thumb Code   420  main.o(i.main)
    max30102_fifo_read                       0x08004869   Thumb Code    78  max30102.o(i.max30102_fifo_read)
    max30102_fir_init                        0x080048b9   Thumb Code    44  max30102_fir.o(i.max30102_fir_init)
    max30102_getHeartRate                    0x080048f1   Thumb Code   156  max30102.o(i.max30102_getHeartRate)
    max30102_getSpO2                         0x0800498d   Thumb Code   220  max30102.o(i.max30102_getSpO2)
    max30102_i2c_read                        0x08004a81   Thumb Code    42  max30102.o(i.max30102_i2c_read)
    max30102_i2c_write                       0x08004ab1   Thumb Code    36  max30102.o(i.max30102_i2c_write)
    max30102_init                            0x08004ae1   Thumb Code   126  max30102.o(i.max30102_init)
    rainbowCycle                             0x08004b61   Thumb Code    80  ws2812.o(i.rainbowCycle)
    red_max30102_fir                         0x08004bb5   Thumb Code    14  max30102_fir.o(i.red_max30102_fir)
    rgb_show                                 0x08004bcd   Thumb Code    38  ws2812.o(i.rgb_show)
    firCoeffs32LP                            0x08004bf4   Data         116  max30102_fir.o(.constdata)
    AHBPrescTable                            0x08004c7a   Data          16  system_stm32f1xx.o(.constdata)
    APBPrescTable                            0x08004c8a   Data           8  system_stm32f1xx.o(.constdata)
    Region$$Table$$Base                      0x08004c94   Number         0  anon$$obj.o(Region$$Table)
    Region$$Table$$Limit                     0x08004cb4   Number         0  anon$$obj.o(Region$$Table)
    blockSize                                0x20000000   Data           4  max30102_fir.o(.data)
    Hzk                                      0x20000004   Data         896  oled.o(.data)
    CHI_24_24                                0x20000384   Data         144  oled.o(.data)
    NUM_24_24                                0x20000414   Data         432  oled.o(.data)
    RED                                      0x200005c8   Data           3  ws2812.o(.data)
    ORANGE                                   0x200005cb   Data           3  ws2812.o(.data)
    YELLOW                                   0x200005ce   Data           3  ws2812.o(.data)
    GREEN                                    0x200005d1   Data           3  ws2812.o(.data)
    CYAN                                     0x200005d4   Data           3  ws2812.o(.data)
    BLUE                                     0x200005d7   Data           3  ws2812.o(.data)
    PURPLE                                   0x200005da   Data           3  ws2812.o(.data)
    BLACK                                    0x200005dd   Data           3  ws2812.o(.data)
    WHITE                                    0x200005e0   Data           3  ws2812.o(.data)
    max30102_int_flag                        0x200005ec   Data           1  main.o(.data)
    cache_counter                            0x200005ee   Data           2  main.o(.data)
    touch_30102                              0x200005f0   Data           4  main.o(.data)
    uwTickFreq                               0x200005f4   Data           1  stm32f1xx_hal.o(.data)
    uwTickPrio                               0x200005f8   Data           4  stm32f1xx_hal.o(.data)
    uwTick                                   0x200005fc   Data           4  stm32f1xx_hal.o(.data)
    SystemCoreClock                          0x20000600   Data           4  system_stm32f1xx.o(.data)
    __stdout                                 0x20000604   Data           4  stdout.o(.data)
    S_ir                                     0x20000608   Data          12  max30102_fir.o(.bss)
    S_red                                    0x20000614   Data          12  max30102_fir.o(.bss)
    Pixel_Buf                                0x20000708   Data        1728  ws2812.o(.bss)
    ppg_data_cache_RED                       0x20000dc8   Data         600  main.o(.bss)
    ppg_data_cache_IR                        0x20001020   Data         600  main.o(.bss)
    hi2c1                                    0x20001278   Data          84  i2c.o(.bss)
    hi2c2                                    0x200012cc   Data          84  i2c.o(.bss)
    htim2                                    0x20001320   Data          72  tim.o(.bss)
    htim3                                    0x20001368   Data          72  tim.o(.bss)
    hdma_tim2_ch3                            0x200013b0   Data          68  tim.o(.bss)
    huart1                                   0x200013f4   Data          72  usart.o(.bss)
    __initial_sp                             0x20001840   Data           0  startup_stm32f103xb.o(STACK)



==============================================================================

Memory Map of the image

  Image Entry point : 0x080000ed

  Load Region LR_IROM1 (Base: 0x08000000, Size: 0x000052bc, Max: 0x00010000, ABSOLUTE, COMPRESSED[0x00004f68])

    Execution Region ER_IROM1 (Exec base: 0x08000000, Load base: 0x08000000, Size: 0x00004cb4, Max: 0x00010000, ABSOLUTE)

    Exec Addr    Load Addr    Size         Type   Attr      Idx    E Section Name        Object

    0x08000000   0x08000000   0x000000ec   Data   RO            3    RESET               startup_stm32f103xb.o
    0x080000ec   0x080000ec   0x00000000   Code   RO         3731  * .ARM.Collect$$$$00000000  mc_w.l(entry.o)
    0x080000ec   0x080000ec   0x00000004   Code   RO         4019    .ARM.Collect$$$$00000001  mc_w.l(entry2.o)
    0x080000f0   0x080000f0   0x00000004   Code   RO         4022    .ARM.Collect$$$$00000004  mc_w.l(entry5.o)
    0x080000f4   0x080000f4   0x00000000   Code   RO         4024    .ARM.Collect$$$$00000008  mc_w.l(entry7b.o)
    0x080000f4   0x080000f4   0x00000000   Code   RO         4026    .ARM.Collect$$$$0000000A  mc_w.l(entry8b.o)
    0x080000f4   0x080000f4   0x00000008   Code   RO         4027    .ARM.Collect$$$$0000000B  mc_w.l(entry9a.o)
    0x080000fc   0x080000fc   0x00000000   Code   RO         4029    .ARM.Collect$$$$0000000D  mc_w.l(entry10a.o)
    0x080000fc   0x080000fc   0x00000000   Code   RO         4031    .ARM.Collect$$$$0000000F  mc_w.l(entry11a.o)
    0x080000fc   0x080000fc   0x00000004   Code   RO         4020    .ARM.Collect$$$$00002712  mc_w.l(entry2.o)
    0x08000100   0x08000100   0x00000024   Code   RO            4    .text               startup_stm32f103xb.o
    0x08000124   0x08000124   0x00000020   Code   RO         3734    .text               mc_w.l(llushr.o)
    0x08000144   0x08000144   0x00000024   Code   RO         3736    .text               mc_w.l(memseta.o)
    0x08000168   0x08000168   0x000000b0   Code   RO         3999    .text               mf_w.l(fadd.o)
    0x08000218   0x08000218   0x00000064   Code   RO         4001    .text               mf_w.l(fmul.o)
    0x0800027c   0x0800027c   0x0000007c   Code   RO         4003    .text               mf_w.l(fdiv.o)
    0x080002f8   0x080002f8   0x0000014e   Code   RO         4005    .text               mf_w.l(dadd.o)
    0x08000446   0x08000446   0x000000e4   Code   RO         4007    .text               mf_w.l(dmul.o)
    0x0800052a   0x0800052a   0x0000000a   Code   RO         4009    .text               mf_w.l(ffltui.o)
    0x08000534   0x08000534   0x00000026   Code   RO         4011    .text               mf_w.l(f2d.o)
    0x0800055a   0x0800055a   0x00000038   Code   RO         4013    .text               mf_w.l(d2f.o)
    0x08000592   0x08000592   0x00000002   PAD
    0x08000594   0x08000594   0x00000014   Code   RO         4015    .text               mf_w.l(cfcmple.o)
    0x080005a8   0x080005a8   0x00000014   Code   RO         4017    .text               mf_w.l(cfrcmple.o)
    0x080005bc   0x080005bc   0x0000002c   Code   RO         4034    .text               mc_w.l(uidiv.o)
    0x080005e8   0x080005e8   0x00000062   Code   RO         4036    .text               mc_w.l(uldiv.o)
    0x0800064a   0x0800064a   0x0000001e   Code   RO         4038    .text               mc_w.l(llshl.o)
    0x08000668   0x08000668   0x00000024   Code   RO         4040    .text               mc_w.l(llsshr.o)
    0x0800068c   0x0800068c   0x00000000   Code   RO         4042    .text               mc_w.l(iusefp.o)
    0x0800068c   0x0800068c   0x0000006e   Code   RO         4043    .text               mf_w.l(fepilogue.o)
    0x080006fa   0x080006fa   0x000000ba   Code   RO         4045    .text               mf_w.l(depilogue.o)
    0x080007b4   0x080007b4   0x000000de   Code   RO         4047    .text               mf_w.l(ddiv.o)
    0x08000892   0x08000892   0x00000030   Code   RO         4049    .text               mf_w.l(dfixul.o)
    0x080008c2   0x080008c2   0x00000002   PAD
    0x080008c4   0x080008c4   0x00000030   Code   RO         4051    .text               mf_w.l(cdrcmple.o)
    0x080008f4   0x080008f4   0x00000024   Code   RO         4053    .text               mc_w.l(init.o)
    0x08000918   0x08000918   0x00000056   Code   RO         4063    .text               mc_w.l(__dczerorl2.o)
    0x0800096e   0x0800096e   0x00000002   PAD
    0x08000970   0x08000970   0x0000084a   Code   RO         3712    .text.arm_fir_f32   arm_cortexM3l_math.lib(arm_fir_f32.o)
    0x080011ba   0x080011ba   0x00000020   Code   RO         3722    .text.arm_fir_init_f32  arm_cortexM3l_math.lib(arm_fir_init_f32.o)
    0x080011da   0x080011da   0x00000002   Code   RO          778    i.BusFault_Handler  stm32f1xx_it.o
    0x080011dc   0x080011dc   0x0000000c   Code   RO          779    i.DMA1_Channel1_IRQHandler  stm32f1xx_it.o
    0x080011e8   0x080011e8   0x0000002a   Code   RO         1743    i.DMA_SetConfig     stm32f1xx_hal_dma.o
    0x08001212   0x08001212   0x00000002   Code   RO          780    i.DebugMon_Handler  stm32f1xx_it.o
    0x08001214   0x08001214   0x00000006   Code   RO          781    i.EXTI1_IRQHandler  stm32f1xx_it.o
    0x0800121a   0x0800121a   0x00000004   Code   RO          510    i.Error_Handler     main.o
    0x0800121e   0x0800121e   0x00000002   PAD
    0x08001220   0x08001220   0x00000098   Code   RO         1745    i.HAL_DMA_Abort_IT  stm32f1xx_hal_dma.o
    0x080012b8   0x080012b8   0x00000154   Code   RO         1749    i.HAL_DMA_IRQHandler  stm32f1xx_hal_dma.o
    0x0800140c   0x0800140c   0x0000005c   Code   RO         1750    i.HAL_DMA_Init      stm32f1xx_hal_dma.o
    0x08001468   0x08001468   0x00000070   Code   RO         1754    i.HAL_DMA_Start_IT  stm32f1xx_hal_dma.o
    0x080014d8   0x080014d8   0x00000024   Code   RO         1370    i.HAL_Delay         stm32f1xx_hal.o
    0x080014fc   0x080014fc   0x00000010   Code   RO           13    i.HAL_GPIO_EXTI_Callback  max30102.o
    0x0800150c   0x0800150c   0x00000018   Code   RO         1679    i.HAL_GPIO_EXTI_IRQHandler  stm32f1xx_hal_gpio.o
    0x08001524   0x08001524   0x000001e0   Code   RO         1680    i.HAL_GPIO_Init     stm32f1xx_hal_gpio.o
    0x08001704   0x08001704   0x0000000a   Code   RO         1684    i.HAL_GPIO_WritePin  stm32f1xx_hal_gpio.o
    0x0800170e   0x0800170e   0x00000002   PAD
    0x08001710   0x08001710   0x0000000c   Code   RO         1374    i.HAL_GetTick       stm32f1xx_hal.o
    0x0800171c   0x0800171c   0x00000188   Code   RO          937    i.HAL_I2C_Init      stm32f1xx_hal_i2c.o
    0x080018a4   0x080018a4   0x00000250   Code   RO          943    i.HAL_I2C_Master_Receive  stm32f1xx_hal_i2c.o
    0x08001af4   0x08001af4   0x0000012c   Code   RO          950    i.HAL_I2C_Master_Transmit  stm32f1xx_hal_i2c.o
    0x08001c20   0x08001c20   0x00000130   Code   RO          958    i.HAL_I2C_Mem_Write  stm32f1xx_hal_i2c.o
    0x08001d50   0x08001d50   0x00000098   Code   RO          635    i.HAL_I2C_MspInit   i2c.o
    0x08001de8   0x08001de8   0x00000010   Code   RO         1380    i.HAL_IncTick       stm32f1xx_hal.o
    0x08001df8   0x08001df8   0x00000024   Code   RO         1381    i.HAL_Init          stm32f1xx_hal.o
    0x08001e1c   0x08001e1c   0x00000040   Code   RO         1382    i.HAL_InitTick      stm32f1xx_hal.o
    0x08001e5c   0x08001e5c   0x0000003c   Code   RO          866    i.HAL_MspInit       stm32f1xx_hal_msp.o
    0x08001e98   0x08001e98   0x0000001a   Code   RO         1840    i.HAL_NVIC_EnableIRQ  stm32f1xx_hal_cortex.o
    0x08001eb2   0x08001eb2   0x00000002   PAD
    0x08001eb4   0x08001eb4   0x00000040   Code   RO         1846    i.HAL_NVIC_SetPriority  stm32f1xx_hal_cortex.o
    0x08001ef4   0x08001ef4   0x00000024   Code   RO         1847    i.HAL_NVIC_SetPriorityGrouping  stm32f1xx_hal_cortex.o
    0x08001f18   0x08001f18   0x0000012c   Code   RO         1538    i.HAL_RCC_ClockConfig  stm32f1xx_hal_rcc.o
    0x08002044   0x08002044   0x00000020   Code   RO         1545    i.HAL_RCC_GetPCLK1Freq  stm32f1xx_hal_rcc.o
    0x08002064   0x08002064   0x00000020   Code   RO         1546    i.HAL_RCC_GetPCLK2Freq  stm32f1xx_hal_rcc.o
    0x08002084   0x08002084   0x0000004c   Code   RO         1547    i.HAL_RCC_GetSysClockFreq  stm32f1xx_hal_rcc.o
    0x080020d0   0x080020d0   0x00000320   Code   RO         1550    i.HAL_RCC_OscConfig  stm32f1xx_hal_rcc.o
    0x080023f0   0x080023f0   0x00000028   Code   RO         1851    i.HAL_SYSTICK_Config  stm32f1xx_hal_cortex.o
    0x08002418   0x08002418   0x00000068   Code   RO         3065    i.HAL_TIMEx_MasterConfigSynchronization  stm32f1xx_hal_tim_ex.o
    0x08002480   0x08002480   0x0000005a   Code   RO         2342    i.HAL_TIM_Base_Init  stm32f1xx_hal_tim.o
    0x080024da   0x080024da   0x00000002   PAD
    0x080024dc   0x080024dc   0x00000078   Code   RO          683    i.HAL_TIM_Base_MspInit  tim.o
    0x08002554   0x08002554   0x000000dc   Code   RO         2351    i.HAL_TIM_ConfigClockSource  stm32f1xx_hal_tim.o
    0x08002630   0x08002630   0x00000002   Code   RO         2372    i.HAL_TIM_ErrorCallback  stm32f1xx_hal_tim.o
    0x08002632   0x08002632   0x00000002   PAD
    0x08002634   0x08002634   0x00000064   Code   RO          684    i.HAL_TIM_MspPostInit  tim.o
    0x08002698   0x08002698   0x000000cc   Code   RO         2414    i.HAL_TIM_PWM_ConfigChannel  stm32f1xx_hal_tim.o
    0x08002764   0x08002764   0x0000005a   Code   RO         2417    i.HAL_TIM_PWM_Init  stm32f1xx_hal_tim.o
    0x080027be   0x080027be   0x00000002   Code   RO         2419    i.HAL_TIM_PWM_MspInit  stm32f1xx_hal_tim.o
    0x080027c0   0x080027c0   0x00000018   Code   RO          406    i.HAL_TIM_PWM_PulseFinishedCallback  ws2812.o
    0x080027d8   0x080027d8   0x00000002   Code   RO         2421    i.HAL_TIM_PWM_PulseFinishedHalfCpltCallback  stm32f1xx_hal_tim.o
    0x080027da   0x080027da   0x00000002   PAD
    0x080027dc   0x080027dc   0x0000009c   Code   RO         2422    i.HAL_TIM_PWM_Start  stm32f1xx_hal_tim.o
    0x08002878   0x08002878   0x00000194   Code   RO         2423    i.HAL_TIM_PWM_Start_DMA  stm32f1xx_hal_tim.o
    0x08002a0c   0x08002a0c   0x00000070   Code   RO         2425    i.HAL_TIM_PWM_Stop  stm32f1xx_hal_tim.o
    0x08002a7c   0x08002a7c   0x000000c4   Code   RO         2426    i.HAL_TIM_PWM_Stop_DMA  stm32f1xx_hal_tim.o
    0x08002b40   0x08002b40   0x00000064   Code   RO         3343    i.HAL_UART_Init     stm32f1xx_hal_uart.o
    0x08002ba4   0x08002ba4   0x00000070   Code   RO          737    i.HAL_UART_MspInit  usart.o
    0x08002c14   0x08002c14   0x0000009a   Code   RO         3351    i.HAL_UART_Transmit  stm32f1xx_hal_uart.o
    0x08002cae   0x08002cae   0x00000002   Code   RO          782    i.HardFault_Handler  stm32f1xx_it.o
    0x08002cb0   0x08002cb0   0x0000002e   Code   RO          980    i.I2C_IsAcknowledgeFailed  stm32f1xx_hal_i2c.o
    0x08002cde   0x08002cde   0x00000002   PAD
    0x08002ce0   0x08002ce0   0x000000ec   Code   RO          983    i.I2C_MasterRequestRead  stm32f1xx_hal_i2c.o
    0x08002dcc   0x08002dcc   0x0000009c   Code   RO          984    i.I2C_MasterRequestWrite  stm32f1xx_hal_i2c.o
    0x08002e68   0x08002e68   0x000000a8   Code   RO          991    i.I2C_RequestMemoryWrite  stm32f1xx_hal_i2c.o
    0x08002f10   0x08002f10   0x00000056   Code   RO          995    i.I2C_WaitOnBTFFlagUntilTimeout  stm32f1xx_hal_i2c.o
    0x08002f66   0x08002f66   0x00000002   PAD
    0x08002f68   0x08002f68   0x00000090   Code   RO          996    i.I2C_WaitOnFlagUntilTimeout  stm32f1xx_hal_i2c.o
    0x08002ff8   0x08002ff8   0x000000bc   Code   RO          997    i.I2C_WaitOnMasterAddressFlagUntilTimeout  stm32f1xx_hal_i2c.o
    0x080030b4   0x080030b4   0x00000070   Code   RO          998    i.I2C_WaitOnRXNEFlagUntilTimeout  stm32f1xx_hal_i2c.o
    0x08003124   0x08003124   0x00000056   Code   RO          999    i.I2C_WaitOnTXEFlagUntilTimeout  stm32f1xx_hal_i2c.o
    0x0800317a   0x0800317a   0x00000002   PAD
    0x0800317c   0x0800317c   0x000000c8   Code   RO           14    i.MAX30102_Get_DATA  max30102.o
    0x08003244   0x08003244   0x0000002c   Code   RO          610    i.MX_DMA_Init       dma.o
    0x08003270   0x08003270   0x00000098   Code   RO          586    i.MX_GPIO_Init      gpio.o
    0x08003308   0x08003308   0x00000040   Code   RO          636    i.MX_I2C1_Init      i2c.o
    0x08003348   0x08003348   0x00000040   Code   RO          637    i.MX_I2C2_Init      i2c.o
    0x08003388   0x08003388   0x00000094   Code   RO          685    i.MX_TIM2_Init      tim.o
    0x0800341c   0x0800341c   0x0000009c   Code   RO          686    i.MX_TIM3_Init      tim.o
    0x080034b8   0x080034b8   0x00000038   Code   RO          738    i.MX_USART1_UART_Init  usart.o
    0x080034f0   0x080034f0   0x00000002   Code   RO          783    i.MemManage_Handler  stm32f1xx_it.o
    0x080034f2   0x080034f2   0x00000002   Code   RO          784    i.NMI_Handler       stm32f1xx_it.o
    0x080034f4   0x080034f4   0x0000003a   Code   RO          246    i.OLED_Clear        oled.o
    0x0800352e   0x0800352e   0x000000e6   Code   RO          252    i.OLED_Init         oled.o
    0x08003614   0x08003614   0x0000002a   Code   RO          255    i.OLED_Set_Pos      oled.o
    0x0800363e   0x0800363e   0x00000002   PAD
    0x08003640   0x08003640   0x00000070   Code   RO          257    i.OLED_ShowCHinese24  oled.o
    0x080036b0   0x080036b0   0x00000070   Code   RO          259    i.OLED_ShowNUM24    oled.o
    0x08003720   0x08003720   0x0000000c   Code   RO          262    i.OLED_WR_Byte      oled.o
    0x0800372c   0x0800372c   0x00000002   Code   RO          785    i.PendSV_Handler    stm32f1xx_it.o
    0x0800372e   0x0800372e   0x00000002   PAD
    0x08003730   0x08003730   0x00000018   Code   RO          410    i.RGB_SendArray     ws2812.o
    0x08003748   0x08003748   0x00000084   Code   RO          411    i.RGB_SetColor      ws2812.o
    0x080037cc   0x080037cc   0x00000020   Code   RO          413    i.Reset_Load        ws2812.o
    0x080037ec   0x080037ec   0x00000002   Code   RO          786    i.SVC_Handler       stm32f1xx_it.o
    0x080037ee   0x080037ee   0x00000004   Code   RO          787    i.SysTick_Handler   stm32f1xx_it.o
    0x080037f2   0x080037f2   0x0000005e   Code   RO          511    i.SystemClock_Config  main.o
    0x08003850   0x08003850   0x00000002   Code   RO         3677    i.SystemInit        system_stm32f1xx.o
    0x08003852   0x08003852   0x00000002   PAD
    0x08003854   0x08003854   0x0000006c   Code   RO         2435    i.TIM_Base_SetConfig  stm32f1xx_hal_tim.o
    0x080038c0   0x080038c0   0x0000001a   Code   RO         2436    i.TIM_CCxChannelCmd  stm32f1xx_hal_tim.o
    0x080038da   0x080038da   0x0000005e   Code   RO         2439    i.TIM_DMADelayPulseCplt  stm32f1xx_hal_tim.o
    0x08003938   0x08003938   0x00000038   Code   RO         2440    i.TIM_DMADelayPulseHalfCplt  stm32f1xx_hal_tim.o
    0x08003970   0x08003970   0x00000054   Code   RO         2441    i.TIM_DMAError      stm32f1xx_hal_tim.o
    0x080039c4   0x080039c4   0x00000014   Code   RO         2446    i.TIM_ETR_SetConfig  stm32f1xx_hal_tim.o
    0x080039d8   0x080039d8   0x00000010   Code   RO         2447    i.TIM_ITRx_SetConfig  stm32f1xx_hal_tim.o
    0x080039e8   0x080039e8   0x00000050   Code   RO         2448    i.TIM_OC1_SetConfig  stm32f1xx_hal_tim.o
    0x08003a38   0x08003a38   0x00000058   Code   RO         2449    i.TIM_OC2_SetConfig  stm32f1xx_hal_tim.o
    0x08003a90   0x08003a90   0x00000058   Code   RO         2450    i.TIM_OC3_SetConfig  stm32f1xx_hal_tim.o
    0x08003ae8   0x08003ae8   0x00000044   Code   RO         2451    i.TIM_OC4_SetConfig  stm32f1xx_hal_tim.o
    0x08003b2c   0x08003b2c   0x00000022   Code   RO         2453    i.TIM_TI1_ConfigInputStage  stm32f1xx_hal_tim.o
    0x08003b4e   0x08003b4e   0x00000024   Code   RO         2455    i.TIM_TI2_ConfigInputStage  stm32f1xx_hal_tim.o
    0x08003b72   0x08003b72   0x00000002   PAD
    0x08003b74   0x08003b74   0x000000b8   Code   RO         3369    i.UART_SetConfig    stm32f1xx_hal_uart.o
    0x08003c2c   0x08003c2c   0x00000078   Code   RO         3372    i.UART_WaitOnFlagUntilTimeout  stm32f1xx_hal_uart.o
    0x08003ca4   0x08003ca4   0x00000002   Code   RO          788    i.UsageFault_Handler  stm32f1xx_it.o
    0x08003ca6   0x08003ca6   0x0000005e   Code   RO          414    i.Wheel             ws2812.o
    0x08003d04   0x08003d04   0x00000024   Code   RO          263    i.Write_IIC_Command  oled.o
    0x08003d28   0x08003d28   0x00000024   Code   RO          264    i.Write_IIC_Data    oled.o
    0x08003d4c   0x08003d4c   0x00000020   Code   RO         3971    i.__0printf         mc_w.l(printfa.o)
    0x08003d6c   0x08003d6c   0x00000020   Code   RO         1853    i.__NVIC_SetPriority  stm32f1xx_hal_cortex.o
    0x08003d8c   0x08003d8c   0x0000000e   Code   RO         4057    i.__scatterload_copy  mc_w.l(handlers.o)
    0x08003d9a   0x08003d9a   0x00000002   Code   RO         4058    i.__scatterload_null  mc_w.l(handlers.o)
    0x08003d9c   0x08003d9c   0x0000000e   Code   RO         4059    i.__scatterload_zeroinit  mc_w.l(handlers.o)
    0x08003daa   0x08003daa   0x00000002   PAD
    0x08003dac   0x08003dac   0x00000184   Code   RO         3978    i._fp_digits        mc_w.l(printfa.o)
    0x08003f30   0x08003f30   0x000006dc   Code   RO         3979    i._printf_core      mc_w.l(printfa.o)
    0x0800460c   0x0800460c   0x00000024   Code   RO         3980    i._printf_post_padding  mc_w.l(printfa.o)
    0x08004630   0x08004630   0x0000002e   Code   RO         3981    i._printf_pre_padding  mc_w.l(printfa.o)
    0x0800465e   0x0800465e   0x00000002   PAD
    0x08004660   0x08004660   0x00000018   Code   RO          512    i.fputc             main.o
    0x08004678   0x08004678   0x00000018   Code   RO          201    i.ir_max30102_fir   max30102_fir.o
    0x08004690   0x08004690   0x000001d8   Code   RO          513    i.main              main.o
    0x08004868   0x08004868   0x0000004e   Code   RO           15    i.max30102_fifo_read  max30102.o
    0x080048b6   0x080048b6   0x00000002   PAD
    0x080048b8   0x080048b8   0x00000038   Code   RO          202    i.max30102_fir_init  max30102_fir.o
    0x080048f0   0x080048f0   0x0000009c   Code   RO           16    i.max30102_getHeartRate  max30102.o
    0x0800498c   0x0800498c   0x000000f4   Code   RO           17    i.max30102_getSpO2  max30102.o
    0x08004a80   0x08004a80   0x00000030   Code   RO           18    i.max30102_i2c_read  max30102.o
    0x08004ab0   0x08004ab0   0x00000030   Code   RO           19    i.max30102_i2c_write  max30102.o
    0x08004ae0   0x08004ae0   0x0000007e   Code   RO           20    i.max30102_init     max30102.o
    0x08004b5e   0x08004b5e   0x00000002   PAD
    0x08004b60   0x08004b60   0x00000054   Code   RO          417    i.rainbowCycle      ws2812.o
    0x08004bb4   0x08004bb4   0x00000018   Code   RO          203    i.red_max30102_fir  max30102_fir.o
    0x08004bcc   0x08004bcc   0x00000026   Code   RO          418    i.rgb_show          ws2812.o
    0x08004bf2   0x08004bf2   0x00000002   PAD
    0x08004bf4   0x08004bf4   0x00000074   Data   RO          205    .constdata          max30102_fir.o
    0x08004c68   0x08004c68   0x00000012   Data   RO         1551    .constdata          stm32f1xx_hal_rcc.o
    0x08004c7a   0x08004c7a   0x00000010   Data   RO         3678    .constdata          system_stm32f1xx.o
    0x08004c8a   0x08004c8a   0x00000008   Data   RO         3679    .constdata          system_stm32f1xx.o
    0x08004c92   0x08004c92   0x00000002   PAD
    0x08004c94   0x08004c94   0x00000020   Data   RO         4055    Region$$Table       anon$$obj.o


    Execution Region RW_IRAM1 (Exec base: 0x20000000, Load base: 0x08004cb4, Size: 0x00001840, Max: 0x00005000, ABSOLUTE, COMPRESSED[0x000002b4])

    Exec Addr    Load Addr    Size         Type   Attr      Idx    E Section Name        Object

    0x20000000   COMPRESSED   0x00000004   Data   RW          206    .data               max30102_fir.o
    0x20000004   COMPRESSED   0x000005c0   Data   RW          271    .data               oled.o
    0x200005c4   COMPRESSED   0x00000028   Data   RW          420    .data               ws2812.o
    0x200005ec   COMPRESSED   0x00000001   Data   RW          516    .data               main.o
    0x200005ed   COMPRESSED   0x00000001   PAD
    0x200005ee   COMPRESSED   0x00000002   Data   RW          517    .data               main.o
    0x200005f0   COMPRESSED   0x00000004   Data   RW          518    .data               main.o
    0x200005f4   COMPRESSED   0x0000000c   Data   RW         1388    .data               stm32f1xx_hal.o
    0x20000600   COMPRESSED   0x00000004   Data   RW         3680    .data               system_stm32f1xx.o
    0x20000604   COMPRESSED   0x00000004   Data   RW         4033    .data               mc_w.l(stdout.o)
    0x20000608        -       0x00000100   Zero   RW          204    .bss                max30102_fir.o
    0x20000708        -       0x000006c0   Zero   RW          419    .bss                ws2812.o
    0x20000dc8        -       0x00000258   Zero   RW          514    .bss                main.o
    0x20001020        -       0x00000258   Zero   RW          515    .bss                main.o
    0x20001278        -       0x000000a8   Zero   RW          638    .bss                i2c.o
    0x20001320        -       0x000000d4   Zero   RW          687    .bss                tim.o
    0x200013f4        -       0x00000048   Zero   RW          739    .bss                usart.o
    0x2000143c   COMPRESSED   0x00000004   PAD
    0x20001440        -       0x00000400   Zero   RW            1    STACK               startup_stm32f103xb.o


==============================================================================

Image component sizes


      Code (inc. data)   RO Data    RW Data    ZI Data      Debug   Object Name

        44          4          0          0          0        738   dma.o
       152         18          0          0          0        911   gpio.o
       280         46          0          0        168       2234   i2c.o
       594         56          0          7       1200       3291   main.o
       916         78          0          0          0     455945   max30102.o
       104         32        116          4        256       2240   max30102_fir.o
       638         18          0       1472          0       5766   oled.o
        36          8        236          0       1024        792   startup_stm32f103xb.o
       164         28          0         12          0       5825   stm32f1xx_hal.o
       198         14          0          0          0      28887   stm32f1xx_hal_cortex.o
       738         36          0          0          0       4262   stm32f1xx_hal_dma.o
       514         40          0          0          0       3443   stm32f1xx_hal_gpio.o
      2810         70          0          0          0      14698   stm32f1xx_hal_i2c.o
        60          8          0          0          0        850   stm32f1xx_hal_msp.o
      1240         84         18          0          0       5064   stm32f1xx_hal_rcc.o
      2276         82          0          0          0      18009   stm32f1xx_hal_tim.o
       104         12          0          0          0       1340   stm32f1xx_hal_tim_ex.o
       558          6          0          0          0       3932   stm32f1xx_hal_uart.o
        38          6          0          0          0       4656   stm32f1xx_it.o
         2          0         24          4          0       1091   system_stm32f1xx.o
       524         44          0          0        212       3163   tim.o
       168         20          0          0         72       1646   usart.o
       428         28          0         40       1728       5163   ws2812.o

    ----------------------------------------------------------------------
     12618        738        428       1540       4664     573946   Object Totals
         0          0         32          0          0          0   (incl. Generated)
        32          0          2          1          4          0   (incl. Padding)

    ----------------------------------------------------------------------

      Code (inc. data)   RO Data    RW Data    ZI Data      Debug   Library Member Name

      2122          0          0          0          0       4771   arm_fir_f32.o
        32          0          0          0          0       1062   arm_fir_init_f32.o
        86          0          0          0          0          0   __dczerorl2.o
         0          0          0          0          0          0   entry.o
         0          0          0          0          0          0   entry10a.o
         0          0          0          0          0          0   entry11a.o
         8          4          0          0          0          0   entry2.o
         4          0          0          0          0          0   entry5.o
         0          0          0          0          0          0   entry7b.o
         0          0          0          0          0          0   entry8b.o
         8          4          0          0          0          0   entry9a.o
        30          0          0          0          0          0   handlers.o
        36          8          0          0          0         68   init.o
         0          0          0          0          0          0   iusefp.o
        30          0          0          0          0         68   llshl.o
        36          0          0          0          0         68   llsshr.o
        32          0          0          0          0         68   llushr.o
        36          0          0          0          0        108   memseta.o
      2258         90          0          0          0        452   printfa.o
         0          0          0          4          0          0   stdout.o
        44          0          0          0          0         80   uidiv.o
        98          0          0          0          0         92   uldiv.o
        48          0          0          0          0         68   cdrcmple.o
        20          0          0          0          0         68   cfcmple.o
        20          0          0          0          0         68   cfrcmple.o
        56          0          0          0          0         88   d2f.o
       334          0          0          0          0        148   dadd.o
       222          0          0          0          0        100   ddiv.o
       186          0          0          0          0        176   depilogue.o
        48          0          0          0          0         68   dfixul.o
       228          0          0          0          0         96   dmul.o
        38          0          0          0          0         68   f2d.o
       176          0          0          0          0        140   fadd.o
       124          0          0          0          0         88   fdiv.o
       110          0          0          0          0        168   fepilogue.o
        10          0          0          0          0         68   ffltui.o
       100          0          0          0          0         76   fmul.o

    ----------------------------------------------------------------------
      6590        106          0          4          0       8325   Library Totals
        10          0          0          0          0          0   (incl. Padding)

    ----------------------------------------------------------------------

      Code (inc. data)   RO Data    RW Data    ZI Data      Debug   Library Name

      2154          0          0          0          0       5833   arm_cortexM3l_math.lib
      2706        106          0          4          0       1004   mc_w.l
      1720          0          0          0          0       1488   mf_w.l

    ----------------------------------------------------------------------
      6590        106          0          4          0       8325   Library Totals

    ----------------------------------------------------------------------

==============================================================================


      Code (inc. data)   RO Data    RW Data    ZI Data      Debug   

     19208        844        428       1544       4664     575155   Grand Totals
     19208        844        428        692       4664     575155   ELF Image Totals (compressed)
     19208        844        428        692          0          0   ROM Totals

==============================================================================

    Total RO  Size (Code + RO Data)                19636 (  19.18kB)
    Total RW  Size (RW Data + ZI Data)              6208 (   6.06kB)
    Total ROM Size (Code + RO Data + RW Data)      20328 (  19.85kB)

==============================================================================

