Component: ARM Compiler 5.06 update 6 (build 750) Tool: armlink [4d35ed]

==============================================================================

Section Cross References

    startup_stm32f103xb.o(RESET) refers to startup_stm32f103xb.o(STACK) for __initial_sp
    startup_stm32f103xb.o(RESET) refers to startup_stm32f103xb.o(.text) for Reset_Handler
    startup_stm32f103xb.o(RESET) refers to stm32f1xx_it.o(i.NMI_Handler) for NMI_Handler
    startup_stm32f103xb.o(RESET) refers to stm32f1xx_it.o(i.HardFault_Handler) for HardFault_Handler
    startup_stm32f103xb.o(RESET) refers to stm32f1xx_it.o(i.MemManage_Handler) for MemManage_Handler
    startup_stm32f103xb.o(RESET) refers to stm32f1xx_it.o(i.BusFault_Handler) for BusFault_Handler
    startup_stm32f103xb.o(RESET) refers to stm32f1xx_it.o(i.UsageFault_Handler) for UsageFault_Handler
    startup_stm32f103xb.o(RESET) refers to port.o(.emb_text) for SVC_Handler
    startup_stm32f103xb.o(RESET) refers to stm32f1xx_it.o(i.DebugMon_Handler) for DebugMon_Handler
    startup_stm32f103xb.o(RESET) refers to port.o(i.SysTick_Handler) for SysTick_Handler
    startup_stm32f103xb.o(RESET) refers to stm32f1xx_it.o(i.EXTI1_IRQHandler) for EXTI1_IRQHandler
    startup_stm32f103xb.o(RESET) refers to stm32f1xx_it.o(i.DMA1_Channel1_IRQHandler) for DMA1_Channel1_IRQHandler
    startup_stm32f103xb.o(RESET) refers to stm32f1xx_it.o(i.TIM1_UP_IRQHandler) for TIM1_UP_IRQHandler
    startup_stm32f103xb.o(.text) refers to system_stm32f1xx.o(i.SystemInit) for SystemInit
    startup_stm32f103xb.o(.text) refers to entry.o(.ARM.Collect$$$$00000000) for __main
    max30102.o(i.HAL_GPIO_EXTI_Callback) refers to freertos.o(.data) for max30102_int_flag
    max30102.o(i.MAX30102_Get_DATA) refers to max30102.o(i.max30102_fifo_read) for max30102_fifo_read
    max30102.o(i.MAX30102_Get_DATA) refers to max30102_fir.o(i.ir_max30102_fir) for ir_max30102_fir
    max30102.o(i.MAX30102_Get_DATA) refers to max30102_fir.o(i.red_max30102_fir) for red_max30102_fir
    max30102.o(i.MAX30102_Get_DATA) refers to port.o(i.vPortEnterCritical) for vPortEnterCritical
    max30102.o(i.MAX30102_Get_DATA) refers to port.o(i.vPortExitCritical) for vPortExitCritical
    max30102.o(i.MAX30102_Get_DATA) refers to max30102.o(i.max30102_getHeartRate) for max30102_getHeartRate
    max30102.o(i.MAX30102_Get_DATA) refers to max30102.o(i.max30102_getSpO2) for max30102_getSpO2
    max30102.o(i.MAX30102_Get_DATA) refers to freertos.o(.data) for max30102_int_flag
    max30102.o(i.MAX30102_Get_DATA) refers to freertos.o(.data) for touch_30102
    max30102.o(i.MAX30102_Get_DATA) refers to freertos.o(.data) for cache_counter
    max30102.o(i.MAX30102_Get_DATA) refers to freertos.o(.bss) for ppg_data_cache_IR
    max30102.o(i.MAX30102_Get_DATA) refers to freertos.o(.bss) for ppg_data_cache_RED
    max30102.o(i.max30102_fifo_read) refers to max30102.o(i.max30102_i2c_read) for max30102_i2c_read
    max30102.o(i.max30102_fifo_read) refers to ffltui.o(.text) for __aeabi_ui2f
    max30102.o(i.max30102_getHeartRate) refers to fadd.o(.text) for __aeabi_fadd
    max30102.o(i.max30102_getHeartRate) refers to ffltui.o(.text) for __aeabi_ui2f
    max30102.o(i.max30102_getHeartRate) refers to fdiv.o(.text) for __aeabi_fdiv
    max30102.o(i.max30102_getHeartRate) refers to cfrcmple.o(.text) for __aeabi_cfrcmple
    max30102.o(i.max30102_getHeartRate) refers to cfcmple.o(.text) for __aeabi_cfcmple
    max30102.o(i.max30102_getSpO2) refers to cfcmple.o(.text) for __aeabi_cfcmple
    max30102.o(i.max30102_getSpO2) refers to cfrcmple.o(.text) for __aeabi_cfrcmple
    max30102.o(i.max30102_getSpO2) refers to fadd.o(.text) for __aeabi_fsub
    max30102.o(i.max30102_getSpO2) refers to fmul.o(.text) for __aeabi_fmul
    max30102.o(i.max30102_getSpO2) refers to fdiv.o(.text) for __aeabi_fdiv
    max30102.o(i.max30102_getSpO2) refers to f2d.o(.text) for __aeabi_f2d
    max30102.o(i.max30102_getSpO2) refers to dmul.o(.text) for __aeabi_dmul
    max30102.o(i.max30102_getSpO2) refers to dadd.o(.text) for __aeabi_dadd
    max30102.o(i.max30102_getSpO2) refers to d2f.o(.text) for __aeabi_d2f
    max30102.o(i.max30102_i2c_read) refers to stm32f1xx_hal_i2c.o(i.HAL_I2C_Master_Transmit) for HAL_I2C_Master_Transmit
    max30102.o(i.max30102_i2c_read) refers to stm32f1xx_hal_i2c.o(i.HAL_I2C_Master_Receive) for HAL_I2C_Master_Receive
    max30102.o(i.max30102_i2c_read) refers to i2c.o(.bss) for hi2c2
    max30102.o(i.max30102_i2c_write) refers to stm32f1xx_hal_i2c.o(i.HAL_I2C_Master_Transmit) for HAL_I2C_Master_Transmit
    max30102.o(i.max30102_i2c_write) refers to printf1.o(i.__0printf$1) for __2printf
    max30102.o(i.max30102_i2c_write) refers to i2c.o(.bss) for hi2c2
    max30102.o(i.max30102_init) refers to max30102.o(i.max30102_i2c_write) for max30102_i2c_write
    max30102.o(i.max30102_init) refers to stm32f1xx_hal.o(i.HAL_Delay) for HAL_Delay
    max30102.o(i.max30102_init) refers to max30102.o(i.max30102_i2c_read) for max30102_i2c_read
[...]
    i.prvCheckForValidListAndQueue           0x0800468c   Section        0  timers.o(i.prvCheckForValidListAndQueue)
    prvCheckForValidListAndQueue             0x0800468d   Thumb Code    68  timers.o(i.prvCheckForValidListAndQueue)
    i.prvCheckTasksWaitingTermination        0x080046e8   Section        0  tasks.o(i.prvCheckTasksWaitingTermination)
    prvCheckTasksWaitingTermination          0x080046e9   Thumb Code    56  tasks.o(i.prvCheckTasksWaitingTermination)
    i.prvCopyDataFromQueue                   0x08004728   Section        0  queue.o(i.prvCopyDataFromQueue)
    prvCopyDataFromQueue                     0x08004729   Thumb Code    36  queue.o(i.prvCopyDataFromQueue)
    i.prvCopyDataToQueue                     0x0800474c   Section        0  queue.o(i.prvCopyDataToQueue)
    prvCopyDataToQueue                       0x0800474d   Thumb Code   110  queue.o(i.prvCopyDataToQueue)
    i.prvDeleteTCB                           0x080047ba   Section        0  tasks.o(i.prvDeleteTCB)
    prvDeleteTCB                             0x080047bb   Thumb Code    64  tasks.o(i.prvDeleteTCB)
    i.prvGetNextExpireTime                   0x080047fc   Section        0  timers.o(i.prvGetNextExpireTime)
    prvGetNextExpireTime                     0x080047fd   Thumb Code    30  timers.o(i.prvGetNextExpireTime)
    i.prvHeapInit                            0x08004820   Section        0  heap_4.o(i.prvHeapInit)
    prvHeapInit                              0x08004821   Thumb Code    70  heap_4.o(i.prvHeapInit)
    i.prvIdleTask                            0x08004870   Section        0  tasks.o(i.prvIdleTask)
    prvIdleTask                              0x08004871   Thumb Code    30  tasks.o(i.prvIdleTask)
    i.prvInitialiseNewQueue                  0x08004898   Section        0  queue.o(i.prvInitialiseNewQueue)
    prvInitialiseNewQueue                    0x08004899   Thumb Code    34  queue.o(i.prvInitialiseNewQueue)
    i.prvInitialiseNewTask                   0x080048ba   Section        0  tasks.o(i.prvInitialiseNewTask)
    prvInitialiseNewTask                     0x080048bb   Thumb Code   140  tasks.o(i.prvInitialiseNewTask)
    i.prvInitialiseTaskLists                 0x08004948   Section        0  tasks.o(i.prvInitialiseTaskLists)
    prvInitialiseTaskLists                   0x08004949   Thumb Code    66  tasks.o(i.prvInitialiseTaskLists)
    i.prvInsertBlockIntoFreeList             0x080049a8   Section        0  heap_4.o(i.prvInsertBlockIntoFreeList)
    prvInsertBlockIntoFreeList               0x080049a9   Thumb Code    84  heap_4.o(i.prvInsertBlockIntoFreeList)
    i.prvInsertTimerInActiveList             0x08004a04   Section        0  timers.o(i.prvInsertTimerInActiveList)
    prvInsertTimerInActiveList               0x08004a05   Thumb Code    66  timers.o(i.prvInsertTimerInActiveList)
    i.prvIsQueueEmpty                        0x08004a4c   Section        0  queue.o(i.prvIsQueueEmpty)
    prvIsQueueEmpty                          0x08004a4d   Thumb Code    26  queue.o(i.prvIsQueueEmpty)
    i.prvIsQueueFull                         0x08004a66   Section        0  queue.o(i.prvIsQueueFull)
    prvIsQueueFull                           0x08004a67   Thumb Code    30  queue.o(i.prvIsQueueFull)
    i.prvProcessExpiredTimer                 0x08004a84   Section        0  timers.o(i.prvProcessExpiredTimer)
    prvProcessExpiredTimer                   0x08004a85   Thumb Code    88  timers.o(i.prvProcessExpiredTimer)
    i.prvProcessReceivedCommands             0x08004ae0   Section        0  timers.o(i.prvProcessReceivedCommands)
    prvProcessReceivedCommands               0x08004ae1   Thumb Code   210  timers.o(i.prvProcessReceivedCommands)
    i.prvProcessTimerOrBlockTask             0x08004bb8   Section        0  timers.o(i.prvProcessTimerOrBlockTask)
    prvProcessTimerOrBlockTask               0x08004bb9   Thumb Code   100  timers.o(i.prvProcessTimerOrBlockTask)
    i.prvResetNextTaskUnblockTime            0x08004c24   Section        0  tasks.o(i.prvResetNextTaskUnblockTime)
    prvResetNextTaskUnblockTime              0x08004c25   Thumb Code    30  tasks.o(i.prvResetNextTaskUnblockTime)
    i.prvSampleTimeNow                       0x08004c48   Section        0  timers.o(i.prvSampleTimeNow)
    prvSampleTimeNow                         0x08004c49   Thumb Code    38  timers.o(i.prvSampleTimeNow)
    i.prvSwitchTimerLists                    0x08004c74   Section        0  timers.o(i.prvSwitchTimerLists)
    prvSwitchTimerLists                      0x08004c75   Thumb Code   112  timers.o(i.prvSwitchTimerLists)
    i.prvTaskExitError                       0x08004ce8   Section        0  port.o(i.prvTaskExitError)
    prvTaskExitError                         0x08004ce9   Thumb Code    42  port.o(i.prvTaskExitError)
    i.prvTimerTask                           0x08004d18   Section        0  timers.o(i.prvTimerTask)
    prvTimerTask                             0x08004d19   Thumb Code    20  timers.o(i.prvTimerTask)
    i.prvUnlockQueue                         0x08004d2c   Section        0  queue.o(i.prvUnlockQueue)
    prvUnlockQueue                           0x08004d2d   Thumb Code   104  queue.o(i.prvUnlockQueue)
    i.pvPortMalloc                           0x08004d94   Section        0  heap_4.o(i.pvPortMalloc)
    i.pxPortInitialiseStack                  0x08004e78   Section        0  port.o(i.pxPortInitialiseStack)
    i.rainbowCycle                           0x08004e9c   Section        0  ws2812.o(i.rainbowCycle)
    i.red_max30102_fir                       0x08004ef0   Section        0  max30102_fir.o(i.red_max30102_fir)
    i.rgb_show                               0x08004f08   Section        0  ws2812.o(i.rgb_show)
    i.start_task                             0x08004f30   Section        0  freertos.o(i.start_task)
    i.task1                                  0x08004fd8   Section        0  freertos.o(i.task1)
    i.task2                                  0x08005060   Section        0  freertos.o(i.task2)
    i.uxListRemove                           0x08005118   Section        0  list.o(i.uxListRemove)
    i.vApplicationGetIdleTaskMemory          0x08005140   Section        0  cmsis_os2.o(i.vApplicationGetIdleTaskMemory)
    i.vApplicationGetTimerTaskMemory         0x08005154   Section        0  cmsis_os2.o(i.vApplicationGetTimerTaskMemory)
    i.vListInitialise                        0x0800516c   Section        0  list.o(i.vListInitialise)
    i.vListInitialiseItem                    0x08005182   Section        0  list.o(i.vListInitialiseItem)
    i.vListInsert                            0x08005188   Section        0  list.o(i.vListInsert)
    i.vListInsertEnd                         0x080051be   Section        0  list.o(i.vListInsertEnd)
    i.vPortEnterCritical                     0x080051d8   Section        0  port.o(i.vPortEnterCritical)
    i.vPortExitCritical                      0x08005218   Section        0  port.o(i.vPortExitCritical)
    i.vPortFree                              0x08005244   Section        0  heap_4.o(i.vPortFree)
    i.vPortSetupTimerInterrupt               0x080052a0   Section        0  port.o(i.vPortSetupTimerInterrupt)
    i.vPortValidateInterruptPriority         0x080052c4   Section        0  port.o(i.vPortValidateInterruptPriority)
    i.vQueueAddToRegistry                    0x08005318   Section        0  queue.o(i.vQueueAddToRegistry)
    i.vQueueWaitForMessageRestricted         0x08005340   Section        0  queue.o(i.vQueueWaitForMessageRestricted)
    i.vTaskDelay                             0x0800538c   Section        0  tasks.o(i.vTaskDelay)
    i.vTaskDelete                            0x080053dc   Section        0  tasks.o(i.vTaskDelete)
    i.vTaskInternalSetTimeOutState           0x0800546c   Section        0  tasks.o(i.vTaskInternalSetTimeOutState)
    i.vTaskMissedYield                       0x0800547c   Section        0  tasks.o(i.vTaskMissedYield)
    i.vTaskPlaceOnEventList                  0x08005488   Section        0  tasks.o(i.vTaskPlaceOnEventList)
    i.vTaskPlaceOnEventListRestricted        0x080054bc   Section        0  tasks.o(i.vTaskPlaceOnEventListRestricted)
    i.vTaskStartScheduler                    0x080054f8   Section        0  tasks.o(i.vTaskStartScheduler)
    i.vTaskSuspendAll                        0x08005588   Section        0  tasks.o(i.vTaskSuspendAll)
    i.vTaskSwitchContext                     0x08005598   Section        0  tasks.o(i.vTaskSwitchContext)
    i.xPortStartScheduler                    0x08005604   Section        0  port.o(i.xPortStartScheduler)
    i.xQueueGenericCreateStatic              0x080056b8   Section        0  queue.o(i.xQueueGenericCreateStatic)
    i.xQueueGenericReset                     0x08005728   Section        0  queue.o(i.xQueueGenericReset)
    i.xQueueGenericSend                      0x080057b8   Section        0  queue.o(i.xQueueGenericSend)
    i.xQueueGenericSendFromISR               0x08005928   Section        0  queue.o(i.xQueueGenericSendFromISR)
    i.xQueueReceive                          0x080059e4   Section        0  queue.o(i.xQueueReceive)
    i.xTaskCheckForTimeOut                   0x08005b2c   Section        0  tasks.o(i.xTaskCheckForTimeOut)
    i.xTaskCreate                            0x08005bac   Section        0  tasks.o(i.xTaskCreate)
    i.xTaskCreateStatic                      0x08005c18   Section        0  tasks.o(i.xTaskCreateStatic)
    i.xTaskGetSchedulerState                 0x08005c78   Section        0  tasks.o(i.xTaskGetSchedulerState)
    i.xTaskGetTickCount                      0x08005c94   Section        0  tasks.o(i.xTaskGetTickCount)
    i.xTaskIncrementTick                     0x08005ca0   Section        0  tasks.o(i.xTaskIncrementTick)
    i.xTaskPriorityDisinherit                0x08005d6c   Section        0  tasks.o(i.xTaskPriorityDisinherit)
    i.xTaskRemoveFromEventList               0x08005dec   Section        0  tasks.o(i.xTaskRemoveFromEventList)
    i.xTaskResumeAll                         0x08005e64   Section        0  tasks.o(i.xTaskResumeAll)
    i.xTimerCreateTimerTask                  0x08005f30   Section        0  timers.o(i.xTimerCreateTimerTask)
    i.xTimerGenericCommand                   0x08005f98   Section        0  timers.o(i.xTimerGenericCommand)
    .constdata                               0x0800600c   Section      116  max30102_fir.o(.constdata)
    .constdata                               0x08006080   Section       36  freertos.o(.constdata)
    .constdata                               0x080060a4   Section       18  stm32f1xx_hal_rcc.o(.constdata)
    aPredivFactorTable                       0x080060a4   Data           2  stm32f1xx_hal_rcc.o(.constdata)
    aPLLMULFactorTable                       0x080060a6   Data          16  stm32f1xx_hal_rcc.o(.constdata)
    .constdata                               0x080060b6   Section       16  system_stm32f1xx.o(.constdata)
    .constdata                               0x080060c6   Section        8  system_stm32f1xx.o(.constdata)
    .conststring                             0x080060d0   Section       12  freertos.o(.conststring)
    .data                                    0x20000000   Section        4  max30102_fir.o(.data)
    .data                                    0x20000004   Section     1472  oled.o(.data)
    .data                                    0x200005c4   Section       40  ws2812.o(.data)
    rainbow_change_flag                      0x200005c4   Data           1  ws2812.o(.data)
    j                                        0x200005c5   Data           1  ws2812.o(.data)
    j                                        0x200005c6   Data           1  ws2812.o(.data)
    loop                                     0x200005c7   Data           1  ws2812.o(.data)
    next_time                                0x200005e4   Data           4  ws2812.o(.data)
    next_time                                0x200005e8   Data           4  ws2812.o(.data)
    .data                                    0x200005ec   Section        1  freertos.o(.data)
    .data                                    0x200005ee   Section        2  freertos.o(.data)
    .data                                    0x200005f0   Section       48  freertos.o(.data)
    .data                                    0x20000620   Section       12  stm32f1xx_hal.o(.data)
    .data                                    0x2000062c   Section        4  system_stm32f1xx.o(.data)
    .data                                    0x20000630   Section       60  tasks.o(.data)
    pxDelayedTaskList                        0x20000634   Data           4  tasks.o(.data)
    pxOverflowDelayedTaskList                0x20000638   Data           4  tasks.o(.data)
    uxDeletedTasksWaitingCleanUp             0x2000063c   Data           4  tasks.o(.data)
    uxCurrentNumberOfTasks                   0x20000640   Data           4  tasks.o(.data)
    xTickCount                               0x20000644   Data           4  tasks.o(.data)
    uxTopReadyPriority                       0x20000648   Data           4  tasks.o(.data)
    xSchedulerRunning                        0x2000064c   Data           4  tasks.o(.data)
    uxPendedTicks                            0x20000650   Data           4  tasks.o(.data)
    xYieldPending                            0x20000654   Data           4  tasks.o(.data)
    xNumOfOverflows                          0x20000658   Data           4  tasks.o(.data)
    uxTaskNumber                             0x2000065c   Data           4  tasks.o(.data)
    xNextTaskUnblockTime                     0x20000660   Data           4  tasks.o(.data)
    xIdleTaskHandle                          0x20000664   Data           4  tasks.o(.data)
    uxSchedulerSuspended                     0x20000668   Data           4  tasks.o(.data)
    .data                                    0x2000066c   Section       20  timers.o(.data)
    pxCurrentTimerList                       0x2000066c   Data           4  timers.o(.data)
    pxOverflowTimerList                      0x20000670   Data           4  timers.o(.data)
    xTimerQueue                              0x20000674   Data           4  timers.o(.data)
    xTimerTaskHandle                         0x20000678   Data           4  timers.o(.data)
    xLastTime                                0x2000067c   Data           4  timers.o(.data)
    .data                                    0x20000680   Section        4  cmsis_os2.o(.data)
    KernelState                              0x20000680   Data           4  cmsis_os2.o(.data)
    .data                                    0x20000684   Section       24  heap_4.o(.data)
    pxEnd                                    0x20000684   Data           4  heap_4.o(.data)
    xFreeBytesRemaining                      0x20000688   Data           4  heap_4.o(.data)
    xMinimumEverFreeBytesRemaining           0x2000068c   Data           4  heap_4.o(.data)
    xBlockAllocatedBit                       0x20000690   Data           4  heap_4.o(.data)
    xStart                                   0x20000694   Data           8  heap_4.o(.data)
    .data                                    0x2000069c   Section       12  port.o(.data)
    ucMaxSysCallPriority                     0x2000069c   Data           1  port.o(.data)
    uxCriticalNesting                        0x200006a0   Data           4  port.o(.data)
    ulMaxPRIGROUPValue                       0x200006a4   Data           4  port.o(.data)
    .data                                    0x200006a8   Section        4  stdout.o(.data)
    .bss                                     0x200006ac   Section      256  max30102_fir.o(.bss)
    firStateF32_ir                           0x200006c4   Data         116  max30102_fir.o(.bss)
    firStateF32_red                          0x20000738   Data         116  max30102_fir.o(.bss)
    .bss                                     0x200007ac   Section     1728  ws2812.o(.bss)
    .bss                                     0x20000e6c   Section      600  freertos.o(.bss)
    .bss                                     0x200010c4   Section      600  freertos.o(.bss)
    .bss                                     0x2000131c   Section      168  i2c.o(.bss)
    .bss                                     0x200013c4   Section      212  tim.o(.bss)
    .bss                                     0x20001498   Section       72  usart.o(.bss)
    .bss                                     0x200014e0   Section       72  stm32f1xx_hal_timebase_tim.o(.bss)
    .bss                                     0x20001528   Section       64  queue.o(.bss)
    .bss                                     0x20001568   Section     1220  tasks.o(.bss)
    pxReadyTasksLists                        0x20001568   Data        1120  tasks.o(.bss)
    xDelayedTaskList1                        0x200019c8   Data          20  tasks.o(.bss)
    xDelayedTaskList2                        0x200019dc   Data          20  tasks.o(.bss)
    xPendingReadyList                        0x200019f0   Data          20  tasks.o(.bss)
    xTasksWaitingTermination                 0x20001a04   Data          20  tasks.o(.bss)
    xSuspendedTaskList                       0x20001a18   Data          20  tasks.o(.bss)
    .bss                                     0x20001a2c   Section      280  timers.o(.bss)
    xActiveTimerList1                        0x20001a2c   Data          20  timers.o(.bss)
    xActiveTimerList2                        0x20001a40   Data          20  timers.o(.bss)
    xStaticTimerQueue                        0x20001a54   Data          80  timers.o(.bss)
    ucStaticTimerQueueStorage                0x20001aa4   Data         160  timers.o(.bss)
    .bss                                     0x20001b44   Section     1720  cmsis_os2.o(.bss)
    Idle_TCB                                 0x20001b44   Data          92  cmsis_os2.o(.bss)
    Idle_Stack                               0x20001ba0   Data         512  cmsis_os2.o(.bss)
    Timer_TCB                                0x20001da0   Data          92  cmsis_os2.o(.bss)
    Timer_Stack                              0x20001dfc   Data        1024  cmsis_os2.o(.bss)
    .bss                                     0x200021fc   Section     3072  heap_4.o(.bss)
    ucHeap                                   0x200021fc   Data        3072  heap_4.o(.bss)
    STACK                                    0x20002e00   Section     1024  startup_stm32f103xb.o(STACK)

    Global Symbols

    Symbol Name                              Value     Ov Type        Size  Object(Section)

    BuildAttributes$$THM_ISAv4$P$D$K$B$S$PE$A:L22UL41UL21$X:L11$S22US41US21$IEEE1$IW$USESV6$~STKCKD$USESV7$~SHL$OTIME$ROPI$EBA8$MICROLIB$REQ8$PRES8$EABIv2 0x00000000   Number         0  anon$$obj.o ABSOLUTE
    __ARM_use_no_argv                        0x00000000   Number         0  main.o ABSOLUTE
    _printf_a                                0x00000000   Number         0  stubs.o ABSOLUTE
    _printf_c                                0x00000000   Number         0  stubs.o ABSOLUTE
    _printf_charcount                        0x00000000   Number         0  stubs.o ABSOLUTE
    _printf_d                                0x00000000   Number         0  stubs.o ABSOLUTE
    _printf_e                                0x00000000   Number         0  stubs.o ABSOLUTE
    _printf_f                                0x00000000   Number         0  stubs.o ABSOLUTE
    _printf_flags                            0x00000000   Number         0  stubs.o ABSOLUTE
    _printf_fp_dec                           0x00000000   Number         0  stubs.o ABSOLUTE
    _printf_fp_hex                           0x00000000   Number         0  stubs.o ABSOLUTE
    _printf_g                                0x00000000   Number         0  stubs.o ABSOLUTE
    _printf_i                                0x00000000   Number         0  stubs.o ABSOLUTE
    _printf_int_dec                          0x00000000   Number         0  stubs.o ABSOLUTE
    _printf_l                                0x00000000   Number         0  stubs.o ABSOLUTE
    _printf_lc                               0x00000000   Number         0  stubs.o ABSOLUTE
    _printf_ll                               0x00000000   Number         0  stubs.o ABSOLUTE
    _printf_lld                              0x00000000   Number         0  stubs.o ABSOLUTE
    _printf_lli                              0x00000000   Number         0  stubs.o ABSOLUTE
    _printf_llo                              0x00000000   Number         0  stubs.o ABSOLUTE
    _printf_llu                              0x00000000   Number         0  stubs.o ABSOLUTE
    _printf_llx                              0x00000000   Number         0  stubs.o ABSOLUTE
    _printf_longlong_dec                     0x00000000   Number         0  stubs.o ABSOLUTE
    _printf_longlong_hex                     0x00000000   Number         0  stubs.o ABSOLUTE
    _printf_longlong_oct                     0x00000000   Number         0  stubs.o ABSOLUTE
    _printf_ls                               0x00000000   Number         0  stubs.o ABSOLUTE
    _printf_mbtowc                           0x00000000   Number         0  stubs.o ABSOLUTE
    _printf_n                                0x00000000   Number         0  stubs.o ABSOLUTE
    _printf_o                                0x00000000   Number         0  stubs.o ABSOLUTE
    _printf_p                                0x00000000   Number         0  stubs.o ABSOLUTE
    _printf_percent                          0x00000000   Number         0  stubs.o ABSOLUTE
    _printf_pre_padding                      0x00000000   Number         0  stubs.o ABSOLUTE
    _printf_return_value                     0x00000000   Number         0  stubs.o ABSOLUTE
    _printf_s                                0x00000000   Number         0  stubs.o ABSOLUTE
    _printf_sizespec                         0x00000000   Number         0  stubs.o ABSOLUTE
    _printf_str                              0x00000000   Number         0  stubs.o ABSOLUTE
    _printf_truncate_signed                  0x00000000   Number         0  stubs.o ABSOLUTE
    _printf_truncate_unsigned                0x00000000   Number         0  stubs.o ABSOLUTE
    _printf_u                                0x00000000   Number         0  stubs.o ABSOLUTE
    _printf_wc                               0x00000000   Number         0  stubs.o ABSOLUTE
    _printf_wctomb                           0x00000000   Number         0  stubs.o ABSOLUTE
    _printf_widthprec                        0x00000000   Number         0  stubs.o ABSOLUTE
    _printf_x                                0x00000000   Number         0  stubs.o ABSOLUTE
    __cpp_initialize__aeabi_                  - Undefined Weak Reference
    __cxa_finalize                            - Undefined Weak Reference
    _clock_init                               - Undefined Weak Reference
    _microlib_exit                            - Undefined Weak Reference
    __Vectors_Size                           0x000000ec   Number         0  startup_stm32f103xb.o ABSOLUTE
    __Vectors                                0x08000000   Data           4  startup_stm32f103xb.o(RESET)
    __Vectors_End                            0x080000ec   Data           0  startup_stm32f103xb.o(RESET)
    __main                                   0x080000ed   Thumb Code     0  entry.o(.ARM.Collect$$$$00000000)
    _main_stk                                0x080000ed   Thumb Code     0  entry2.o(.ARM.Collect$$$$00000001)
    _main_scatterload                        0x080000f1   Thumb Code     0  entry5.o(.ARM.Collect$$$$00000004)
    __main_after_scatterload                 0x080000f5   Thumb Code     0  entry5.o(.ARM.Collect$$$$00000004)
    _main_clock                              0x080000f5   Thumb Code     0  entry7b.o(.ARM.Collect$$$$00000008)
    _main_cpp_init                           0x080000f5   Thumb Code     0  entry8b.o(.ARM.Collect$$$$0000000A)
    _main_init                               0x080000f5   Thumb Code     0  entry9a.o(.ARM.Collect$$$$0000000B)
    __rt_final_cpp                           0x080000fd   Thumb Code     0  entry10a.o(.ARM.Collect$$$$0000000D)
    __rt_final_exit                          0x080000fd   Thumb Code     0  entry11a.o(.ARM.Collect$$$$0000000F)
    SVC_Handler                              0x08000101   Thumb Code    32  port.o(.emb_text)
    __asm___6_port_c_39a90d8d__prvStartFirstTask 0x08000125   Thumb Code    28  port.o(.emb_text)
    PendSV_Handler                           0x08000145   Thumb Code    72  port.o(.emb_text)
    vPortGetIPSR                             0x08000191   Thumb Code     6  port.o(.emb_text)
    Reset_Handler                            0x08000199   Thumb Code     8  startup_stm32f103xb.o(.text)
    ADC1_2_IRQHandler                        0x080001b3   Thumb Code     0  startup_stm32f103xb.o(.text)
    CAN1_RX1_IRQHandler                      0x080001b3   Thumb Code     0  startup_stm32f103xb.o(.text)
    CAN1_SCE_IRQHandler                      0x080001b3   Thumb Code     0  startup_stm32f103xb.o(.text)
    DMA1_Channel2_IRQHandler                 0x080001b3   Thumb Code     0  startup_stm32f103xb.o(.text)
    DMA1_Channel3_IRQHandler                 0x080001b3   Thumb Code     0  startup_stm32f103xb.o(.text)
    DMA1_Channel4_IRQHandler                 0x080001b3   Thumb Code     0  startup_stm32f103xb.o(.text)
    DMA1_Channel5_IRQHandler                 0x080001b3   Thumb Code     0  startup_stm32f103xb.o(.text)
    DMA1_Channel6_IRQHandler                 0x080001b3   Thumb Code     0  startup_stm32f103xb.o(.text)
    DMA1_Channel7_IRQHandler                 0x080001b3   Thumb Code     0  startup_stm32f103xb.o(.text)
    EXTI0_IRQHandler                         0x080001b3   Thumb Code     0  startup_stm32f103xb.o(.text)
    EXTI15_10_IRQHandler                     0x080001b3   Thumb Code     0  startup_stm32f103xb.o(.text)
    EXTI2_IRQHandler                         0x080001b3   Thumb Code     0  startup_stm32f103xb.o(.text)
    EXTI3_IRQHandler                         0x080001b3   Thumb Code     0  startup_stm32f103xb.o(.text)
    EXTI4_IRQHandler                         0x080001b3   Thumb Code     0  startup_stm32f103xb.o(.text)
    EXTI9_5_IRQHandler                       0x080001b3   Thumb Code     0  startup_stm32f103xb.o(.text)
    FLASH_IRQHandler                         0x080001b3   Thumb Code     0  startup_stm32f103xb.o(.text)
    I2C1_ER_IRQHandler                       0x080001b3   Thumb Code     0  startup_stm32f103xb.o(.text)
    I2C1_EV_IRQHandler                       0x080001b3   Thumb Code     0  startup_stm32f103xb.o(.text)
    I2C2_ER_IRQHandler                       0x080001b3   Thumb Code     0  startup_stm32f103xb.o(.text)
    I2C2_EV_IRQHandler                       0x080001b3   Thumb Code     0  startup_stm32f103xb.o(.text)
    PVD_IRQHandler                           0x080001b3   Thumb Code     0  startup_stm32f103xb.o(.text)
    RCC_IRQHandler                           0x080001b3   Thumb Code     0  startup_stm32f103xb.o(.text)
    RTC_Alarm_IRQHandler                     0x080001b3   Thumb Code     0  startup_stm32f103xb.o(.text)
    RTC_IRQHandler                           0x080001b3   Thumb Code     0  startup_stm32f103xb.o(.text)
    SPI1_IRQHandler                          0x080001b3   Thumb Code     0  startup_stm32f103xb.o(.text)
    SPI2_IRQHandler                          0x080001b3   Thumb Code     0  startup_stm32f103xb.o(.text)
    TAMPER_IRQHandler                        0x080001b3   Thumb Code     0  startup_stm32f103xb.o(.text)
    TIM1_BRK_IRQHandler                      0x080001b3   Thumb Code     0  startup_stm32f103xb.o(.text)
    TIM1_CC_IRQHandler                       0x080001b3   Thumb Code     0  startup_stm32f103xb.o(.text)
    TIM1_TRG_COM_IRQHandler                  0x080001b3   Thumb Code     0  startup_stm32f103xb.o(.text)
    TIM2_IRQHandler                          0x080001b3   Thumb Code     0  startup_stm32f103xb.o(.text)
    TIM3_IRQHandler                          0x080001b3   Thumb Code     0  startup_stm32f103xb.o(.text)
    TIM4_IRQHandler                          0x080001b3   Thumb Code     0  startup_stm32f103xb.o(.text)
    USART1_IRQHandler                        0x080001b3   Thumb Code     0  startup_stm32f103xb.o(.text)
    USART2_IRQHandler                        0x080001b3   Thumb Code     0  startup_stm32f103xb.o(.text)
    USART3_IRQHandler                        0x080001b3   Thumb Code     0  startup_stm32f103xb.o(.text)
    USBWakeUp_IRQHandler                     0x080001b3   Thumb Code     0  startup_stm32f103xb.o(.text)
    USB_HP_CAN1_TX_IRQHandler                0x080001b3   Thumb Code     0  startup_stm32f103xb.o(.text)
    USB_LP_CAN1_RX0_IRQHandler               0x080001b3   Thumb Code     0  startup_stm32f103xb.o(.text)
    WWDG_IRQHandler                          0x080001b3   Thumb Code     0  startup_stm32f103xb.o(.text)
    __aeabi_llsr                             0x080001bd   Thumb Code    32  llushr.o(.text)
    _ll_ushift_r                             0x080001bd   Thumb Code     0  llushr.o(.text)
    __aeabi_memcpy                           0x080001dd   Thumb Code    36  memcpya.o(.text)
    __aeabi_memcpy4                          0x080001dd   Thumb Code     0  memcpya.o(.text)
    __aeabi_memcpy8                          0x080001dd   Thumb Code     0  memcpya.o(.text)
    __aeabi_memset                           0x08000201   Thumb Code    14  memseta.o(.text)
    __aeabi_memset4                          0x08000201   Thumb Code     0  memseta.o(.text)
    __aeabi_memset8                          0x08000201   Thumb Code     0  memseta.o(.text)
    __aeabi_memclr                           0x0800020f   Thumb Code     4  memseta.o(.text)
    __aeabi_memclr4                          0x0800020f   Thumb Code     0  memseta.o(.text)
    __aeabi_memclr8                          0x0800020f   Thumb Code     0  memseta.o(.text)
    memset                                   0x08000213   Thumb Code    18  memseta.o(.text)
    __aeabi_fadd                             0x08000225   Thumb Code   164  fadd.o(.text)
    __aeabi_fsub                             0x080002c9   Thumb Code     6  fadd.o(.text)
    __aeabi_frsub                            0x080002cf   Thumb Code     6  fadd.o(.text)
    __aeabi_fmul                             0x080002d5   Thumb Code   100  fmul.o(.text)
    __aeabi_fdiv                             0x08000339   Thumb Code   124  fdiv.o(.text)
    __aeabi_dadd                             0x080003b5   Thumb Code   322  dadd.o(.text)
    __aeabi_dsub                             0x080004f7   Thumb Code     6  dadd.o(.text)
    __aeabi_drsub                            0x080004fd   Thumb Code     6  dadd.o(.text)
    __aeabi_dmul                             0x08000503   Thumb Code   228  dmul.o(.text)
    __aeabi_ui2f                             0x080005e7   Thumb Code    10  ffltui.o(.text)
    __aeabi_f2d                              0x080005f1   Thumb Code    38  f2d.o(.text)
    __aeabi_d2f                              0x08000617   Thumb Code    56  d2f.o(.text)
    __aeabi_cfcmpeq                          0x08000651   Thumb Code     0  cfcmple.o(.text)
    __aeabi_cfcmple                          0x08000651   Thumb Code    20  cfcmple.o(.text)
    __aeabi_cfrcmple                         0x08000665   Thumb Code    20  cfrcmple.o(.text)
    __aeabi_uidiv                            0x08000679   Thumb Code     0  uidiv.o(.text)
    __aeabi_uidivmod                         0x08000679   Thumb Code    44  uidiv.o(.text)
    __aeabi_llsl                             0x080006a5   Thumb Code    30  llshl.o(.text)
    _ll_shift_l                              0x080006a5   Thumb Code     0  llshl.o(.text)
    __aeabi_lasr                             0x080006c3   Thumb Code    36  llsshr.o(.text)
    _ll_sshift_r                             0x080006c3   Thumb Code     0  llsshr.o(.text)
    __I$use$fp                               0x080006e7   Thumb Code     0  iusefp.o(.text)
    _float_round                             0x080006e7   Thumb Code    18  fepilogue.o(.text)
    _float_epilogue                          0x080006f9   Thumb Code    92  fepilogue.o(.text)
    _double_round                            0x08000755   Thumb Code    30  depilogue.o(.text)
    _double_epilogue                         0x08000773   Thumb Code   156  depilogue.o(.text)
    __scatterload                            0x08000811   Thumb Code    28  init.o(.text)
    __scatterload_rt2                        0x08000811   Thumb Code     0  init.o(.text)
    __decompress                             0x08000835   Thumb Code     0  __dczerorl2.o(.text)
    __decompress1                            0x08000835   Thumb Code    86  __dczerorl2.o(.text)
    arm_fir_f32                              0x0800088d   Thumb Code  2122  arm_fir_f32.o(.text.arm_fir_f32)
    arm_fir_init_f32                         0x080010d7   Thumb Code    32  arm_fir_init_f32.o(.text.arm_fir_init_f32)
    BusFault_Handler                         0x080010f7   Thumb Code     2  stm32f1xx_it.o(i.BusFault_Handler)
    DMA1_Channel1_IRQHandler                 0x080010f9   Thumb Code     6  stm32f1xx_it.o(i.DMA1_Channel1_IRQHandler)
    DebugMon_Handler                         0x0800112f   Thumb Code     2  stm32f1xx_it.o(i.DebugMon_Handler)
    EXTI1_IRQHandler                         0x08001131   Thumb Code     6  stm32f1xx_it.o(i.EXTI1_IRQHandler)
    Error_Handler                            0x08001137   Thumb Code     4  main.o(i.Error_Handler)
    HAL_DMA_Abort_IT                         0x0800113d   Thumb Code   148  stm32f1xx_hal_dma.o(i.HAL_DMA_Abort_IT)
    HAL_DMA_IRQHandler                       0x080011d5   Thumb Code   316  stm32f1xx_hal_dma.o(i.HAL_DMA_IRQHandler)
    HAL_DMA_Init                             0x08001329   Thumb Code    84  stm32f1xx_hal_dma.o(i.HAL_DMA_Init)
    HAL_DMA_Start_IT                         0x08001385   Thumb Code   112  stm32f1xx_hal_dma.o(i.HAL_DMA_Start_IT)
    HAL_Delay                                0x080013f5   Thumb Code    32  stm32f1xx_hal.o(i.HAL_Delay)
    HAL_GPIO_EXTI_Callback                   0x08001419   Thumb Code    12  max30102.o(i.HAL_GPIO_EXTI_Callback)
    HAL_GPIO_EXTI_IRQHandler                 0x08001429   Thumb Code    18  stm32f1xx_hal_gpio.o(i.HAL_GPIO_EXTI_IRQHandler)
    HAL_GPIO_Init                            0x08001441   Thumb Code   446  stm32f1xx_hal_gpio.o(i.HAL_GPIO_Init)
    HAL_GPIO_WritePin                        0x08001621   Thumb Code    10  stm32f1xx_hal_gpio.o(i.HAL_GPIO_WritePin)
    HAL_GetTick                              0x0800162d   Thumb Code     6  stm32f1xx_hal.o(i.HAL_GetTick)
    HAL_I2C_Init                             0x08001639   Thumb Code   376  stm32f1xx_hal_i2c.o(i.HAL_I2C_Init)
    HAL_I2C_Master_Receive                   0x080017c1   Thumb Code   576  stm32f1xx_hal_i2c.o(i.HAL_I2C_Master_Receive)
    HAL_I2C_Master_Transmit                  0x08001a11   Thumb Code   290  stm32f1xx_hal_i2c.o(i.HAL_I2C_Master_Transmit)
    HAL_I2C_Mem_Write                        0x08001b3d   Thumb Code   294  stm32f1xx_hal_i2c.o(i.HAL_I2C_Mem_Write)
    HAL_I2C_MspInit                          0x08001c6d   Thumb Code   134  i2c.o(i.HAL_I2C_MspInit)
    HAL_IncTick                              0x08001d05   Thumb Code    12  stm32f1xx_hal.o(i.HAL_IncTick)
    HAL_Init                                 0x08001d15   Thumb Code    32  stm32f1xx_hal.o(i.HAL_Init)
    HAL_InitTick                             0x08001d39   Thumb Code    98  stm32f1xx_hal_timebase_tim.o(i.HAL_InitTick)
    HAL_MspInit                              0x08001dad   Thumb Code    62  stm32f1xx_hal_msp.o(i.HAL_MspInit)
    HAL_NVIC_EnableIRQ                       0x08001df5   Thumb Code    26  stm32f1xx_hal_cortex.o(i.HAL_NVIC_EnableIRQ)
    HAL_NVIC_SetPriority                     0x08001e11   Thumb Code    60  stm32f1xx_hal_cortex.o(i.HAL_NVIC_SetPriority)
    HAL_NVIC_SetPriorityGrouping             0x08001e51   Thumb Code    26  stm32f1xx_hal_cortex.o(i.HAL_NVIC_SetPriorityGrouping)
    HAL_RCC_ClockConfig                      0x08001e75   Thumb Code   280  stm32f1xx_hal_rcc.o(i.HAL_RCC_ClockConfig)
    HAL_RCC_GetClockConfig                   0x08001fa1   Thumb Code    54  stm32f1xx_hal_rcc.o(i.HAL_RCC_GetClockConfig)
    HAL_RCC_GetPCLK1Freq                     0x08001fe1   Thumb Code    20  stm32f1xx_hal_rcc.o(i.HAL_RCC_GetPCLK1Freq)
    HAL_RCC_GetPCLK2Freq                     0x08002001   Thumb Code    20  stm32f1xx_hal_rcc.o(i.HAL_RCC_GetPCLK2Freq)
    HAL_RCC_GetSysClockFreq                  0x08002021   Thumb Code    58  stm32f1xx_hal_rcc.o(i.HAL_RCC_GetSysClockFreq)
    HAL_RCC_OscConfig                        0x0800206d   Thumb Code   778  stm32f1xx_hal_rcc.o(i.HAL_RCC_OscConfig)
    HAL_TIMEx_BreakCallback                  0x0800238d   Thumb Code     2  stm32f1xx_hal_tim_ex.o(i.HAL_TIMEx_BreakCallback)
    HAL_TIMEx_CommutCallback                 0x0800238f   Thumb Code     2  stm32f1xx_hal_tim_ex.o(i.HAL_TIMEx_CommutCallback)
    HAL_TIMEx_MasterConfigSynchronization    0x08002391   Thumb Code    92  stm32f1xx_hal_tim_ex.o(i.HAL_TIMEx_MasterConfigSynchronization)
    HAL_TIM_Base_Init                        0x080023f9   Thumb Code    90  stm32f1xx_hal_tim.o(i.HAL_TIM_Base_Init)
    HAL_TIM_Base_MspInit                     0x08002455   Thumb Code   102  tim.o(i.HAL_TIM_Base_MspInit)
    HAL_TIM_Base_Start_IT                    0x080024cd   Thumb Code    76  stm32f1xx_hal_tim.o(i.HAL_TIM_Base_Start_IT)
    HAL_TIM_ConfigClockSource                0x08002525   Thumb Code   220  stm32f1xx_hal_tim.o(i.HAL_TIM_ConfigClockSource)
    HAL_TIM_ErrorCallback                    0x08002601   Thumb Code     2  stm32f1xx_hal_tim.o(i.HAL_TIM_ErrorCallback)
    HAL_TIM_IC_CaptureCallback               0x08002603   Thumb Code     2  stm32f1xx_hal_tim.o(i.HAL_TIM_IC_CaptureCallback)
    HAL_TIM_IRQHandler                       0x08002605   Thumb Code   358  stm32f1xx_hal_tim.o(i.HAL_TIM_IRQHandler)
    HAL_TIM_MspPostInit                      0x0800276d   Thumb Code    88  tim.o(i.HAL_TIM_MspPostInit)
    HAL_TIM_OC_DelayElapsedCallback          0x080027d1   Thumb Code     2  stm32f1xx_hal_tim.o(i.HAL_TIM_OC_DelayElapsedCallback)
    HAL_TIM_PWM_ConfigChannel                0x080027d3   Thumb Code   204  stm32f1xx_hal_tim.o(i.HAL_TIM_PWM_ConfigChannel)
    HAL_TIM_PWM_Init                         0x0800289f   Thumb Code    90  stm32f1xx_hal_tim.o(i.HAL_TIM_PWM_Init)
    HAL_TIM_PWM_MspInit                      0x080028f9   Thumb Code     2  stm32f1xx_hal_tim.o(i.HAL_TIM_PWM_MspInit)
    HAL_TIM_PWM_PulseFinishedCallback        0x080028fd   Thumb Code    20  ws2812.o(i.HAL_TIM_PWM_PulseFinishedCallback)
    HAL_TIM_PWM_PulseFinishedHalfCpltCallback 0x08002915   Thumb Code     2  stm32f1xx_hal_tim.o(i.HAL_TIM_PWM_PulseFinishedHalfCpltCallback)
    HAL_TIM_PWM_Start                        0x08002919   Thumb Code   144  stm32f1xx_hal_tim.o(i.HAL_TIM_PWM_Start)
    HAL_TIM_PWM_Start_DMA                    0x080029b5   Thumb Code   378  stm32f1xx_hal_tim.o(i.HAL_TIM_PWM_Start_DMA)
    HAL_TIM_PWM_Stop                         0x08002b49   Thumb Code   108  stm32f1xx_hal_tim.o(i.HAL_TIM_PWM_Stop)
    HAL_TIM_PWM_Stop_DMA                     0x08002bb9   Thumb Code   190  stm32f1xx_hal_tim.o(i.HAL_TIM_PWM_Stop_DMA)
    HAL_TIM_PeriodElapsedCallback            0x08002c7d   Thumb Code    14  main.o(i.HAL_TIM_PeriodElapsedCallback)
    HAL_TIM_TriggerCallback                  0x08002c91   Thumb Code     2  stm32f1xx_hal_tim.o(i.HAL_TIM_TriggerCallback)
    HAL_UART_Init                            0x08002c93   Thumb Code   100  stm32f1xx_hal_uart.o(i.HAL_UART_Init)
    HAL_UART_MspInit                         0x08002cf9   Thumb Code   100  usart.o(i.HAL_UART_MspInit)
    HAL_UART_Transmit                        0x08002d69   Thumb Code   154  stm32f1xx_hal_uart.o(i.HAL_UART_Transmit)
    HardFault_Handler                        0x08002e03   Thumb Code     2  stm32f1xx_it.o(i.HardFault_Handler)
    MAX30102_Get_DATA                        0x080032d1   Thumb Code   160  max30102.o(i.MAX30102_Get_DATA)
    MX_DMA_Init                              0x08003389   Thumb Code    40  dma.o(i.MX_DMA_Init)
    MX_FREERTOS_Init                         0x080033b5   Thumb Code    40  freertos.o(i.MX_FREERTOS_Init)
    MX_GPIO_Init                             0x080033f9   Thumb Code   134  gpio.o(i.MX_GPIO_Init)
    MX_I2C1_Init                             0x08003491   Thumb Code    50  i2c.o(i.MX_I2C1_Init)
    MX_I2C2_Init                             0x080034d1   Thumb Code    50  i2c.o(i.MX_I2C2_Init)
    MX_TIM2_Init                             0x08003511   Thumb Code   142  tim.o(i.MX_TIM2_Init)
    MX_TIM3_Init                             0x080035a5   Thumb Code   148  tim.o(i.MX_TIM3_Init)
    MX_USART1_UART_Init                      0x08003641   Thumb Code    48  usart.o(i.MX_USART1_UART_Init)
    MemManage_Handler                        0x08003679   Thumb Code     2  stm32f1xx_it.o(i.MemManage_Handler)
    NMI_Handler                              0x0800367b   Thumb Code     2  stm32f1xx_it.o(i.NMI_Handler)
    OLED_Clear                               0x0800367d   Thumb Code    58  oled.o(i.OLED_Clear)
    OLED_Init                                0x080036b7   Thumb Code   230  oled.o(i.OLED_Init)
    OLED_Set_Pos                             0x0800379d   Thumb Code    42  oled.o(i.OLED_Set_Pos)
    OLED_ShowCHinese24                       0x080037c9   Thumb Code   108  oled.o(i.OLED_ShowCHinese24)
    OLED_ShowNUM24                           0x08003839   Thumb Code   106  oled.o(i.OLED_ShowNUM24)
    OLED_WR_Byte                             0x080038a9   Thumb Code    12  oled.o(i.OLED_WR_Byte)
    RGB_SendArray                            0x080038b5   Thumb Code    14  ws2812.o(i.RGB_SendArray)
    RGB_SetColor                             0x080038cd   Thumb Code   128  ws2812.o(i.RGB_SetColor)
    Reset_Load                               0x08003951   Thumb Code    26  ws2812.o(i.Reset_Load)
    StartDefaultTask                         0x08003971   Thumb Code     8  freertos.o(i.StartDefaultTask)
    SysTick_Handler                          0x08003979   Thumb Code    38  port.o(i.SysTick_Handler)
    SystemClock_Config                       0x080039a5   Thumb Code    94  main.o(i.SystemClock_Config)
    SystemInit                               0x08003a03   Thumb Code     2  system_stm32f1xx.o(i.SystemInit)
    TIM1_UP_IRQHandler                       0x08003a05   Thumb Code     6  stm32f1xx_it.o(i.TIM1_UP_IRQHandler)
    TIM_Base_SetConfig                       0x08003a11   Thumb Code    94  stm32f1xx_hal_tim.o(i.TIM_Base_SetConfig)
    TIM_CCxChannelCmd                        0x08003a7d   Thumb Code    26  stm32f1xx_hal_tim.o(i.TIM_CCxChannelCmd)
    TIM_DMADelayPulseHalfCplt                0x08003af5   Thumb Code    56  stm32f1xx_hal_tim.o(i.TIM_DMADelayPulseHalfCplt)
    TIM_DMAError                             0x08003b2d   Thumb Code    84  stm32f1xx_hal_tim.o(i.TIM_DMAError)
    TIM_ETR_SetConfig                        0x08003b81   Thumb Code    20  stm32f1xx_hal_tim.o(i.TIM_ETR_SetConfig)
    TIM_OC2_SetConfig                        0x08003bf5   Thumb Code    84  stm32f1xx_hal_tim.o(i.TIM_OC2_SetConfig)
    UsageFault_Handler                       0x08003e61   Thumb Code     2  stm32f1xx_it.o(i.UsageFault_Handler)
    Write_IIC_Command                        0x08003ec1   Thumb Code    32  oled.o(i.Write_IIC_Command)
    Write_IIC_Data                           0x08003ee5   Thumb Code    32  oled.o(i.Write_IIC_Data)
    __0printf$1                              0x08003f09   Thumb Code    22  printf1.o(i.__0printf$1)
    __1printf$1                              0x08003f09   Thumb Code     0  printf1.o(i.__0printf$1)
    __2printf                                0x08003f09   Thumb Code     0  printf1.o(i.__0printf$1)
    __scatterload_copy                       0x08003f49   Thumb Code    14  handlers.o(i.__scatterload_copy)
    __scatterload_null                       0x08003f57   Thumb Code     2  handlers.o(i.__scatterload_null)
    __scatterload_zeroinit                   0x08003f59   Thumb Code    14  handlers.o(i.__scatterload_zeroinit)
    fputc                                    0x080040bd   Thumb Code    20  freertos.o(i.fputc)
    ir_max30102_fir                          0x080040d5   Thumb Code    14  max30102_fir.o(i.ir_max30102_fir)
    main                                     0x080040ed   Thumb Code    50  main.o(i.main)
    max30102_fifo_read                       0x0800411f   Thumb Code    78  max30102.o(i.max30102_fifo_read)
    max30102_fir_init                        0x0800416d   Thumb Code    44  max30102_fir.o(i.max30102_fir_init)
    max30102_getHeartRate                    0x080041a5   Thumb Code   156  max30102.o(i.max30102_getHeartRate)
    max30102_getSpO2                         0x08004241   Thumb Code   220  max30102.o(i.max30102_getSpO2)
    max30102_i2c_read                        0x08004335   Thumb Code    42  max30102.o(i.max30102_i2c_read)
    max30102_i2c_write                       0x08004365   Thumb Code    36  max30102.o(i.max30102_i2c_write)
    max30102_init                            0x08004395   Thumb Code   126  max30102.o(i.max30102_init)
    osDelay                                  0x08004415   Thumb Code    50  cmsis_os2.o(i.osDelay)
    osKernelInitialize                       0x0800444d   Thumb Code    50  cmsis_os2.o(i.osKernelInitialize)
    osKernelStart                            0x08004485   Thumb Code    58  cmsis_os2.o(i.osKernelStart)
    osThreadNew                              0x080044c5   Thumb Code   218  cmsis_os2.o(i.osThreadNew)
    pvPortMalloc                             0x08004d95   Thumb Code   218  heap_4.o(i.pvPortMalloc)
    pxPortInitialiseStack                    0x08004e79   Thumb Code    30  port.o(i.pxPortInitialiseStack)
    rainbowCycle                             0x08004e9d   Thumb Code    80  ws2812.o(i.rainbowCycle)
    red_max30102_fir                         0x08004ef1   Thumb Code    14  max30102_fir.o(i.red_max30102_fir)
    rgb_show                                 0x08004f09   Thumb Code    38  ws2812.o(i.rgb_show)
    start_task                               0x08004f31   Thumb Code   124  freertos.o(i.start_task)
    task1                                    0x08004fd9   Thumb Code   120  freertos.o(i.task1)
    task2                                    0x08005061   Thumb Code   180  freertos.o(i.task2)
    uxListRemove                             0x08005119   Thumb Code    38  list.o(i.uxListRemove)
    vApplicationGetIdleTaskMemory            0x08005141   Thumb Code    16  cmsis_os2.o(i.vApplicationGetIdleTaskMemory)
    vApplicationGetTimerTaskMemory           0x08005155   Thumb Code    18  cmsis_os2.o(i.vApplicationGetTimerTaskMemory)
    vListInitialise                          0x0800516d   Thumb Code    22  list.o(i.vListInitialise)
    vListInitialiseItem                      0x08005183   Thumb Code     6  list.o(i.vListInitialiseItem)
    vListInsert                              0x08005189   Thumb Code    54  list.o(i.vListInsert)
    vListInsertEnd                           0x080051bf   Thumb Code    24  list.o(i.vListInsertEnd)
    vPortEnterCritical                       0x080051d9   Thumb Code    54  port.o(i.vPortEnterCritical)
    vPortExitCritical                        0x08005219   Thumb Code    38  port.o(i.vPortExitCritical)
    vPortFree                                0x08005245   Thumb Code    88  heap_4.o(i.vPortFree)
    vPortSetupTimerInterrupt                 0x080052a1   Thumb Code    32  port.o(i.vPortSetupTimerInterrupt)
    vPortValidateInterruptPriority           0x080052c5   Thumb Code    74  port.o(i.vPortValidateInterruptPriority)
    vQueueAddToRegistry                      0x08005319   Thumb Code    34  queue.o(i.vQueueAddToRegistry)
    vQueueWaitForMessageRestricted           0x08005341   Thumb Code    74  queue.o(i.vQueueWaitForMessageRestricted)
    vTaskDelay                               0x0800538d   Thumb Code    70  tasks.o(i.vTaskDelay)
    vTaskDelete                              0x080053dd   Thumb Code   130  tasks.o(i.vTaskDelete)
    vTaskInternalSetTimeOutState             0x0800546d   Thumb Code    12  tasks.o(i.vTaskInternalSetTimeOutState)
    vTaskMissedYield                         0x0800547d   Thumb Code     8  tasks.o(i.vTaskMissedYield)
    vTaskPlaceOnEventList                    0x08005489   Thumb Code    48  tasks.o(i.vTaskPlaceOnEventList)
    vTaskPlaceOnEventListRestricted          0x080054bd   Thumb Code    54  tasks.o(i.vTaskPlaceOnEventListRestricted)
    vTaskStartScheduler                      0x080054f9   Thumb Code   128  tasks.o(i.vTaskStartScheduler)
    vTaskSuspendAll                          0x08005589   Thumb Code    10  tasks.o(i.vTaskSuspendAll)
    vTaskSwitchContext                       0x08005599   Thumb Code   100  tasks.o(i.vTaskSwitchContext)
    xPortStartScheduler                      0x08005605   Thumb Code   168  port.o(i.xPortStartScheduler)
    xQueueGenericCreateStatic                0x080056b9   Thumb Code   112  queue.o(i.xQueueGenericCreateStatic)
    xQueueGenericReset                       0x08005729   Thumb Code   138  queue.o(i.xQueueGenericReset)
    xQueueGenericSend                        0x080057b9   Thumb Code   362  queue.o(i.xQueueGenericSend)
    xQueueGenericSendFromISR                 0x08005929   Thumb Code   188  queue.o(i.xQueueGenericSendFromISR)
    xQueueReceive                            0x080059e5   Thumb Code   322  queue.o(i.xQueueReceive)
    xTaskCheckForTimeOut                     0x08005b2d   Thumb Code   122  tasks.o(i.xTaskCheckForTimeOut)
    xTaskCreate                              0x08005bad   Thumb Code   108  tasks.o(i.xTaskCreate)
    xTaskCreateStatic                        0x08005c19   Thumb Code    96  tasks.o(i.xTaskCreateStatic)
    xTaskGetSchedulerState                   0x08005c79   Thumb Code    24  tasks.o(i.xTaskGetSchedulerState)
    xTaskGetTickCount                        0x08005c95   Thumb Code     6  tasks.o(i.xTaskGetTickCount)
    xTaskIncrementTick                       0x08005ca1   Thumb Code   194  tasks.o(i.xTaskIncrementTick)
    xTaskPriorityDisinherit                  0x08005d6d   Thumb Code   118  tasks.o(i.xTaskPriorityDisinherit)
    xTaskRemoveFromEventList                 0x08005ded   Thumb Code   106  tasks.o(i.xTaskRemoveFromEventList)
    xTaskResumeAll                           0x08005e65   Thumb Code   190  tasks.o(i.xTaskResumeAll)
    xTimerCreateTimerTask                    0x08005f31   Thumb Code    86  timers.o(i.xTimerCreateTimerTask)
    xTimerGenericCommand                     0x08005f99   Thumb Code   112  timers.o(i.xTimerGenericCommand)
    firCoeffs32LP                            0x0800600c   Data         116  max30102_fir.o(.constdata)
    defaultTask_attributes                   0x08006080   Data          36  freertos.o(.constdata)
    AHBPrescTable                            0x080060b6   Data          16  system_stm32f1xx.o(.constdata)
    APBPrescTable                            0x080060c6   Data           8  system_stm32f1xx.o(.constdata)
    Region$$Table$$Base                      0x080060dc   Number         0  anon$$obj.o(Region$$Table)
    Region$$Table$$Limit                     0x080060fc   Number         0  anon$$obj.o(Region$$Table)
    blockSize                                0x20000000   Data           4  max30102_fir.o(.data)
    Hzk                                      0x20000004   Data         896  oled.o(.data)
    CHI_24_24                                0x20000384   Data         144  oled.o(.data)
    NUM_24_24                                0x20000414   Data         432  oled.o(.data)
    RED                                      0x200005c8   Data           3  ws2812.o(.data)
    ORANGE                                   0x200005cb   Data           3  ws2812.o(.data)
    YELLOW                                   0x200005ce   Data           3  ws2812.o(.data)
    GREEN                                    0x200005d1   Data           3  ws2812.o(.data)
    CYAN                                     0x200005d4   Data           3  ws2812.o(.data)
    BLUE                                     0x200005d7   Data           3  ws2812.o(.data)
    PURPLE                                   0x200005da   Data           3  ws2812.o(.data)
    BLACK                                    0x200005dd   Data           3  ws2812.o(.data)
    WHITE                                    0x200005e0   Data           3  ws2812.o(.data)
    max30102_int_flag                        0x200005ec   Data           1  freertos.o(.data)
    cache_counter                            0x200005ee   Data           2  freertos.o(.data)
    HeartRate                                0x200005f0   Data           2  freertos.o(.data)
    touch_30102                              0x200005f4   Data           4  freertos.o(.data)
    SpO2                                     0x200005f8   Data           4  freertos.o(.data)
    heart_cycle                              0x200005fc   Data           4  freertos.o(.data)
    start_task_handler                       0x20000600   Data           4  freertos.o(.data)
    task1_handler                            0x20000604   Data           4  freertos.o(.data)
    task2_handler                            0x20000608   Data           4  freertos.o(.data)
    defaultTaskHandle                        0x2000060c   Data           4  freertos.o(.data)
    max30102_data                            0x20000610   Data           8  freertos.o(.data)
    fir_output                               0x20000618   Data           8  freertos.o(.data)
    uwTickFreq                               0x20000620   Data           1  stm32f1xx_hal.o(.data)
    uwTickPrio                               0x20000624   Data           4  stm32f1xx_hal.o(.data)
    uwTick                                   0x20000628   Data           4  stm32f1xx_hal.o(.data)
    SystemCoreClock                          0x2000062c   Data           4  system_stm32f1xx.o(.data)
    pxCurrentTCB                             0x20000630   Data           4  tasks.o(.data)
    __stdout                                 0x200006a8   Data           4  stdout.o(.data)
    S_ir                                     0x200006ac   Data          12  max30102_fir.o(.bss)
    S_red                                    0x200006b8   Data          12  max30102_fir.o(.bss)
    Pixel_Buf                                0x200007ac   Data        1728  ws2812.o(.bss)
    ppg_data_cache_RED                       0x20000e6c   Data         600  freertos.o(.bss)
    ppg_data_cache_IR                        0x200010c4   Data         600  freertos.o(.bss)
    hi2c1                                    0x2000131c   Data          84  i2c.o(.bss)
    hi2c2                                    0x20001370   Data          84  i2c.o(.bss)
    htim2                                    0x200013c4   Data          72  tim.o(.bss)
    htim3                                    0x2000140c   Data          72  tim.o(.bss)
    hdma_tim2_ch3                            0x20001454   Data          68  tim.o(.bss)
    huart1                                   0x20001498   Data          72  usart.o(.bss)
    htim1                                    0x200014e0   Data          72  stm32f1xx_hal_timebase_tim.o(.bss)
    xQueueRegistry                           0x20001528   Data          64  queue.o(.bss)
    __initial_sp                             0x20003200   Data           0  startup_stm32f103xb.o(STACK)



==============================================================================

Memory Map of the image

  Image Entry point : 0x080000ed

  Load Region LR_IROM1 (Base: 0x08000000, Size: 0x000067a8, Max: 0x00010000, ABSOLUTE, COMPRESSED[0x000063b8])

    Execution Region ER_IROM1 (Exec base: 0x08000000, Load base: 0x08000000, Size: 0x000060fc, Max: 0x00010000, ABSOLUTE)

    Exec Addr    Load Addr    Size         Type   Attr      Idx    E Section Name        Object

    0x08000000   0x08000000   0x000000ec   Data   RO            3    RESET               startup_stm32f103xb.o
    0x080000ec   0x080000ec   0x00000000   Code   RO         5494  * .ARM.Collect$$$$00000000  mc_w.l(entry.o)
    0x080000ec   0x080000ec   0x00000004   Code   RO         5788    .ARM.Collect$$$$00000001  mc_w.l(entry2.o)
    0x080000f0   0x080000f0   0x00000004   Code   RO         5791    .ARM.Collect$$$$00000004  mc_w.l(entry5.o)
    0x080000f4   0x080000f4   0x00000000   Code   RO         5793    .ARM.Collect$$$$00000008  mc_w.l(entry7b.o)
    0x080000f4   0x080000f4   0x00000000   Code   RO         5795    .ARM.Collect$$$$0000000A  mc_w.l(entry8b.o)
    0x080000f4   0x080000f4   0x00000008   Code   RO         5796    .ARM.Collect$$$$0000000B  mc_w.l(entry9a.o)
    0x080000fc   0x080000fc   0x00000000   Code   RO         5798    .ARM.Collect$$$$0000000D  mc_w.l(entry10a.o)
    0x080000fc   0x080000fc   0x00000000   Code   RO         5800    .ARM.Collect$$$$0000000F  mc_w.l(entry11a.o)
    0x080000fc   0x080000fc   0x00000004   Code   RO         5789    .ARM.Collect$$$$00002712  mc_w.l(entry2.o)
    0x08000100   0x08000100   0x00000096   Code   RO         5397    .emb_text           port.o
    0x08000196   0x08000196   0x00000002   PAD
    0x08000198   0x08000198   0x00000024   Code   RO            4    .text               startup_stm32f103xb.o
    0x080001bc   0x080001bc   0x00000020   Code   RO         5497    .text               mc_w.l(llushr.o)
    0x080001dc   0x080001dc   0x00000024   Code   RO         5499    .text               mc_w.l(memcpya.o)
    0x08000200   0x08000200   0x00000024   Code   RO         5503    .text               mc_w.l(memseta.o)
    0x08000224   0x08000224   0x000000b0   Code   RO         5768    .text               mf_w.l(fadd.o)
    0x080002d4   0x080002d4   0x00000064   Code   RO         5770    .text               mf_w.l(fmul.o)
    0x08000338   0x08000338   0x0000007c   Code   RO         5772    .text               mf_w.l(fdiv.o)
    0x080003b4   0x080003b4   0x0000014e   Code   RO         5774    .text               mf_w.l(dadd.o)
    0x08000502   0x08000502   0x000000e4   Code   RO         5776    .text               mf_w.l(dmul.o)
    0x080005e6   0x080005e6   0x0000000a   Code   RO         5778    .text               mf_w.l(ffltui.o)
    0x080005f0   0x080005f0   0x00000026   Code   RO         5780    .text               mf_w.l(f2d.o)
    0x08000616   0x08000616   0x00000038   Code   RO         5782    .text               mf_w.l(d2f.o)
    0x0800064e   0x0800064e   0x00000002   PAD
    0x08000650   0x08000650   0x00000014   Code   RO         5784    .text               mf_w.l(cfcmple.o)
    0x08000664   0x08000664   0x00000014   Code   RO         5786    .text               mf_w.l(cfrcmple.o)
    0x08000678   0x08000678   0x0000002c   Code   RO         5803    .text               mc_w.l(uidiv.o)
    0x080006a4   0x080006a4   0x0000001e   Code   RO         5807    .text               mc_w.l(llshl.o)
    0x080006c2   0x080006c2   0x00000024   Code   RO         5809    .text               mc_w.l(llsshr.o)
    0x080006e6   0x080006e6   0x00000000   Code   RO         5811    .text               mc_w.l(iusefp.o)
    0x080006e6   0x080006e6   0x0000006e   Code   RO         5812    .text               mf_w.l(fepilogue.o)
    0x08000754   0x08000754   0x000000ba   Code   RO         5814    .text               mf_w.l(depilogue.o)
    0x0800080e   0x0800080e   0x00000002   PAD
    0x08000810   0x08000810   0x00000024   Code   RO         5822    .text               mc_w.l(init.o)
    0x08000834   0x08000834   0x00000056   Code   RO         5832    .text               mc_w.l(__dczerorl2.o)
    0x0800088a   0x0800088a   0x00000002   PAD
    0x0800088c   0x0800088c   0x0000084a   Code   RO         5475    .text.arm_fir_f32   arm_cortexM3l_math.lib(arm_fir_f32.o)
    0x080010d6   0x080010d6   0x00000020   Code   RO         5485    .text.arm_fir_init_f32  arm_cortexM3l_math.lib(arm_fir_init_f32.o)
    0x080010f6   0x080010f6   0x00000002   Code   RO          873    i.BusFault_Handler  stm32f1xx_it.o
    0x080010f8   0x080010f8   0x0000000c   Code   RO          874    i.DMA1_Channel1_IRQHandler  stm32f1xx_it.o
    0x08001104   0x08001104   0x0000002a   Code   RO         1428    i.DMA_SetConfig     stm32f1xx_hal_dma.o
    0x0800112e   0x0800112e   0x00000002   Code   RO          875    i.DebugMon_Handler  stm32f1xx_it.o
    0x08001130   0x08001130   0x00000006   Code   RO          876    i.EXTI1_IRQHandler  stm32f1xx_it.o
    0x08001136   0x08001136   0x00000004   Code   RO          537    i.Error_Handler     main.o
    0x0800113a   0x0800113a   0x00000002   PAD
    0x0800113c   0x0800113c   0x00000098   Code   RO         1430    i.HAL_DMA_Abort_IT  stm32f1xx_hal_dma.o
    0x080011d4   0x080011d4   0x00000154   Code   RO         1434    i.HAL_DMA_IRQHandler  stm32f1xx_hal_dma.o
    0x08001328   0x08001328   0x0000005c   Code   RO         1435    i.HAL_DMA_Init      stm32f1xx_hal_dma.o
    0x08001384   0x08001384   0x00000070   Code   RO         1439    i.HAL_DMA_Start_IT  stm32f1xx_hal_dma.o
    0x080013f4   0x080013f4   0x00000024   Code   RO         1055    i.HAL_Delay         stm32f1xx_hal.o
    0x08001418   0x08001418   0x00000010   Code   RO           13    i.HAL_GPIO_EXTI_Callback  max30102.o
    0x08001428   0x08001428   0x00000018   Code   RO         1364    i.HAL_GPIO_EXTI_IRQHandler  stm32f1xx_hal_gpio.o
    0x08001440   0x08001440   0x000001e0   Code   RO         1365    i.HAL_GPIO_Init     stm32f1xx_hal_gpio.o
    0x08001620   0x08001620   0x0000000a   Code   RO         1369    i.HAL_GPIO_WritePin  stm32f1xx_hal_gpio.o
    0x0800162a   0x0800162a   0x00000002   PAD
    0x0800162c   0x0800162c   0x0000000c   Code   RO         1059    i.HAL_GetTick       stm32f1xx_hal.o
    0x08001638   0x08001638   0x00000188   Code   RO         2036    i.HAL_I2C_Init      stm32f1xx_hal_i2c.o
    0x080017c0   0x080017c0   0x00000250   Code   RO         2042    i.HAL_I2C_Master_Receive  stm32f1xx_hal_i2c.o
    0x08001a10   0x08001a10   0x0000012c   Code   RO         2049    i.HAL_I2C_Master_Transmit  stm32f1xx_hal_i2c.o
    0x08001b3c   0x08001b3c   0x00000130   Code   RO         2057    i.HAL_I2C_Mem_Write  stm32f1xx_hal_i2c.o
    0x08001c6c   0x08001c6c   0x00000098   Code   RO          730    i.HAL_I2C_MspInit   i2c.o
    0x08001d04   0x08001d04   0x00000010   Code   RO         1065    i.HAL_IncTick       stm32f1xx_hal.o
    0x08001d14   0x08001d14   0x00000024   Code   RO         1066    i.HAL_Init          stm32f1xx_hal.o
    0x08001d38   0x08001d38   0x00000074   Code   RO          973    i.HAL_InitTick      stm32f1xx_hal_timebase_tim.o
    0x08001dac   0x08001dac   0x00000048   Code   RO          949    i.HAL_MspInit       stm32f1xx_hal_msp.o
    0x08001df4   0x08001df4   0x0000001a   Code   RO         1525    i.HAL_NVIC_EnableIRQ  stm32f1xx_hal_cortex.o
    0x08001e0e   0x08001e0e   0x00000002   PAD
    0x08001e10   0x08001e10   0x00000040   Code   RO         1531    i.HAL_NVIC_SetPriority  stm32f1xx_hal_cortex.o
    0x08001e50   0x08001e50   0x00000024   Code   RO         1532    i.HAL_NVIC_SetPriorityGrouping  stm32f1xx_hal_cortex.o
    0x08001e74   0x08001e74   0x0000012c   Code   RO         1223    i.HAL_RCC_ClockConfig  stm32f1xx_hal_rcc.o
    0x08001fa0   0x08001fa0   0x00000040   Code   RO         1227    i.HAL_RCC_GetClockConfig  stm32f1xx_hal_rcc.o
    0x08001fe0   0x08001fe0   0x00000020   Code   RO         1230    i.HAL_RCC_GetPCLK1Freq  stm32f1xx_hal_rcc.o
    0x08002000   0x08002000   0x00000020   Code   RO         1231    i.HAL_RCC_GetPCLK2Freq  stm32f1xx_hal_rcc.o
    0x08002020   0x08002020   0x0000004c   Code   RO         1232    i.HAL_RCC_GetSysClockFreq  stm32f1xx_hal_rcc.o
    0x0800206c   0x0800206c   0x00000320   Code   RO         1235    i.HAL_RCC_OscConfig  stm32f1xx_hal_rcc.o
    0x0800238c   0x0800238c   0x00000002   Code   RO         3168    i.HAL_TIMEx_BreakCallback  stm32f1xx_hal_tim_ex.o
    0x0800238e   0x0800238e   0x00000002   Code   RO         3169    i.HAL_TIMEx_CommutCallback  stm32f1xx_hal_tim_ex.o
    0x08002390   0x08002390   0x00000068   Code   RO         3187    i.HAL_TIMEx_MasterConfigSynchronization  stm32f1xx_hal_tim_ex.o
    0x080023f8   0x080023f8   0x0000005a   Code   RO         2464    i.HAL_TIM_Base_Init  stm32f1xx_hal_tim.o
    0x08002452   0x08002452   0x00000002   PAD
    0x08002454   0x08002454   0x00000078   Code   RO          778    i.HAL_TIM_Base_MspInit  tim.o
    0x080024cc   0x080024cc   0x00000058   Code   RO         2469    i.HAL_TIM_Base_Start_IT  stm32f1xx_hal_tim.o
    0x08002524   0x08002524   0x000000dc   Code   RO         2473    i.HAL_TIM_ConfigClockSource  stm32f1xx_hal_tim.o
    0x08002600   0x08002600   0x00000002   Code   RO         2494    i.HAL_TIM_ErrorCallback  stm32f1xx_hal_tim.o
    0x08002602   0x08002602   0x00000002   Code   RO         2498    i.HAL_TIM_IC_CaptureCallback  stm32f1xx_hal_tim.o
    0x08002604   0x08002604   0x00000166   Code   RO         2512    i.HAL_TIM_IRQHandler  stm32f1xx_hal_tim.o
    0x0800276a   0x0800276a   0x00000002   PAD
    0x0800276c   0x0800276c   0x00000064   Code   RO          779    i.HAL_TIM_MspPostInit  tim.o
    0x080027d0   0x080027d0   0x00000002   Code   RO         2515    i.HAL_TIM_OC_DelayElapsedCallback  stm32f1xx_hal_tim.o
    0x080027d2   0x080027d2   0x000000cc   Code   RO         2536    i.HAL_TIM_PWM_ConfigChannel  stm32f1xx_hal_tim.o
    0x0800289e   0x0800289e   0x0000005a   Code   RO         2539    i.HAL_TIM_PWM_Init  stm32f1xx_hal_tim.o
    0x080028f8   0x080028f8   0x00000002   Code   RO         2541    i.HAL_TIM_PWM_MspInit  stm32f1xx_hal_tim.o
    0x080028fa   0x080028fa   0x00000002   PAD
    0x080028fc   0x080028fc   0x00000018   Code   RO          433    i.HAL_TIM_PWM_PulseFinishedCallback  ws2812.o
    0x08002914   0x08002914   0x00000002   Code   RO         2543    i.HAL_TIM_PWM_PulseFinishedHalfCpltCallback  stm32f1xx_hal_tim.o
    0x08002916   0x08002916   0x00000002   PAD
    0x08002918   0x08002918   0x0000009c   Code   RO         2544    i.HAL_TIM_PWM_Start  stm32f1xx_hal_tim.o
    0x080029b4   0x080029b4   0x00000194   Code   RO         2545    i.HAL_TIM_PWM_Start_DMA  stm32f1xx_hal_tim.o
    0x08002b48   0x08002b48   0x00000070   Code   RO         2547    i.HAL_TIM_PWM_Stop  stm32f1xx_hal_tim.o
    0x08002bb8   0x08002bb8   0x000000c4   Code   RO         2548    i.HAL_TIM_PWM_Stop_DMA  stm32f1xx_hal_tim.o
    0x08002c7c   0x08002c7c   0x00000014   Code   RO          538    i.HAL_TIM_PeriodElapsedCallback  main.o
    0x08002c90   0x08002c90   0x00000002   Code   RO         2555    i.HAL_TIM_TriggerCallback  stm32f1xx_hal_tim.o
    0x08002c92   0x08002c92   0x00000064   Code   RO         3465    i.HAL_UART_Init     stm32f1xx_hal_uart.o
    0x08002cf6   0x08002cf6   0x00000002   PAD
    0x08002cf8   0x08002cf8   0x00000070   Code   RO          832    i.HAL_UART_MspInit  usart.o
    0x08002d68   0x08002d68   0x0000009a   Code   RO         3473    i.HAL_UART_Transmit  stm32f1xx_hal_uart.o
    0x08002e02   0x08002e02   0x00000002   Code   RO          877    i.HardFault_Handler  stm32f1xx_it.o
    0x08002e04   0x08002e04   0x0000002e   Code   RO         2079    i.I2C_IsAcknowledgeFailed  stm32f1xx_hal_i2c.o
    0x08002e32   0x08002e32   0x00000002   PAD
    0x08002e34   0x08002e34   0x000000ec   Code   RO         2082    i.I2C_MasterRequestRead  stm32f1xx_hal_i2c.o
    0x08002f20   0x08002f20   0x0000009c   Code   RO         2083    i.I2C_MasterRequestWrite  stm32f1xx_hal_i2c.o
    0x08002fbc   0x08002fbc   0x000000a8   Code   RO         2090    i.I2C_RequestMemoryWrite  stm32f1xx_hal_i2c.o
    0x08003064   0x08003064   0x00000056   Code   RO         2094    i.I2C_WaitOnBTFFlagUntilTimeout  stm32f1xx_hal_i2c.o
    0x080030ba   0x080030ba   0x00000002   PAD
    0x080030bc   0x080030bc   0x00000090   Code   RO         2095    i.I2C_WaitOnFlagUntilTimeout  stm32f1xx_hal_i2c.o
    0x0800314c   0x0800314c   0x000000bc   Code   RO         2096    i.I2C_WaitOnMasterAddressFlagUntilTimeout  stm32f1xx_hal_i2c.o
    0x08003208   0x08003208   0x00000070   Code   RO         2097    i.I2C_WaitOnRXNEFlagUntilTimeout  stm32f1xx_hal_i2c.o
    0x08003278   0x08003278   0x00000056   Code   RO         2098    i.I2C_WaitOnTXEFlagUntilTimeout  stm32f1xx_hal_i2c.o
    0x080032ce   0x080032ce   0x00000002   PAD
    0x080032d0   0x080032d0   0x000000b8   Code   RO           14    i.MAX30102_Get_DATA  max30102.o
    0x08003388   0x08003388   0x0000002c   Code   RO          705    i.MX_DMA_Init       dma.o
    0x080033b4   0x080033b4   0x00000044   Code   RO          623    i.MX_FREERTOS_Init  freertos.o
    0x080033f8   0x080033f8   0x00000098   Code   RO          599    i.MX_GPIO_Init      gpio.o
    0x08003490   0x08003490   0x00000040   Code   RO          731    i.MX_I2C1_Init      i2c.o
    0x080034d0   0x080034d0   0x00000040   Code   RO          732    i.MX_I2C2_Init      i2c.o
    0x08003510   0x08003510   0x00000094   Code   RO          780    i.MX_TIM2_Init      tim.o
    0x080035a4   0x080035a4   0x0000009c   Code   RO          781    i.MX_TIM3_Init      tim.o
    0x08003640   0x08003640   0x00000038   Code   RO          833    i.MX_USART1_UART_Init  usart.o
    0x08003678   0x08003678   0x00000002   Code   RO          878    i.MemManage_Handler  stm32f1xx_it.o
    0x0800367a   0x0800367a   0x00000002   Code   RO          879    i.NMI_Handler       stm32f1xx_it.o
    0x0800367c   0x0800367c   0x0000003a   Code   RO          273    i.OLED_Clear        oled.o
    0x080036b6   0x080036b6   0x000000e6   Code   RO          279    i.OLED_Init         oled.o
    0x0800379c   0x0800379c   0x0000002a   Code   RO          282    i.OLED_Set_Pos      oled.o
    0x080037c6   0x080037c6   0x00000002   PAD
    0x080037c8   0x080037c8   0x00000070   Code   RO          284    i.OLED_ShowCHinese24  oled.o
    0x08003838   0x08003838   0x00000070   Code   RO          286    i.OLED_ShowNUM24    oled.o
    0x080038a8   0x080038a8   0x0000000c   Code   RO          289    i.OLED_WR_Byte      oled.o
    0x080038b4   0x080038b4   0x00000018   Code   RO          437    i.RGB_SendArray     ws2812.o
    0x080038cc   0x080038cc   0x00000084   Code   RO          438    i.RGB_SetColor      ws2812.o
    0x08003950   0x08003950   0x00000020   Code   RO          440    i.Reset_Load        ws2812.o
    0x08003970   0x08003970   0x00000008   Code   RO          624    i.StartDefaultTask  freertos.o
    0x08003978   0x08003978   0x0000002c   Code   RO         5398    i.SysTick_Handler   port.o
    0x080039a4   0x080039a4   0x0000005e   Code   RO          539    i.SystemClock_Config  main.o
    0x08003a02   0x08003a02   0x00000002   Code   RO         3799    i.SystemInit        system_stm32f1xx.o
    0x08003a04   0x08003a04   0x0000000c   Code   RO          880    i.TIM1_UP_IRQHandler  stm32f1xx_it.o
    0x08003a10   0x08003a10   0x0000006c   Code   RO         2557    i.TIM_Base_SetConfig  stm32f1xx_hal_tim.o
    0x08003a7c   0x08003a7c   0x0000001a   Code   RO         2558    i.TIM_CCxChannelCmd  stm32f1xx_hal_tim.o
    0x08003a96   0x08003a96   0x0000005e   Code   RO         2561    i.TIM_DMADelayPulseCplt  stm32f1xx_hal_tim.o
    0x08003af4   0x08003af4   0x00000038   Code   RO         2562    i.TIM_DMADelayPulseHalfCplt  stm32f1xx_hal_tim.o
    0x08003b2c   0x08003b2c   0x00000054   Code   RO         2563    i.TIM_DMAError      stm32f1xx_hal_tim.o
    0x08003b80   0x08003b80   0x00000014   Code   RO         2568    i.TIM_ETR_SetConfig  stm32f1xx_hal_tim.o
    0x08003b94   0x08003b94   0x00000010   Code   RO         2569    i.TIM_ITRx_SetConfig  stm32f1xx_hal_tim.o
    0x08003ba4   0x08003ba4   0x00000050   Code   RO         2570    i.TIM_OC1_SetConfig  stm32f1xx_hal_tim.o
    0x08003bf4   0x08003bf4   0x00000058   Code   RO         2571    i.TIM_OC2_SetConfig  stm32f1xx_hal_tim.o
    0x08003c4c   0x08003c4c   0x00000058   Code   RO         2572    i.TIM_OC3_SetConfig  stm32f1xx_hal_tim.o
    0x08003ca4   0x08003ca4   0x00000044   Code   RO         2573    i.TIM_OC4_SetConfig  stm32f1xx_hal_tim.o
    0x08003ce8   0x08003ce8   0x00000022   Code   RO         2575    i.TIM_TI1_ConfigInputStage  stm32f1xx_hal_tim.o
    0x08003d0a   0x08003d0a   0x00000024   Code   RO         2577    i.TIM_TI2_ConfigInputStage  stm32f1xx_hal_tim.o
    0x08003d2e   0x08003d2e   0x00000002   PAD
    0x08003d30   0x08003d30   0x000000b8   Code   RO         3491    i.UART_SetConfig    stm32f1xx_hal_uart.o
    0x08003de8   0x08003de8   0x00000078   Code   RO         3494    i.UART_WaitOnFlagUntilTimeout  stm32f1xx_hal_uart.o
    0x08003e60   0x08003e60   0x00000002   Code   RO          881    i.UsageFault_Handler  stm32f1xx_it.o
    0x08003e62   0x08003e62   0x0000005e   Code   RO          441    i.Wheel             ws2812.o
    0x08003ec0   0x08003ec0   0x00000024   Code   RO          290    i.Write_IIC_Command  oled.o
    0x08003ee4   0x08003ee4   0x00000024   Code   RO          291    i.Write_IIC_Data    oled.o
    0x08003f08   0x08003f08   0x00000020   Code   RO         5552    i.__0printf$1       mc_w.l(printf1.o)
    0x08003f28   0x08003f28   0x00000020   Code   RO         1538    i.__NVIC_SetPriority  stm32f1xx_hal_cortex.o
    0x08003f48   0x08003f48   0x0000000e   Code   RO         5826    i.__scatterload_copy  mc_w.l(handlers.o)
    0x08003f56   0x08003f56   0x00000002   Code   RO         5827    i.__scatterload_null  mc_w.l(handlers.o)
    0x08003f58   0x08003f58   0x0000000e   Code   RO         5828    i.__scatterload_zeroinit  mc_w.l(handlers.o)
    0x08003f66   0x08003f66   0x00000002   PAD
    0x08003f68   0x08003f68   0x00000154   Code   RO         5559    i._printf_core      mc_w.l(printf1.o)
    0x080040bc   0x080040bc   0x00000018   Code   RO          625    i.fputc             freertos.o
    0x080040d4   0x080040d4   0x00000018   Code   RO          228    i.ir_max30102_fir   max30102_fir.o
    0x080040ec   0x080040ec   0x00000032   Code   RO          540    i.main              main.o
    0x0800411e   0x0800411e   0x0000004e   Code   RO           15    i.max30102_fifo_read  max30102.o
    0x0800416c   0x0800416c   0x00000038   Code   RO          229    i.max30102_fir_init  max30102_fir.o
    0x080041a4   0x080041a4   0x0000009c   Code   RO           16    i.max30102_getHeartRate  max30102.o
    0x08004240   0x08004240   0x000000f4   Code   RO           17    i.max30102_getSpO2  max30102.o
    0x08004334   0x08004334   0x00000030   Code   RO           18    i.max30102_i2c_read  max30102.o
    0x08004364   0x08004364   0x00000030   Code   RO           19    i.max30102_i2c_write  max30102.o
    0x08004394   0x08004394   0x0000007e   Code   RO           20    i.max30102_init     max30102.o
    0x08004412   0x08004412   0x00000002   PAD
    0x08004414   0x08004414   0x00000038   Code   RO         4927    i.osDelay           cmsis_os2.o
    0x0800444c   0x0800444c   0x00000038   Code   RO         4941    i.osKernelInitialize  cmsis_os2.o
    0x08004484   0x08004484   0x00000040   Code   RO         4944    i.osKernelStart     cmsis_os2.o
    0x080044c4   0x080044c4   0x000000e0   Code   RO         4978    i.osThreadNew       cmsis_os2.o
    0x080045a4   0x080045a4   0x00000060   Code   RO         4402    i.prvAddCurrentTaskToDelayedList  tasks.o
    0x08004604   0x08004604   0x00000088   Code   RO         4403    i.prvAddNewTaskToReadyList  tasks.o
    0x0800468c   0x0800468c   0x0000005c   Code   RO         4763    i.prvCheckForValidListAndQueue  timers.o
    0x080046e8   0x080046e8   0x00000040   Code   RO         4404    i.prvCheckTasksWaitingTermination  tasks.o
    0x08004728   0x08004728   0x00000024   Code   RO         3998    i.prvCopyDataFromQueue  queue.o
    0x0800474c   0x0800474c   0x0000006e   Code   RO         3999    i.prvCopyDataToQueue  queue.o
    0x080047ba   0x080047ba   0x00000040   Code   RO         4405    i.prvDeleteTCB      tasks.o
    0x080047fa   0x080047fa   0x00000002   PAD
    0x080047fc   0x080047fc   0x00000024   Code   RO         4764    i.prvGetNextExpireTime  timers.o
    0x08004820   0x08004820   0x00000050   Code   RO         5348    i.prvHeapInit       heap_4.o
    0x08004870   0x08004870   0x00000028   Code   RO         4406    i.prvIdleTask       tasks.o
    0x08004898   0x08004898   0x00000022   Code   RO         4002    i.prvInitialiseNewQueue  queue.o
    0x080048ba   0x080048ba   0x0000008c   Code   RO         4407    i.prvInitialiseNewTask  tasks.o
    0x08004946   0x08004946   0x00000002   PAD
    0x08004948   0x08004948   0x00000060   Code   RO         4408    i.prvInitialiseTaskLists  tasks.o
    0x080049a8   0x080049a8   0x0000005c   Code   RO         5349    i.prvInsertBlockIntoFreeList  heap_4.o
    0x08004a04   0x08004a04   0x00000048   Code   RO         4766    i.prvInsertTimerInActiveList  timers.o
    0x08004a4c   0x08004a4c   0x0000001a   Code   RO         4003    i.prvIsQueueEmpty   queue.o
    0x08004a66   0x08004a66   0x0000001e   Code   RO         4004    i.prvIsQueueFull    queue.o
    0x08004a84   0x08004a84   0x0000005c   Code   RO         4767    i.prvProcessExpiredTimer  timers.o
    0x08004ae0   0x08004ae0   0x000000d8   Code   RO         4768    i.prvProcessReceivedCommands  timers.o
    0x08004bb8   0x08004bb8   0x0000006c   Code   RO         4769    i.prvProcessTimerOrBlockTask  timers.o
    0x08004c24   0x08004c24   0x00000024   Code   RO         4410    i.prvResetNextTaskUnblockTime  tasks.o
    0x08004c48   0x08004c48   0x0000002c   Code   RO         4770    i.prvSampleTimeNow  timers.o
    0x08004c74   0x08004c74   0x00000074   Code   RO         4771    i.prvSwitchTimerLists  timers.o
    0x08004ce8   0x08004ce8   0x00000030   Code   RO         5399    i.prvTaskExitError  port.o
    0x08004d18   0x08004d18   0x00000014   Code   RO         4772    i.prvTimerTask      timers.o
    0x08004d2c   0x08004d2c   0x00000068   Code   RO         4005    i.prvUnlockQueue    queue.o
    0x08004d94   0x08004d94   0x000000e4   Code   RO         5350    i.pvPortMalloc      heap_4.o
    0x08004e78   0x08004e78   0x00000024   Code   RO         5400    i.pxPortInitialiseStack  port.o
    0x08004e9c   0x08004e9c   0x00000054   Code   RO          444    i.rainbowCycle      ws2812.o
    0x08004ef0   0x08004ef0   0x00000018   Code   RO          230    i.red_max30102_fir  max30102_fir.o
    0x08004f08   0x08004f08   0x00000026   Code   RO          445    i.rgb_show          ws2812.o
    0x08004f2e   0x08004f2e   0x00000002   PAD
    0x08004f30   0x08004f30   0x000000a8   Code   RO          626    i.start_task        freertos.o
    0x08004fd8   0x08004fd8   0x00000088   Code   RO          627    i.task1             freertos.o
    0x08005060   0x08005060   0x000000b8   Code   RO          628    i.task2             freertos.o
    0x08005118   0x08005118   0x00000026   Code   RO         3958    i.uxListRemove      list.o
    0x0800513e   0x0800513e   0x00000002   PAD
    0x08005140   0x08005140   0x00000014   Code   RO         4990    i.vApplicationGetIdleTaskMemory  cmsis_os2.o
    0x08005154   0x08005154   0x00000018   Code   RO         4991    i.vApplicationGetTimerTaskMemory  cmsis_os2.o
    0x0800516c   0x0800516c   0x00000016   Code   RO         3959    i.vListInitialise   list.o
    0x08005182   0x08005182   0x00000006   Code   RO         3960    i.vListInitialiseItem  list.o
    0x08005188   0x08005188   0x00000036   Code   RO         3961    i.vListInsert       list.o
    0x080051be   0x080051be   0x00000018   Code   RO         3962    i.vListInsertEnd    list.o
    0x080051d6   0x080051d6   0x00000002   PAD
    0x080051d8   0x080051d8   0x00000040   Code   RO         5402    i.vPortEnterCritical  port.o
    0x08005218   0x08005218   0x0000002c   Code   RO         5403    i.vPortExitCritical  port.o
    0x08005244   0x08005244   0x0000005c   Code   RO         5351    i.vPortFree         heap_4.o
    0x080052a0   0x080052a0   0x00000024   Code   RO         5404    i.vPortSetupTimerInterrupt  port.o
    0x080052c4   0x080052c4   0x00000054   Code   RO         5405    i.vPortValidateInterruptPriority  port.o
    0x08005318   0x08005318   0x00000028   Code   RO         4011    i.vQueueAddToRegistry  queue.o
    0x08005340   0x08005340   0x0000004a   Code   RO         4015    i.vQueueWaitForMessageRestricted  queue.o
    0x0800538a   0x0800538a   0x00000002   PAD
    0x0800538c   0x0800538c   0x00000050   Code   RO         4422    i.vTaskDelay        tasks.o
    0x080053dc   0x080053dc   0x00000090   Code   RO         4424    i.vTaskDelete       tasks.o
    0x0800546c   0x0800546c   0x00000010   Code   RO         4427    i.vTaskInternalSetTimeOutState  tasks.o
    0x0800547c   0x0800547c   0x0000000c   Code   RO         4428    i.vTaskMissedYield  tasks.o
    0x08005488   0x08005488   0x00000034   Code   RO         4430    i.vTaskPlaceOnEventList  tasks.o
    0x080054bc   0x080054bc   0x0000003c   Code   RO         4431    i.vTaskPlaceOnEventListRestricted  tasks.o
    0x080054f8   0x080054f8   0x00000090   Code   RO         4439    i.vTaskStartScheduler  tasks.o
    0x08005588   0x08005588   0x00000010   Code   RO         4441    i.vTaskSuspendAll   tasks.o
    0x08005598   0x08005598   0x0000006c   Code   RO         4442    i.vTaskSwitchContext  tasks.o
    0x08005604   0x08005604   0x000000b4   Code   RO         5406    i.xPortStartScheduler  port.o
    0x080056b8   0x080056b8   0x00000070   Code   RO         4021    i.xQueueGenericCreateStatic  queue.o
    0x08005728   0x08005728   0x00000090   Code   RO         4022    i.xQueueGenericReset  queue.o
    0x080057b8   0x080057b8   0x00000170   Code   RO         4023    i.xQueueGenericSend  queue.o
    0x08005928   0x08005928   0x000000bc   Code   RO         4024    i.xQueueGenericSendFromISR  queue.o
    0x080059e4   0x080059e4   0x00000148   Code   RO         4033    i.xQueueReceive     queue.o
    0x08005b2c   0x08005b2c   0x00000080   Code   RO         4443    i.xTaskCheckForTimeOut  tasks.o
    0x08005bac   0x08005bac   0x0000006c   Code   RO         4444    i.xTaskCreate       tasks.o
    0x08005c18   0x08005c18   0x00000060   Code   RO         4445    i.xTaskCreateStatic  tasks.o
    0x08005c78   0x08005c78   0x0000001c   Code   RO         4449    i.xTaskGetSchedulerState  tasks.o
    0x08005c94   0x08005c94   0x0000000c   Code   RO         4450    i.xTaskGetTickCount  tasks.o
    0x08005ca0   0x08005ca0   0x000000cc   Code   RO         4452    i.xTaskIncrementTick  tasks.o
    0x08005d6c   0x08005d6c   0x00000080   Code   RO         4455    i.xTaskPriorityDisinherit  tasks.o
    0x08005dec   0x08005dec   0x00000078   Code   RO         4457    i.xTaskRemoveFromEventList  tasks.o
    0x08005e64   0x08005e64   0x000000cc   Code   RO         4458    i.xTaskResumeAll    tasks.o
    0x08005f30   0x08005f30   0x00000068   Code   RO         4779    i.xTimerCreateTimerTask  timers.o
    0x08005f98   0x08005f98   0x00000074   Code   RO         4780    i.xTimerGenericCommand  timers.o
    0x0800600c   0x0800600c   0x00000074   Data   RO          232    .constdata          max30102_fir.o
    0x08006080   0x08006080   0x00000024   Data   RO          631    .constdata          freertos.o
    0x080060a4   0x080060a4   0x00000012   Data   RO         1236    .constdata          stm32f1xx_hal_rcc.o
    0x080060b6   0x080060b6   0x00000010   Data   RO         3800    .constdata          system_stm32f1xx.o
    0x080060c6   0x080060c6   0x00000008   Data   RO         3801    .constdata          system_stm32f1xx.o
    0x080060ce   0x080060ce   0x00000002   PAD
    0x080060d0   0x080060d0   0x0000000c   Data   RO          632    .conststring        freertos.o
    0x080060dc   0x080060dc   0x00000020   Data   RO         5824    Region$$Table       anon$$obj.o


    Execution Region RW_IRAM1 (Exec base: 0x20000000, Load base: 0x080060fc, Size: 0x00003200, Max: 0x00005000, ABSOLUTE, COMPRESSED[0x000002bc])

    Exec Addr    Load Addr    Size         Type   Attr      Idx    E Section Name        Object

    0x20000000   COMPRESSED   0x00000004   Data   RW          233    .data               max30102_fir.o
    0x20000004   COMPRESSED   0x000005c0   Data   RW          298    .data               oled.o
    0x200005c4   COMPRESSED   0x00000028   Data   RW          447    .data               ws2812.o
    0x200005ec   COMPRESSED   0x00000001   Data   RW          633    .data               freertos.o
    0x200005ed   COMPRESSED   0x00000001   PAD
    0x200005ee   COMPRESSED   0x00000002   Data   RW          634    .data               freertos.o
    0x200005f0   COMPRESSED   0x00000030   Data   RW          635    .data               freertos.o
    0x20000620   COMPRESSED   0x0000000c   Data   RW         1073    .data               stm32f1xx_hal.o
    0x2000062c   COMPRESSED   0x00000004   Data   RW         3802    .data               system_stm32f1xx.o
    0x20000630   COMPRESSED   0x0000003c   Data   RW         4461    .data               tasks.o
    0x2000066c   COMPRESSED   0x00000014   Data   RW         4788    .data               timers.o
    0x20000680   COMPRESSED   0x00000004   Data   RW         4993    .data               cmsis_os2.o
    0x20000684   COMPRESSED   0x00000018   Data   RW         5356    .data               heap_4.o
    0x2000069c   COMPRESSED   0x0000000c   Data   RW         5407    .data               port.o
    0x200006a8   COMPRESSED   0x00000004   Data   RW         5802    .data               mc_w.l(stdout.o)
    0x200006ac        -       0x00000100   Zero   RW          231    .bss                max30102_fir.o
    0x200007ac        -       0x000006c0   Zero   RW          446    .bss                ws2812.o
    0x20000e6c        -       0x00000258   Zero   RW          629    .bss                freertos.o
    0x200010c4        -       0x00000258   Zero   RW          630    .bss                freertos.o
    0x2000131c        -       0x000000a8   Zero   RW          733    .bss                i2c.o
    0x200013c4        -       0x000000d4   Zero   RW          782    .bss                tim.o
    0x20001498        -       0x00000048   Zero   RW          834    .bss                usart.o
    0x200014e0        -       0x00000048   Zero   RW          976    .bss                stm32f1xx_hal_timebase_tim.o
    0x20001528        -       0x00000040   Zero   RW         4037    .bss                queue.o
    0x20001568        -       0x000004c4   Zero   RW         4460    .bss                tasks.o
    0x20001a2c        -       0x00000118   Zero   RW         4787    .bss                timers.o
    0x20001b44        -       0x000006b8   Zero   RW         4992    .bss                cmsis_os2.o
    0x200021fc        -       0x00000c00   Zero   RW         5355    .bss                heap_4.o
    0x20002dfc   COMPRESSED   0x00000004   PAD
    0x20002e00        -       0x00000400   Zero   RW            1    STACK               startup_stm32f103xb.o


==============================================================================

Image component sizes


      Code (inc. data)   RO Data    RW Data    ZI Data      Debug   Object Name

       444         34          0          4       1720      14330   cmsis_os2.o
        44          4          0          0          0        738   dma.o
         0          0          0          0          0      18652   event_groups.o
       588         96         48         51       1200       4574   freertos.o
       152         18          0          0          0        911   gpio.o
       492         32          0         24       3072       4771   heap_4.o
       280         46          0          0        168       2234   i2c.o
       144          0          0          0          0       3382   list.o
       168          6          0          0          0       6104   main.o
       900         70          0          0          0     465981   max30102.o
       104         32        116          4        256       2624   max30102_fir.o
       638         18          0       1472          0       7234   oled.o
       686         72          0         12          0      10733   port.o
      1594         24          0          0         64      17028   queue.o
        36          8        236          0       1024        792   startup_stm32f103xb.o
       100         18          0         12          0       5178   stm32f1xx_hal.o
       158         14          0          0          0      28138   stm32f1xx_hal_cortex.o
       738         36          0          0          0       4262   stm32f1xx_hal_dma.o
       514         40          0          0          0       3443   stm32f1xx_hal_gpio.o
      2810         70          0          0          0      14698   stm32f1xx_hal_i2c.o
        72         10          0          0          0        850   stm32f1xx_hal_msp.o
      1304         94         18          0          0       5681   stm32f1xx_hal_rcc.o
      2728         94          0          0          0      21119   stm32f1xx_hal_tim.o
       108         12          0          0          0       2369   stm32f1xx_hal_tim_ex.o
       116         18          0          0         72       1391   stm32f1xx_hal_timebase_tim.o
       558          6          0          0          0       3932   stm32f1xx_hal_uart.o
        42         12          0          0          0       3828   stm32f1xx_it.o
         0          0          0          0          0       8492   stream_buffer.o
         2          0         24          4          0       1091   system_stm32f1xx.o
      2332        210          0         60       1220      24744   tasks.o
       524         44          0          0        212       3163   tim.o
      1016         96          0         20        280      26763   timers.o
       168         20          0          0         72       1646   usart.o
       428         28          0         40       1728       5163   ws2812.o

    ----------------------------------------------------------------------
     20030       1282        476       1704      11092     726039   Object Totals
         0          0         32          0          0          0   (incl. Generated)
        42          0          2          1          4          0   (incl. Padding)

    ----------------------------------------------------------------------

      Code (inc. data)   RO Data    RW Data    ZI Data      Debug   Library Member Name

      2122          0          0          0          0       4771   arm_fir_f32.o
        32          0          0          0          0       1062   arm_fir_init_f32.o
        86          0          0          0          0          0   __dczerorl2.o
         0          0          0          0          0          0   entry.o
         0          0          0          0          0          0   entry10a.o
         0          0          0          0          0          0   entry11a.o
         8          4          0          0          0          0   entry2.o
         4          0          0          0          0          0   entry5.o
         0          0          0          0          0          0   entry7b.o
         0          0          0          0          0          0   entry8b.o
         8          4          0          0          0          0   entry9a.o
        30          0          0          0          0          0   handlers.o
        36          8          0          0          0         68   init.o
         0          0          0          0          0          0   iusefp.o
        30          0          0          0          0         68   llshl.o
        36          0          0          0          0         68   llsshr.o
        32          0          0          0          0         68   llushr.o
        36          0          0          0          0         68   memcpya.o
        36          0          0          0          0        108   memseta.o
       372         14          0          0          0        184   printf1.o
         0          0          0          4          0          0   stdout.o
        44          0          0          0          0         80   uidiv.o
        20          0          0          0          0         68   cfcmple.o
        20          0          0          0          0         68   cfrcmple.o
        56          0          0          0          0         88   d2f.o
       334          0          0          0          0        148   dadd.o
       186          0          0          0          0        176   depilogue.o
       228          0          0          0          0         96   dmul.o
        38          0          0          0          0         68   f2d.o
       176          0          0          0          0        140   fadd.o
       124          0          0          0          0         88   fdiv.o
       110          0          0          0          0        168   fepilogue.o
        10          0          0          0          0         68   ffltui.o
       100          0          0          0          0         76   fmul.o

    ----------------------------------------------------------------------
      4322         30          0          4          0       7797   Library Totals
         8          0          0          0          0          0   (incl. Padding)

    ----------------------------------------------------------------------

      Code (inc. data)   RO Data    RW Data    ZI Data      Debug   Library Name

      2154          0          0          0          0       5833   arm_cortexM3l_math.lib
       758         30          0          4          0        712   mc_w.l
      1402          0          0          0          0       1252   mf_w.l

    ----------------------------------------------------------------------
      4322         30          0          4          0       7797   Library Totals

    ----------------------------------------------------------------------

==============================================================================


      Code (inc. data)   RO Data    RW Data    ZI Data      Debug   

     24352       1312        476       1708      11092     722716   Grand Totals
     24352       1312        476        700      11092     722716   ELF Image Totals (compressed)
     24352       1312        476        700          0          0   ROM Totals

==============================================================================

    Total RO  Size (Code + RO Data)                24828 (  24.25kB)
    Total RW  Size (RW Data + ZI Data)             12800 (  12.50kB)
    Total ROM Size (Code + RO Data + RW Data)      25528 (  24.93kB)

==============================================================================

